Archive member included to satisfy reference by file (symbol)

c:/st/stm32cubeide_1.4.0/stm32cubeide/plugins/com.st.stm32cube.ide.mcu.externaltools.gnu-tools-for-stm32.7-2018-q2-update.win32_1.4.0.202007081208/tools/bin/../lib/gcc/arm-none-eabi/7.3.1/../../../../arm-none-eabi/lib/thumb/v7e-m/fpv4-sp/hard\libc_nano.a(lib_a-errno.o)
                              Core/Src/syscalls.o (__errno)
c:/st/stm32cubeide_1.4.0/stm32cubeide/plugins/com.st.stm32cube.ide.mcu.externaltools.gnu-tools-for-stm32.7-2018-q2-update.win32_1.4.0.202007081208/tools/bin/../lib/gcc/arm-none-eabi/7.3.1/../../../../arm-none-eabi/lib/thumb/v7e-m/fpv4-sp/hard\libc_nano.a(lib_a-exit.o)
                              c:/st/stm32cubeide_1.4.0/stm32cubeide/plugins/com.st.stm32cube.ide.mcu.externaltools.gnu-tools-for-stm32.7-2018-q2-update.win32_1.4.0.202007081208/tools/bin/../lib/gcc/arm-none-eabi/7.3.1/../../../../arm-none-eabi/lib/thumb/v7e-m/fpv4-sp/hard/crt0.o (exit)
c:/st/stm32cubeide_1.4.0/stm32cubeide/plugins/com.st.stm32cube.ide.mcu.externaltools.gnu-tools-for-stm32.7-2018-q2-update.win32_1.4.0.202007081208/tools/bin/../lib/gcc/arm-none-eabi/7.3.1/../../../../arm-none-eabi/lib/thumb/v7e-m/fpv4-sp/hard\libc_nano.a(lib_a-impure.o)
                              c:/st/stm32cubeide_1.4.0/stm32cubeide/plugins/com.st.stm32cube.ide.mcu.externaltools.gnu-tools-for-stm32.7-2018-q2-update.win32_1.4.0.202007081208/tools/bin/../lib/gcc/arm-none-eabi/7.3.1/../../../../arm-none-eabi/lib/thumb/v7e-m/fpv4-sp/hard\libc_nano.a(lib_a-exit.o) (_global_impure_ptr)
c:/st/stm32cubeide_1.4.0/stm32cubeide/plugins/com.st.stm32cube.ide.mcu.externaltools.gnu-tools-for-stm32.7-2018-q2-update.win32_1.4.0.202007081208/tools/bin/../lib/gcc/arm-none-eabi/7.3.1/../../../../arm-none-eabi/lib/thumb/v7e-m/fpv4-sp/hard\libc_nano.a(lib_a-init.o)
                              c:/st/stm32cubeide_1.4.0/stm32cubeide/plugins/com.st.stm32cube.ide.mcu.externaltools.gnu-tools-for-stm32.7-2018-q2-update.win32_1.4.0.202007081208/tools/bin/../lib/gcc/arm-none-eabi/7.3.1/../../../../arm-none-eabi/lib/thumb/v7e-m/fpv4-sp/hard/crt0.o (__libc_init_array)
c:/st/stm32cubeide_1.4.0/stm32cubeide/plugins/com.st.stm32cube.ide.mcu.externaltools.gnu-tools-for-stm32.7-2018-q2-update.win32_1.4.0.202007081208/tools/bin/../lib/gcc/arm-none-eabi/7.3.1/../../../../arm-none-eabi/lib/thumb/v7e-m/fpv4-sp/hard\libc_nano.a(lib_a-malloc.o)
                              Middlewares/ST/STM32_USB_Device_Library/Class/CDC/Src/usbd_cdc.o (malloc)
c:/st/stm32cubeide_1.4.0/stm32cubeide/plugins/com.st.stm32cube.ide.mcu.externaltools.gnu-tools-for-stm32.7-2018-q2-update.win32_1.4.0.202007081208/tools/bin/../lib/gcc/arm-none-eabi/7.3.1/../../../../arm-none-eabi/lib/thumb/v7e-m/fpv4-sp/hard\libc_nano.a(lib_a-memcpy-stub.o)
                              Core/Src/main.o (memcpy)
c:/st/stm32cubeide_1.4.0/stm32cubeide/plugins/com.st.stm32cube.ide.mcu.externaltools.gnu-tools-for-stm32.7-2018-q2-update.win32_1.4.0.202007081208/tools/bin/../lib/gcc/arm-none-eabi/7.3.1/../../../../arm-none-eabi/lib/thumb/v7e-m/fpv4-sp/hard\libc_nano.a(lib_a-memset.o)
                              c:/st/stm32cubeide_1.4.0/stm32cubeide/plugins/com.st.stm32cube.ide.mcu.externaltools.gnu-tools-for-stm32.7-2018-q2-update.win32_1.4.0.202007081208/tools/bin/../lib/gcc/arm-none-eabi/7.3.1/../../../../arm-none-eabi/lib/thumb/v7e-m/fpv4-sp/hard/crt0.o (memset)
c:/st/stm32cubeide_1.4.0/stm32cubeide/plugins/com.st.stm32cube.ide.mcu.externaltools.gnu-tools-for-stm32.7-2018-q2-update.win32_1.4.0.202007081208/tools/bin/../lib/gcc/arm-none-eabi/7.3.1/../../../../arm-none-eabi/lib/thumb/v7e-m/fpv4-sp/hard\libc_nano.a(lib_a-nano-freer.o)
                              c:/st/stm32cubeide_1.4.0/stm32cubeide/plugins/com.st.stm32cube.ide.mcu.externaltools.gnu-tools-for-stm32.7-2018-q2-update.win32_1.4.0.202007081208/tools/bin/../lib/gcc/arm-none-eabi/7.3.1/../../../../arm-none-eabi/lib/thumb/v7e-m/fpv4-sp/hard\libc_nano.a(lib_a-malloc.o) (_free_r)
c:/st/stm32cubeide_1.4.0/stm32cubeide/plugins/com.st.stm32cube.ide.mcu.externaltools.gnu-tools-for-stm32.7-2018-q2-update.win32_1.4.0.202007081208/tools/bin/../lib/gcc/arm-none-eabi/7.3.1/../../../../arm-none-eabi/lib/thumb/v7e-m/fpv4-sp/hard\libc_nano.a(lib_a-nano-mallocr.o)
                              c:/st/stm32cubeide_1.4.0/stm32cubeide/plugins/com.st.stm32cube.ide.mcu.externaltools.gnu-tools-for-stm32.7-2018-q2-update.win32_1.4.0.202007081208/tools/bin/../lib/gcc/arm-none-eabi/7.3.1/../../../../arm-none-eabi/lib/thumb/v7e-m/fpv4-sp/hard\libc_nano.a(lib_a-malloc.o) (_malloc_r)
c:/st/stm32cubeide_1.4.0/stm32cubeide/plugins/com.st.stm32cube.ide.mcu.externaltools.gnu-tools-for-stm32.7-2018-q2-update.win32_1.4.0.202007081208/tools/bin/../lib/gcc/arm-none-eabi/7.3.1/../../../../arm-none-eabi/lib/thumb/v7e-m/fpv4-sp/hard\libc_nano.a(lib_a-sbrkr.o)
[...]
Memory Configuration

Name             Origin             Length             Attributes
CCMRAM           0x0000000010000000 0x0000000000010000 xrw
RAM              0x0000000020000000 0x0000000000020000 xrw
FLASH            0x0000000008000000 0x0000000000100000 xr
*default*        0x0000000000000000 0xffffffffffffffff

Linker script and memory map

LOAD c:/st/stm32cubeide_1.4.0/stm32cubeide/plugins/com.st.stm32cube.ide.mcu.externaltools.gnu-tools-for-stm32.7-2018-q2-update.win32_1.4.0.202007081208/tools/bin/../lib/gcc/arm-none-eabi/7.3.1/thumb/v7e-m/fpv4-sp/hard/crti.o
LOAD c:/st/stm32cubeide_1.4.0/stm32cubeide/plugins/com.st.stm32cube.ide.mcu.externaltools.gnu-tools-for-stm32.7-2018-q2-update.win32_1.4.0.202007081208/tools/bin/../lib/gcc/arm-none-eabi/7.3.1/thumb/v7e-m/fpv4-sp/hard/crtbegin.o
LOAD c:/st/stm32cubeide_1.4.0/stm32cubeide/plugins/com.st.stm32cube.ide.mcu.externaltools.gnu-tools-for-stm32.7-2018-q2-update.win32_1.4.0.202007081208/tools/bin/../lib/gcc/arm-none-eabi/7.3.1/../../../../arm-none-eabi/lib/thumb/v7e-m/fpv4-sp/hard/crt0.o
LOAD Core/Src/main.o
LOAD Core/Src/stm32f4xx_hal_msp.o
LOAD Core/Src/stm32f4xx_it.o
LOAD Core/Src/syscalls.o
LOAD Core/Src/sysmem.o
LOAD Core/Src/system_stm32f4xx.o
LOAD Core/Startup/startup_stm32f407vgtx.o
LOAD Drivers/STM32F4xx_HAL_Driver/Src/stm32f4xx_hal.o
LOAD Drivers/STM32F4xx_HAL_Driver/Src/stm32f4xx_hal_cortex.o
LOAD Drivers/STM32F4xx_HAL_Driver/Src/stm32f4xx_hal_dma.o
LOAD Drivers/STM32F4xx_HAL_Driver/Src/stm32f4xx_hal_dma_ex.o
LOAD Drivers/STM32F4xx_HAL_Driver/Src/stm32f4xx_hal_exti.o
LOAD Drivers/STM32F4xx_HAL_Driver/Src/stm32f4xx_hal_flash.o
LOAD Drivers/STM32F4xx_HAL_Driver/Src/stm32f4xx_hal_flash_ex.o
LOAD Drivers/STM32F4xx_HAL_Driver/Src/stm32f4xx_hal_flash_ramfunc.o
LOAD Drivers/STM32F4xx_HAL_Driver/Src/stm32f4xx_hal_gpio.o
LOAD Drivers/STM32F4xx_HAL_Driver/Src/stm32f4xx_hal_i2c.o
LOAD Drivers/STM32F4xx_HAL_Driver/Src/stm32f4xx_hal_i2c_ex.o
LOAD Drivers/STM32F4xx_HAL_Driver/Src/stm32f4xx_hal_i2s.o
LOAD Drivers/STM32F4xx_HAL_Driver/Src/stm32f4xx_hal_i2s_ex.o
LOAD Drivers/STM32F4xx_HAL_Driver/Src/stm32f4xx_hal_pcd.o
LOAD Drivers/STM32F4xx_HAL_Driver/Src/stm32f4xx_hal_pcd_ex.o
LOAD Drivers/STM32F4xx_HAL_Driver/Src/stm32f4xx_hal_pwr.o
LOAD Drivers/STM32F4xx_HAL_Driver/Src/stm32f4xx_hal_pwr_ex.o
LOAD Drivers/STM32F4xx_HAL_Driver/Src/stm32f4xx_hal_rcc.o
LOAD Drivers/STM32F4xx_HAL_Driver/Src/stm32f4xx_hal_rcc_ex.o
LOAD Drivers/STM32F4xx_HAL_Driver/Src/stm32f4xx_hal_spi.o
LOAD Drivers/STM32F4xx_HAL_Driver/Src/stm32f4xx_hal_tim.o
LOAD Drivers/STM32F4xx_HAL_Driver/Src/stm32f4xx_hal_tim_ex.o
LOAD Drivers/STM32F4xx_HAL_Driver/Src/stm32f4xx_ll_usb.o
LOAD Lib/MY_NRF24.o
LOAD Middlewares/ST/STM32_USB_Device_Library/Class/CDC/Src/usbd_cdc.o
LOAD Middlewares/ST/STM32_USB_Device_Library/Core/Src/usbd_core.o
LOAD Middlewares/ST/STM32_USB_Device_Library/Core/Src/usbd_ctlreq.o
LOAD Middlewares/ST/STM32_USB_Device_Library/Core/Src/usbd_ioreq.o
LOAD USB_DEVICE/App/usb_device.o
LOAD USB_DEVICE/App/usbd_cdc_if.o
LOAD USB_DEVICE/App/usbd_desc.o
LOAD USB_DEVICE/Target/usbd_conf.o
START GROUP
LOAD c:/st/stm32cubeide_1.4.0/stm32cubeide/plugins/com.st.stm32cube.ide.mcu.externaltools.gnu-tools-for-stm32.7-2018-q2-update.win32_1.4.0.202007081208/tools/bin/../lib/gcc/arm-none-eabi/7.3.1/../../../../arm-none-eabi/lib/thumb/v7e-m/fpv4-sp/hard\libc_nano.a
LOAD c:/st/stm32cubeide_1.4.0/stm32cubeide/plugins/com.st.stm32cube.ide.mcu.externaltools.gnu-tools-for-stm32.7-2018-q2-update.win32_1.4.0.202007081208/tools/bin/../lib/gcc/arm-none-eabi/7.3.1/../../../../arm-none-eabi/lib/thumb/v7e-m/fpv4-sp/hard\libm.a
END GROUP
START GROUP
LOAD c:/st/stm32cubeide_1.4.0/stm32cubeide/plugins/com.st.stm32cube.ide.mcu.externaltools.gnu-tools-for-stm32.7-2018-q2-update.win32_1.4.0.202007081208/tools/bin/../lib/gcc/arm-none-eabi/7.3.1/thumb/v7e-m/fpv4-sp/hard\libgcc.a
LOAD c:/st/stm32cubeide_1.4.0/stm32cubeide/plugins/com.st.stm32cube.ide.mcu.externaltools.gnu-tools-for-stm32.7-2018-q2-update.win32_1.4.0.202007081208/tools/bin/../lib/gcc/arm-none-eabi/7.3.1/../../../../arm-none-eabi/lib/thumb/v7e-m/fpv4-sp/hard\libc_nano.a
END GROUP
START GROUP
LOAD c:/st/stm32cubeide_1.4.0/stm32cubeide/plugins/com.st.stm32cube.ide.mcu.externaltools.gnu-tools-for-stm32.7-2018-q2-update.win32_1.4.0.202007081208/tools/bin/../lib/gcc/arm-none-eabi/7.3.1/thumb/v7e-m/fpv4-sp/hard\libgcc.a
LOAD c:/st/stm32cubeide_1.4.0/stm32cubeide/plugins/com.st.stm32cube.ide.mcu.externaltools.gnu-tools-for-stm32.7-2018-q2-update.win32_1.4.0.202007081208/tools/bin/../lib/gcc/arm-none-eabi/7.3.1/../../../../arm-none-eabi/lib/thumb/v7e-m/fpv4-sp/hard\libc_nano.a
LOAD c:/st/stm32cubeide_1.4.0/stm32cubeide/plugins/com.st.stm32cube.ide.mcu.externaltools.gnu-tools-for-stm32.7-2018-q2-update.win32_1.4.0.202007081208/tools/bin/../lib/gcc/arm-none-eabi/7.3.1/../../../../arm-none-eabi/lib/thumb/v7e-m/fpv4-sp/hard\libnosys.a
END GROUP
START GROUP
LOAD c:/st/stm32cubeide_1.4.0/stm32cubeide/plugins/com.st.stm32cube.ide.mcu.externaltools.gnu-tools-for-stm32.7-2018-q2-update.win32_1.4.0.202007081208/tools/bin/../lib/gcc/arm-none-eabi/7.3.1/thumb/v7e-m/fpv4-sp/hard\libgcc.a
LOAD c:/st/stm32cubeide_1.4.0/stm32cubeide/plugins/com.st.stm32cube.ide.mcu.externaltools.gnu-tools-for-stm32.7-2018-q2-update.win32_1.4.0.202007081208/tools/bin/../lib/gcc/arm-none-eabi/7.3.1/../../../../arm-none-eabi/lib/thumb/v7e-m/fpv4-sp/hard\libc_nano.a
LOAD c:/st/stm32cubeide_1.4.0/stm32cubeide/plugins/com.st.stm32cube.ide.mcu.externaltools.gnu-tools-for-stm32.7-2018-q2-update.win32_1.4.0.202007081208/tools/bin/../lib/gcc/arm-none-eabi/7.3.1/../../../../arm-none-eabi/lib/thumb/v7e-m/fpv4-sp/hard\libnosys.a
END GROUP
LOAD c:/st/stm32cubeide_1.4.0/stm32cubeide/plugins/com.st.stm32cube.ide.mcu.externaltools.gnu-tools-for-stm32.7-2018-q2-update.win32_1.4.0.202007081208/tools/bin/../lib/gcc/arm-none-eabi/7.3.1/thumb/v7e-m/fpv4-sp/hard/crtend.o
LOAD c:/st/stm32cubeide_1.4.0/stm32cubeide/plugins/com.st.stm32cube.ide.mcu.externaltools.gnu-tools-for-stm32.7-2018-q2-update.win32_1.4.0.202007081208/tools/bin/../lib/gcc/arm-none-eabi/7.3.1/thumb/v7e-m/fpv4-sp/hard/crtn.o
                0x0000000020020000                _estack = (ORIGIN (RAM) + LENGTH (RAM))
                0x0000000000000200                _Min_Heap_Size = 0x200
                0x0000000000000400                _Min_Stack_Size = 0x400

.isr_vector     0x0000000008000000      0x188
                0x0000000008000000                . = ALIGN (0x4)
 *(.isr_vector)
 .isr_vector    0x0000000008000000      0x188 Core/Startup/startup_stm32f407vgtx.o
                0x0000000008000000                g_pfnVectors
                0x0000000008000188                . = ALIGN (0x4)

.text           0x0000000008000190     0xa82c
                0x0000000008000190                . = ALIGN (0x4)
 *(.text)
 .text          0x0000000008000190       0x40 c:/st/stm32cubeide_1.4.0/stm32cubeide/plugins/com.st.stm32cube.ide.mcu.externaltools.gnu-tools-for-stm32.7-2018-q2-update.win32_1.4.0.202007081208/tools/bin/../lib/gcc/arm-none-eabi/7.3.1/thumb/v7e-m/fpv4-sp/hard/crtbegin.o
 .text          0x00000000080001d0       0x10 c:/st/stm32cubeide_1.4.0/stm32cubeide/plugins/com.st.stm32cube.ide.mcu.externaltools.gnu-tools-for-stm32.7-2018-q2-update.win32_1.4.0.202007081208/tools/bin/../lib/gcc/arm-none-eabi/7.3.1/../../../../arm-none-eabi/lib/thumb/v7e-m/fpv4-sp/hard\libc_nano.a(lib_a-strlen.o)
                0x00000000080001d0                strlen
 .text          0x00000000080001e0       0xa0 c:/st/stm32cubeide_1.4.0/stm32cubeide/plugins/com.st.stm32cube.ide.mcu.externaltools.gnu-tools-for-stm32.7-2018-q2-update.win32_1.4.0.202007081208/tools/bin/../lib/gcc/arm-none-eabi/7.3.1/../../../../arm-none-eabi/lib/thumb/v7e-m/fpv4-sp/hard\libc_nano.a(lib_a-memchr.o)
                0x00000000080001e0                memchr
 .text          0x0000000008000280       0x30 c:/st/stm32cubeide_1.4.0/stm32cubeide/plugins/com.st.stm32cube.ide.mcu.externaltools.gnu-tools-for-stm32.7-2018-q2-update.win32_1.4.0.202007081208/tools/bin/../lib/gcc/arm-none-eabi/7.3.1/thumb/v7e-m/fpv4-sp/hard\libgcc.a(_aeabi_uldivmod.o)
                0x0000000008000280                __aeabi_uldivmod
 .text          0x00000000080002b0      0x2cc c:/st/stm32cubeide_1.4.0/stm32cubeide/plugins/com.st.stm32cube.ide.mcu.externaltools.gnu-tools-for-stm32.7-2018-q2-update.win32_1.4.0.202007081208/tools/bin/../lib/gcc/arm-none-eabi/7.3.1/thumb/v7e-m/fpv4-sp/hard\libgcc.a(_udivmoddi4.o)
                0x00000000080002b0                __udivmoddi4
 .text          0x000000000800057c        0x4 c:/st/stm32cubeide_1.4.0/stm32cubeide/plugins/com.st.stm32cube.ide.mcu.externaltools.gnu-tools-for-stm32.7-2018-q2-update.win32_1.4.0.202007081208/tools/bin/../lib/gcc/arm-none-eabi/7.3.1/thumb/v7e-m/fpv4-sp/hard\libgcc.a(_dvmd_tls.o)
                0x000000000800057c                __aeabi_idiv0
                0x000000000800057c                __aeabi_ldiv0
 *(.text*)
 .text.main     0x0000000008000580       0xf8 Core/Src/main.o
                0x0000000008000580                main
 .text.SystemClock_Config
                0x0000000008000678      0x104 Core/Src/main.o
                0x0000000008000678                SystemClock_Config
 .text.MX_I2C1_Init
                0x000000000800077c       0x5c Core/Src/main.o
 .text.MX_I2S3_Init
                0x00000000080007d8       0x60 Core/Src/main.o
 .text.MX_SPI1_Init
                0x0000000008000838       0x6c Core/Src/main.o
 .text.MX_SPI2_Init
                0x00000000080008a4       0x6c Core/Src/main.o
 .text.MX_TIM1_Init
                0x0000000008000910      0x150 Core/Src/main.o
 .text.MX_GPIO_Init
                0x0000000008000a60      0x224 Core/Src/main.o
 .text.Error_Handler
                0x0000000008000c84        0xe Core/Src/main.o
                0x0000000008000c84                Error_Handler
 *fill*         0x0000000008000c92        0x2 
 .text.HAL_MspInit
                0x0000000008000c94       0x50 Core/Src/stm32f4xx_hal_msp.o
                0x0000000008000c94                HAL_MspInit
 .text.HAL_I2C_MspInit
                0x0000000008000ce4       0x90 Core/Src/stm32f4xx_hal_msp.o
                0x0000000008000ce4                HAL_I2C_MspInit
 .text.HAL_I2S_MspInit
                0x0000000008000d74       0xd0 Core/Src/stm32f4xx_hal_msp.o
                0x0000000008000d74                HAL_I2S_MspInit
 .text.HAL_SPI_MspInit
                0x0000000008000e44      0x10c Core/Src/stm32f4xx_hal_msp.o
                0x0000000008000e44                HAL_SPI_MspInit
 .text.HAL_TIM_PWM_MspInit
                0x0000000008000f50       0x44 Core/Src/stm32f4xx_hal_msp.o
                0x0000000008000f50                HAL_TIM_PWM_MspInit
 .text.HAL_TIM_MspPostInit
                0x0000000008000f94       0x74 Core/Src/stm32f4xx_hal_msp.o
                0x0000000008000f94                HAL_TIM_MspPostInit
 .text.NMI_Handler
                0x0000000008001008        0xe Core/Src/stm32f4xx_it.o
                0x0000000008001008                NMI_Handler
 .text.HardFault_Handler
                0x0000000008001016        0x6 Core/Src/stm32f4xx_it.o
                0x0000000008001016                HardFault_Handler
 .text.MemManage_Handler
                0x000000000800101c        0x6 Core/Src/stm32f4xx_it.o
                0x000000000800101c                MemManage_Handler
 .text.BusFault_Handler
                0x0000000008001022        0x6 Core/Src/stm32f4xx_it.o
                0x0000000008001022                BusFault_Handler
 .text.UsageFault_Handler
                0x0000000008001028        0x6 Core/Src/stm32f4xx_it.o
                0x0000000008001028                UsageFault_Handler
 .text.SVC_Handler
                0x000000000800102e        0xe Core/Src/stm32f4xx_it.o
                0x000000000800102e                SVC_Handler
 .text.DebugMon_Handler
                0x000000000800103c        0xe Core/Src/stm32f4xx_it.o
                0x000000000800103c                DebugMon_Handler
 .text.PendSV_Handler
                0x000000000800104a        0xe Core/Src/stm32f4xx_it.o
                0x000000000800104a                PendSV_Handler
 .text.SysTick_Handler
                0x0000000008001058        0xc Core/Src/stm32f4xx_it.o
                0x0000000008001058                SysTick_Handler
 .text.SPI2_IRQHandler
                0x0000000008001064       0x14 Core/Src/stm32f4xx_it.o
                0x0000000008001064                SPI2_IRQHandler
 .text.OTG_FS_IRQHandler
                0x0000000008001078       0x14 Core/Src/stm32f4xx_it.o
                0x0000000008001078                OTG_FS_IRQHandler
 .text._sbrk    0x000000000800108c       0x6c Core/Src/sysmem.o
                0x000000000800108c                _sbrk
 .text.SystemInit
                0x00000000080010f8       0x2c Core/Src/system_stm32f4xx.o
                0x00000000080010f8                SystemInit
 .text.Reset_Handler
                0x0000000008001124       0x50 Core/Startup/startup_stm32f407vgtx.o
                0x0000000008001124                Reset_Handler
 .text.Default_Handler
                0x0000000008001174        0x2 Core/Startup/startup_stm32f407vgtx.o
                0x0000000008001174                RTC_Alarm_IRQHandler
                0x0000000008001174                HASH_RNG_IRQHandler
                0x0000000008001174                EXTI2_IRQHandler
                0x0000000008001174                TIM8_CC_IRQHandler
                0x0000000008001174                TIM1_CC_IRQHandler
                0x0000000008001174                DMA2_Stream5_IRQHandler
                0x0000000008001174                DMA1_Stream5_IRQHandler
                0x0000000008001174                PVD_IRQHandler
                0x0000000008001174                SDIO_IRQHandler
                0x0000000008001174                TAMP_STAMP_IRQHandler
                0x0000000008001174                CAN2_RX1_IRQHandler
                0x0000000008001174                EXTI3_IRQHandler
                0x0000000008001174                TIM8_TRG_COM_TIM14_IRQHandler
                0x0000000008001174                TIM1_UP_TIM10_IRQHandler
                0x0000000008001174                TIM8_UP_TIM13_IRQHandler
                0x0000000008001174                I2C3_ER_IRQHandler
                0x0000000008001174                EXTI0_IRQHandler
                0x0000000008001174                I2C2_EV_IRQHandler
                0x0000000008001174                DMA1_Stream2_IRQHandler
                0x0000000008001174                CAN1_RX0_IRQHandler
                0x0000000008001174                FPU_IRQHandler
                0x0000000008001174                OTG_HS_WKUP_IRQHandler
                0x0000000008001174                CAN2_SCE_IRQHandler
                0x0000000008001174                DMA2_Stream2_IRQHandler
                0x0000000008001174                SPI1_IRQHandler
                0x0000000008001174                TIM6_DAC_IRQHandler
                0x0000000008001174                TIM1_BRK_TIM9_IRQHandler
                0x0000000008001174                DCMI_IRQHandler
                0x0000000008001174                CAN2_RX0_IRQHandler
                0x0000000008001174                DMA2_Stream3_IRQHandler
                0x0000000008001174                USART6_IRQHandler
                0x0000000008001174                USART3_IRQHandler
                0x0000000008001174                CAN1_RX1_IRQHandler
                0x0000000008001174                UART5_IRQHandler
                0x0000000008001174                DMA2_Stream0_IRQHandler
                0x0000000008001174                TIM4_IRQHandler
                0x0000000008001174                I2C1_EV_IRQHandler
                0x0000000008001174                DMA1_Stream6_IRQHandler
                0x0000000008001174                DMA1_Stream1_IRQHandler
                0x0000000008001174                UART4_IRQHandler
                0x0000000008001174                TIM3_IRQHandler
                0x0000000008001174                RCC_IRQHandler
                0x0000000008001174                TIM8_BRK_TIM12_IRQHandler
                0x0000000008001174                Default_Handler
                0x0000000008001174                EXTI15_10_IRQHandler
                0x0000000008001174                ADC_IRQHandler
                0x0000000008001174                DMA1_Stream7_IRQHandler
                0x0000000008001174                TIM7_IRQHandler
                0x0000000008001174                CAN2_TX_IRQHandler
                0x0000000008001174                TIM5_IRQHandler
                0x0000000008001174                DMA2_Stream7_IRQHandler
                0x0000000008001174                I2C3_EV_IRQHandler
                0x0000000008001174                EXTI9_5_IRQHandler
                0x0000000008001174                RTC_WKUP_IRQHandler
                0x0000000008001174                ETH_WKUP_IRQHandler
                0x0000000008001174                OTG_HS_EP1_IN_IRQHandler
                0x0000000008001174                DMA1_Stream0_IRQHandler
                0x0000000008001174                CAN1_TX_IRQHandler
                0x0000000008001174                EXTI4_IRQHandler
                0x0000000008001174                FSMC_IRQHandler
                0x0000000008001174                ETH_IRQHandler
                0x0000000008001174                OTG_HS_EP1_OUT_IRQHandler
                0x0000000008001174                WWDG_IRQHandler
                0x0000000008001174                TIM2_IRQHandler
                0x0000000008001174                OTG_FS_WKUP_IRQHandler
                0x0000000008001174                TIM1_TRG_COM_TIM11_IRQHandler
                0x0000000008001174                OTG_HS_IRQHandler
                0x0000000008001174                EXTI1_IRQHandler
                0x0000000008001174                USART2_IRQHandler
                0x0000000008001174                I2C2_ER_IRQHandler
                0x0000000008001174                DMA2_Stream1_IRQHandler
                0x0000000008001174                CAN1_SCE_IRQHandler
                0x0000000008001174                FLASH_IRQHandler
                0x0000000008001174                DMA2_Stream4_IRQHandler
                0x0000000008001174                USART1_IRQHandler
                0x0000000008001174                SPI3_IRQHandler
                0x0000000008001174                DMA1_Stream4_IRQHandler
                0x0000000008001174                I2C1_ER_IRQHandler
                0x0000000008001174                DMA2_Stream6_IRQHandler
                0x0000000008001174                DMA1_Stream3_IRQHandler
 *fill*         0x0000000008001176        0x2 
 .text.HAL_Init
                0x0000000008001178       0x44 Drivers/STM32F4xx_HAL_Driver/Src/stm32f4xx_hal.o
                0x0000000008001178                HAL_Init
 .text.HAL_InitTick
                0x00000000080011bc       0x60 Drivers/STM32F4xx_HAL_Driver/Src/stm32f4xx_hal.o
                0x00000000080011bc                HAL_InitTick
 .text.HAL_IncTick
                0x000000000800121c       0x28 Drivers/STM32F4xx_HAL_Driver/Src/stm32f4xx_hal.o
                0x000000000800121c                HAL_IncTick
 .text.HAL_GetTick
                0x0000000008001244       0x18 Drivers/STM32F4xx_HAL_Driver/Src/stm32f4xx_hal.o
                0x0000000008001244                HAL_GetTick
 .text.HAL_Delay
                0x000000000800125c       0x44 Drivers/STM32F4xx_HAL_Driver/Src/stm32f4xx_hal.o
                0x000000000800125c                HAL_Delay
 .text.__NVIC_SetPriorityGrouping
                0x00000000080012a0       0x48 Drivers/STM32F4xx_HAL_Driver/Src/stm32f4xx_hal_cortex.o
 .text.__NVIC_GetPriorityGrouping
                0x00000000080012e8       0x1c Drivers/STM32F4xx_HAL_Driver/Src/stm32f4xx_hal_cortex.o
 .text.__NVIC_EnableIRQ
                0x0000000008001304       0x3c Drivers/STM32F4xx_HAL_Driver/Src/stm32f4xx_hal_cortex.o
 .text.__NVIC_SetPriority
                0x0000000008001340       0x54 Drivers/STM32F4xx_HAL_Driver/Src/stm32f4xx_hal_cortex.o
 .text.NVIC_EncodePriority
                0x0000000008001394       0x66 Drivers/STM32F4xx_HAL_Driver/Src/stm32f4xx_hal_cortex.o
 *fill*         0x00000000080013fa        0x2 
 .text.SysTick_Config
                0x00000000080013fc       0x44 Drivers/STM32F4xx_HAL_Driver/Src/stm32f4xx_hal_cortex.o
 .text.HAL_NVIC_SetPriorityGrouping
                0x0000000008001440       0x16 Drivers/STM32F4xx_HAL_Driver/Src/stm32f4xx_hal_cortex.o
                0x0000000008001440                HAL_NVIC_SetPriorityGrouping
 .text.HAL_NVIC_SetPriority
                0x0000000008001456       0x38 Drivers/STM32F4xx_HAL_Driver/Src/stm32f4xx_hal_cortex.o
                0x0000000008001456                HAL_NVIC_SetPriority
 .text.HAL_NVIC_EnableIRQ
                0x000000000800148e       0x1c Drivers/STM32F4xx_HAL_Driver/Src/stm32f4xx_hal_cortex.o
                0x000000000800148e                HAL_NVIC_EnableIRQ
 .text.HAL_SYSTICK_Config
                0x00000000080014aa       0x18 Drivers/STM32F4xx_HAL_Driver/Src/stm32f4xx_hal_cortex.o
                0x00000000080014aa                HAL_SYSTICK_Config
 .text.HAL_DMA_Abort_IT
                0x00000000080014c2       0x44 Drivers/STM32F4xx_HAL_Driver/Src/stm32f4xx_hal_dma.o
                0x00000000080014c2                HAL_DMA_Abort_IT
 *fill*         0x0000000008001506        0x2 
 .text.HAL_GPIO_Init
                0x0000000008001508      0x334 Drivers/STM32F4xx_HAL_Driver/Src/stm32f4xx_hal_gpio.o
                0x0000000008001508                HAL_GPIO_Init
 .text.HAL_GPIO_WritePin
                0x000000000800183c       0x32 Drivers/STM32F4xx_HAL_Driver/Src/stm32f4xx_hal_gpio.o
                0x000000000800183c                HAL_GPIO_WritePin
 *fill*         0x000000000800186e        0x2 
 .text.HAL_I2C_Init
                0x0000000008001870      0x270 Drivers/STM32F4xx_HAL_Driver/Src/stm32f4xx_hal_i2c.o
                0x0000000008001870                HAL_I2C_Init
 .text.HAL_I2S_Init
                0x0000000008001ae0      0x280 Drivers/STM32F4xx_HAL_Driver/Src/stm32f4xx_hal_i2s.o
                0x0000000008001ae0                HAL_I2S_Init
 .text.HAL_I2S_TxCpltCallback
                0x0000000008001d60       0x14 Drivers/STM32F4xx_HAL_Driver/Src/stm32f4xx_hal_i2s.o
                0x0000000008001d60                HAL_I2S_TxCpltCallback
 .text.HAL_I2S_RxCpltCallback
                0x0000000008001d74       0x14 Drivers/STM32F4xx_HAL_Driver/Src/stm32f4xx_hal_i2s.o
                0x0000000008001d74                HAL_I2S_RxCpltCallback
 .text.HAL_I2S_ErrorCallback
                0x0000000008001d88       0x14 Drivers/STM32F4xx_HAL_Driver/Src/stm32f4xx_hal_i2s.o
                0x0000000008001d88                HAL_I2S_ErrorCallback
 .text.I2S_Transmit_IT
                0x0000000008001d9c       0x5c Drivers/STM32F4xx_HAL_Driver/Src/stm32f4xx_hal_i2s.o
 .text.I2S_Receive_IT
                0x0000000008001df8       0x5e Drivers/STM32F4xx_HAL_Driver/Src/stm32f4xx_hal_i2s.o
 .text.I2S_IRQHandler
                0x0000000008001e56      0x114 Drivers/STM32F4xx_HAL_Driver/Src/stm32f4xx_hal_i2s.o
 *fill*         0x0000000008001f6a        0x2 
 .text.HAL_I2SEx_FullDuplex_IRQHandler
                0x0000000008001f6c      0x2a8 Drivers/STM32F4xx_HAL_Driver/Src/stm32f4xx_hal_i2s_ex.o
                0x0000000008001f6c                HAL_I2SEx_FullDuplex_IRQHandler
 .text.HAL_I2SEx_TxRxCpltCallback
                0x0000000008002214       0x14 Drivers/STM32F4xx_HAL_Driver/Src/stm32f4xx_hal_i2s_ex.o
                0x0000000008002214                HAL_I2SEx_TxRxCpltCallback
 .text.I2SEx_TxISR_I2S
                0x0000000008002228       0x62 Drivers/STM32F4xx_HAL_Driver/Src/stm32f4xx_hal_i2s_ex.o
 *fill*         0x000000000800228a        0x2 
 .text.I2SEx_TxISR_I2SExt
                0x000000000800228c       0x98 Drivers/STM32F4xx_HAL_Driver/Src/stm32f4xx_hal_i2s_ex.o
 .text.I2SEx_RxISR_I2S
                0x0000000008002324       0x64 Drivers/STM32F4xx_HAL_Driver/Src/stm32f4xx_hal_i2s_ex.o
 .text.I2SEx_RxISR_I2SExt
                0x0000000008002388       0x98 Drivers/STM32F4xx_HAL_Driver/Src/stm32f4xx_hal_i2s_ex.o
 .text.HAL_PCD_Init
                0x0000000008002420      0x23a Drivers/STM32F4xx_HAL_Driver/Src/stm32f4xx_hal_pcd.o
                0x0000000008002420                HAL_PCD_Init
 .text.HAL_PCD_Start
                0x000000000800265a       0x66 Drivers/STM32F4xx_HAL_Driver/Src/stm32f4xx_hal_pcd.o
                0x000000000800265a                HAL_PCD_Start
 .text.HAL_PCD_IRQHandler
                0x00000000080026c0      0x764 Drivers/STM32F4xx_HAL_Driver/Src/stm32f4xx_hal_pcd.o
                0x00000000080026c0                HAL_PCD_IRQHandler
 .text.HAL_PCD_SetAddress
                0x0000000008002e24       0x4a Drivers/STM32F4xx_HAL_Driver/Src/stm32f4xx_hal_pcd.o
                0x0000000008002e24                HAL_PCD_SetAddress
 .text.HAL_PCD_EP_Open
                0x0000000008002e6e       0xd0 Drivers/STM32F4xx_HAL_Driver/Src/stm32f4xx_hal_pcd.o
                0x0000000008002e6e                HAL_PCD_EP_Open
 .text.HAL_PCD_EP_Close
                0x0000000008002f3e       0x94 Drivers/STM32F4xx_HAL_Driver/Src/stm32f4xx_hal_pcd.o
                0x0000000008002f3e                HAL_PCD_EP_Close
 .text.HAL_PCD_EP_Receive
                0x0000000008002fd2       0x96 Drivers/STM32F4xx_HAL_Driver/Src/stm32f4xx_hal_pcd.o
                0x0000000008002fd2                HAL_PCD_EP_Receive
 .text.HAL_PCD_EP_GetRxCount
                0x0000000008003068       0x30 Drivers/STM32F4xx_HAL_Driver/Src/stm32f4xx_hal_pcd.o
                0x0000000008003068                HAL_PCD_EP_GetRxCount
 .text.HAL_PCD_EP_Transmit
                0x0000000008003098       0x94 Drivers/STM32F4xx_HAL_Driver/Src/stm32f4xx_hal_pcd.o
                0x0000000008003098                HAL_PCD_EP_Transmit
 .text.HAL_PCD_EP_SetStall
                0x000000000800312c       0xc8 Drivers/STM32F4xx_HAL_Driver/Src/stm32f4xx_hal_pcd.o
                0x000000000800312c                HAL_PCD_EP_SetStall
 .text.HAL_PCD_EP_ClrStall
                0x00000000080031f4       0xac Drivers/STM32F4xx_HAL_Driver/Src/stm32f4xx_hal_pcd.o
                0x00000000080031f4                HAL_PCD_EP_ClrStall
 .text.PCD_WriteEmptyTxFifo
                0x00000000080032a0      0x11a Drivers/STM32F4xx_HAL_Driver/Src/stm32f4xx_hal_pcd.o
 *fill*         0x00000000080033ba        0x2 
 .text.PCD_EP_OutXfrComplete_int
                0x00000000080033bc      0x218 Drivers/STM32F4xx_HAL_Driver/Src/stm32f4xx_hal_pcd.o
 .text.PCD_EP_OutSetupPacket_int
                0x00000000080035d4       0x8c Drivers/STM32F4xx_HAL_Driver/Src/stm32f4xx_hal_pcd.o
 .text.HAL_PCDEx_SetTxFiFo
                0x0000000008003660       0x8e Drivers/STM32F4xx_HAL_Driver/Src/stm32f4xx_hal_pcd_ex.o
                0x0000000008003660                HAL_PCDEx_SetTxFiFo
 .text.HAL_PCDEx_SetRxFiFo
                0x00000000080036ee       0x22 Drivers/STM32F4xx_HAL_Driver/Src/stm32f4xx_hal_pcd_ex.o
                0x00000000080036ee                HAL_PCDEx_SetRxFiFo
 .text.HAL_PCDEx_LPM_Callback
                0x0000000008003710       0x18 Drivers/STM32F4xx_HAL_Driver/Src/stm32f4xx_hal_pcd_ex.o
                0x0000000008003710                HAL_PCDEx_LPM_Callback
 .text.HAL_RCC_OscConfig
                0x0000000008003728      0x4e0 Drivers/STM32F4xx_HAL_Driver/Src/stm32f4xx_hal_rcc.o
                0x0000000008003728                HAL_RCC_OscConfig
 .text.HAL_RCC_ClockConfig
                0x0000000008003c08      0x1cc Drivers/STM32F4xx_HAL_Driver/Src/stm32f4xx_hal_rcc.o
                0x0000000008003c08                HAL_RCC_ClockConfig
 .text.HAL_RCC_GetSysClockFreq
                0x0000000008003dd4      0x1b0 Drivers/STM32F4xx_HAL_Driver/Src/stm32f4xx_hal_rcc.o
                0x0000000008003dd4                HAL_RCC_GetSysClockFreq
 .text.HAL_RCC_GetHCLKFreq
                0x0000000008003f84       0x18 Drivers/STM32F4xx_HAL_Driver/Src/stm32f4xx_hal_rcc.o
                0x0000000008003f84                HAL_RCC_GetHCLKFreq
 .text.HAL_RCC_GetPCLK1Freq
                0x0000000008003f9c       0x28 Drivers/STM32F4xx_HAL_Driver/Src/stm32f4xx_hal_rcc.o
                0x0000000008003f9c                HAL_RCC_GetPCLK1Freq
 .text.HAL_RCCEx_PeriphCLKConfig
                0x0000000008003fc4      0x1c4 Drivers/STM32F4xx_HAL_Driver/Src/stm32f4xx_hal_rcc_ex.o
                0x0000000008003fc4                HAL_RCCEx_PeriphCLKConfig
 .text.HAL_RCCEx_GetPeriphCLKFreq
                0x0000000008004188       0xb8 Drivers/STM32F4xx_HAL_Driver/Src/stm32f4xx_hal_rcc_ex.o
                0x0000000008004188                HAL_RCCEx_GetPeriphCLKFreq
 .text.HAL_SPI_Init
                0x0000000008004240       0xc8 Drivers/STM32F4xx_HAL_Driver/Src/stm32f4xx_hal_spi.o
                0x0000000008004240                HAL_SPI_Init
 .text.HAL_SPI_Transmit
                0x0000000008004308      0x268 Drivers/STM32F4xx_HAL_Driver/Src/stm32f4xx_hal_spi.o
                0x0000000008004308                HAL_SPI_Transmit
 .text.HAL_SPI_Receive
                0x0000000008004570      0x212 Drivers/STM32F4xx_HAL_Driver/Src/stm32f4xx_hal_spi.o
                0x0000000008004570                HAL_SPI_Receive
 .text.HAL_SPI_TransmitReceive
                0x0000000008004782      0x344 Drivers/STM32F4xx_HAL_Driver/Src/stm32f4xx_hal_spi.o
                0x0000000008004782                HAL_SPI_TransmitReceive
 *fill*         0x0000000008004ac6        0x2 
 .text.HAL_SPI_IRQHandler
                0x0000000008004ac8      0x200 Drivers/STM32F4xx_HAL_Driver/Src/stm32f4xx_hal_spi.o
                0x0000000008004ac8                HAL_SPI_IRQHandler
 .text.HAL_SPI_ErrorCallback
                0x0000000008004cc8       0x14 Drivers/STM32F4xx_HAL_Driver/Src/stm32f4xx_hal_spi.o
                0x0000000008004cc8                HAL_SPI_ErrorCallback
 .text.SPI_DMAAbortOnError
                0x0000000008004cdc       0x28 Drivers/STM32F4xx_HAL_Driver/Src/stm32f4xx_hal_spi.o
 .text.SPI_WaitFlagStateUntilTimeout
                0x0000000008004d04       0xd4 Drivers/STM32F4xx_HAL_Driver/Src/stm32f4xx_hal_spi.o
 .text.SPI_EndRxTransaction
                0x0000000008004dd8       0xca Drivers/STM32F4xx_HAL_Driver/Src/stm32f4xx_hal_spi.o
 *fill*         0x0000000008004ea2        0x2 
 .text.SPI_EndRxTxTransaction
                0x0000000008004ea4       0x84 Drivers/STM32F4xx_HAL_Driver/Src/stm32f4xx_hal_spi.o
 .text.HAL_TIM_Base_Start_IT
                0x0000000008004f28       0x48 Drivers/STM32F4xx_HAL_Driver/Src/stm32f4xx_hal_tim.o
                0x0000000008004f28                HAL_TIM_Base_Start_IT
 .text.HAL_TIM_PWM_Init
                0x0000000008004f70       0x56 Drivers/STM32F4xx_HAL_Driver/Src/stm32f4xx_hal_tim.o
                0x0000000008004f70                HAL_TIM_PWM_Init
 *fill*         0x0000000008004fc6        0x2 
 .text.HAL_TIM_PWM_Start_IT
                0x0000000008004fc8      0x108 Drivers/STM32F4xx_HAL_Driver/Src/stm32f4xx_hal_tim.o
                0x0000000008004fc8                HAL_TIM_PWM_Start_IT
 .text.HAL_TIM_PWM_ConfigChannel
                0x00000000080050d0      0x18c Drivers/STM32F4xx_HAL_Driver/Src/stm32f4xx_hal_tim.o
                0x00000000080050d0                HAL_TIM_PWM_ConfigChannel
 .text.TIM_Base_SetConfig
                0x000000000800525c      0x140 Drivers/STM32F4xx_HAL_Driver/Src/stm32f4xx_hal_tim.o
                0x000000000800525c                TIM_Base_SetConfig
 .text.TIM_OC1_SetConfig
                0x000000000800539c       0xe0 Drivers/STM32F4xx_HAL_Driver/Src/stm32f4xx_hal_tim.o
 .text.TIM_OC2_SetConfig
                0x000000000800547c       0xec Drivers/STM32F4xx_HAL_Driver/Src/stm32f4xx_hal_tim.o
                0x000000000800547c                TIM_OC2_SetConfig
 .text.TIM_OC3_SetConfig
                0x0000000008005568       0xe8 Drivers/STM32F4xx_HAL_Driver/Src/stm32f4xx_hal_tim.o
 .text.TIM_OC4_SetConfig
                0x0000000008005650       0xac Drivers/STM32F4xx_HAL_Driver/Src/stm32f4xx_hal_tim.o
 .text.TIM_CCxChannelCmd
                0x00000000080056fc       0x4a Drivers/STM32F4xx_HAL_Driver/Src/stm32f4xx_hal_tim.o
                0x00000000080056fc                TIM_CCxChannelCmd
 *fill*         0x0000000008005746        0x2 
 .text.HAL_TIMEx_MasterConfigSynchronization
                0x0000000008005748       0xf8 Drivers/STM32F4xx_HAL_Driver/Src/stm32f4xx_hal_tim_ex.o
                0x0000000008005748                HAL_TIMEx_MasterConfigSynchronization
 .text.HAL_TIMEx_ConfigBreakDeadTime
                0x0000000008005840       0xa4 Drivers/STM32F4xx_HAL_Driver/Src/stm32f4xx_hal_tim_ex.o
                0x0000000008005840                HAL_TIMEx_ConfigBreakDeadTime
 .text.USB_CoreInit
                0x00000000080058e4       0xc2 Drivers/STM32F4xx_HAL_Driver/Src/stm32f4xx_ll_usb.o
                0x00000000080058e4                USB_CoreInit
 *fill*         0x00000000080059a6        0x2 
 .text.USB_SetTurnaroundTime
                0x00000000080059a8      0x144 Drivers/STM32F4xx_HAL_Driver/Src/stm32f4xx_ll_usb.o
                0x00000000080059a8                USB_SetTurnaroundTime
 .text.USB_EnableGlobalInt
                0x0000000008005aec       0x22 Drivers/STM32F4xx_HAL_Driver/Src/stm32f4xx_ll_usb.o
                0x0000000008005aec                USB_EnableGlobalInt
 .text.USB_DisableGlobalInt
                0x0000000008005b0e       0x22 Drivers/STM32F4xx_HAL_Driver/Src/stm32f4xx_ll_usb.o
                0x0000000008005b0e                USB_DisableGlobalInt
 .text.USB_SetCurrentMode
                0x0000000008005b30       0x54 Drivers/STM32F4xx_HAL_Driver/Src/stm32f4xx_ll_usb.o
                0x0000000008005b30                USB_SetCurrentMode
 .text.USB_DevInit
                0x0000000008005b84      0x2c8 Drivers/STM32F4xx_HAL_Driver/Src/stm32f4xx_ll_usb.o
                0x0000000008005b84                USB_DevInit
 .text.USB_FlushTxFifo
                0x0000000008005e4c       0x4c Drivers/STM32F4xx_HAL_Driver/Src/stm32f4xx_ll_usb.o
                0x0000000008005e4c                USB_FlushTxFifo
 .text.USB_FlushRxFifo
                0x0000000008005e98       0x44 Drivers/STM32F4xx_HAL_Driver/Src/stm32f4xx_ll_usb.o
                0x0000000008005e98                USB_FlushRxFifo
 .text.USB_SetDevSpeed
                0x0000000008005edc       0x32 Drivers/STM32F4xx_HAL_Driver/Src/stm32f4xx_ll_usb.o
                0x0000000008005edc                USB_SetDevSpeed
 .text.USB_GetDevSpeed
                0x0000000008005f0e       0x4a Drivers/STM32F4xx_HAL_Driver/Src/stm32f4xx_ll_usb.o
                0x0000000008005f0e                USB_GetDevSpeed
 .text.USB_ActivateEndpoint
                0x0000000008005f58      0x10e Drivers/STM32F4xx_HAL_Driver/Src/stm32f4xx_ll_usb.o
                0x0000000008005f58                USB_ActivateEndpoint
 *fill*         0x0000000008006066        0x2 
 .text.USB_DeactivateEndpoint
                0x0000000008006068      0x1b8 Drivers/STM32F4xx_HAL_Driver/Src/stm32f4xx_ll_usb.o
                0x0000000008006068                USB_DeactivateEndpoint
 .text.USB_EPStartXfer
                0x0000000008006220      0x488 Drivers/STM32F4xx_HAL_Driver/Src/stm32f4xx_ll_usb.o
                0x0000000008006220                USB_EPStartXfer
 .text.USB_EP0StartXfer
                0x00000000080066a8      0x2a6 Drivers/STM32F4xx_HAL_Driver/Src/stm32f4xx_ll_usb.o
                0x00000000080066a8                USB_EP0StartXfer
 .text.USB_WritePacket
                0x000000000800694e       0x6a Drivers/STM32F4xx_HAL_Driver/Src/stm32f4xx_ll_usb.o
                0x000000000800694e                USB_WritePacket
 .text.USB_ReadPacket
                0x00000000080069b8       0x52 Drivers/STM32F4xx_HAL_Driver/Src/stm32f4xx_ll_usb.o
                0x00000000080069b8                USB_ReadPacket
 .text.USB_EPSetStall
                0x0000000008006a0a       0xdc Drivers/STM32F4xx_HAL_Driver/Src/stm32f4xx_ll_usb.o
                0x0000000008006a0a                USB_EPSetStall
 .text.USB_EPClearStall
                0x0000000008006ae6       0xcc Drivers/STM32F4xx_HAL_Driver/Src/stm32f4xx_ll_usb.o
                0x0000000008006ae6                USB_EPClearStall
 .text.USB_SetDevAddress
                0x0000000008006bb2       0x4c Drivers/STM32F4xx_HAL_Driver/Src/stm32f4xx_ll_usb.o
                0x0000000008006bb2                USB_SetDevAddress
 .text.USB_DevConnect
                0x0000000008006bfe       0x42 Drivers/STM32F4xx_HAL_Driver/Src/stm32f4xx_ll_usb.o
                0x0000000008006bfe                USB_DevConnect
 .text.USB_DevDisconnect
                0x0000000008006c40       0x42 Drivers/STM32F4xx_HAL_Driver/Src/stm32f4xx_ll_usb.o
                0x0000000008006c40                USB_DevDisconnect
 .text.USB_ReadInterrupts
                0x0000000008006c82       0x26 Drivers/STM32F4xx_HAL_Driver/Src/stm32f4xx_ll_usb.o
                0x0000000008006c82                USB_ReadInterrupts
 .text.USB_ReadDevAllOutEpInterrupt
                0x0000000008006ca8       0x34 Drivers/STM32F4xx_HAL_Driver/Src/stm32f4xx_ll_usb.o
                0x0000000008006ca8                USB_ReadDevAllOutEpInterrupt
 .text.USB_ReadDevAllInEpInterrupt
                0x0000000008006cdc       0x34 Drivers/STM32F4xx_HAL_Driver/Src/stm32f4xx_ll_usb.o
                0x0000000008006cdc                USB_ReadDevAllInEpInterrupt
 .text.USB_ReadDevOutEPInterrupt
                0x0000000008006d10       0x3c Drivers/STM32F4xx_HAL_Driver/Src/stm32f4xx_ll_usb.o
                0x0000000008006d10                USB_ReadDevOutEPInterrupt
 .text.USB_ReadDevInEPInterrupt
                0x0000000008006d4c       0x5c Drivers/STM32F4xx_HAL_Driver/Src/stm32f4xx_ll_usb.o
                0x0000000008006d4c                USB_ReadDevInEPInterrupt
 .text.USB_GetMode
                0x0000000008006da8       0x1c Drivers/STM32F4xx_HAL_Driver/Src/stm32f4xx_ll_usb.o
                0x0000000008006da8                USB_GetMode
 .text.USB_ActivateSetup
                0x0000000008006dc4       0x46 Drivers/STM32F4xx_HAL_Driver/Src/stm32f4xx_ll_usb.o
                0x0000000008006dc4                USB_ActivateSetup
 *fill*         0x0000000008006e0a        0x2 
 .text.USB_EP0_OutStart
                0x0000000008006e0c       0xbc Drivers/STM32F4xx_HAL_Driver/Src/stm32f4xx_ll_usb.o
                0x0000000008006e0c                USB_EP0_OutStart
 .text.USB_CoreReset
                0x0000000008006ec8       0x68 Drivers/STM32F4xx_HAL_Driver/Src/stm32f4xx_ll_usb.o
 .text.NRF24_csn
                0x0000000008006f30       0x40 Lib/MY_NRF24.o
                0x0000000008006f30                NRF24_csn
 .text.NRF24_ce
                0x0000000008006f70       0x40 Lib/MY_NRF24.o
                0x0000000008006f70                NRF24_ce
 .text.NRF24_read_register
                0x0000000008006fb0       0x50 Lib/MY_NRF24.o
                0x0000000008006fb0                NRF24_read_register
 .text.NRF24_read_registerN
                0x0000000008007000       0x50 Lib/MY_NRF24.o
                0x0000000008007000                NRF24_read_registerN
 .text.NRF24_write_register
                0x0000000008007050       0x44 Lib/MY_NRF24.o
                0x0000000008007050                NRF24_write_register
 .text.NRF24_write_registerN
                0x0000000008007094       0x50 Lib/MY_NRF24.o
                0x0000000008007094                NRF24_write_registerN
 .text.NRF24_flush_tx
                0x00000000080070e4       0x10 Lib/MY_NRF24.o
                0x00000000080070e4                NRF24_flush_tx
 .text.NRF24_flush_rx
                0x00000000080070f4       0x10 Lib/MY_NRF24.o
                0x00000000080070f4                NRF24_flush_rx
 .text.NRF24_begin
                0x0000000008007104      0x1c0 Lib/MY_NRF24.o
                0x0000000008007104                NRF24_begin
 .text.NRF24_setRetries
                0x00000000080072c4       0x36 Lib/MY_NRF24.o
                0x00000000080072c4                NRF24_setRetries
 .text.NRF24_setChannel
                0x00000000080072fa       0x2a Lib/MY_NRF24.o
                0x00000000080072fa                NRF24_setChannel
 .text.NRF24_setPayloadSize
                0x0000000008007324       0x30 Lib/MY_NRF24.o
                0x0000000008007324                NRF24_setPayloadSize
 .text.NRF24_disableDynamicPayloads
                0x0000000008007354       0x30 Lib/MY_NRF24.o
                0x0000000008007354                NRF24_disableDynamicPayloads
 .text.NRF24_setPALevel
                0x0000000008007384       0x72 Lib/MY_NRF24.o
                0x0000000008007384                NRF24_setPALevel
 *fill*         0x00000000080073f6        0x2 
 .text.NRF24_setDataRate
                0x00000000080073f8       0x8c Lib/MY_NRF24.o
                0x00000000080073f8                NRF24_setDataRate
 .text.NRF24_setCRCLength
                0x0000000008007484       0x50 Lib/MY_NRF24.o
                0x0000000008007484                NRF24_setCRCLength
 .text.NRF24_powerDown
                0x00000000080074d4       0x1e Lib/MY_NRF24.o
                0x00000000080074d4                NRF24_powerDown
 .text.NRF24_resetStatus
                0x00000000080074f2       0x10 Lib/MY_NRF24.o
                0x00000000080074f2                NRF24_resetStatus
 *fill*         0x0000000008007502        0x2 
 .text.NRF24_ACTIVATE_cmd
                0x0000000008007504       0x34 Lib/MY_NRF24.o
                0x0000000008007504                NRF24_ACTIVATE_cmd
 .text.printRadioSettings
                0x0000000008007538      0x9a4 Lib/MY_NRF24.o
                0x0000000008007538                printRadioSettings
 .text.USBD_CDC_Init
                0x0000000008007edc      0x100 Middlewares/ST/STM32_USB_Device_Library/Class/CDC/Src/usbd_cdc.o
 .text.USBD_CDC_DeInit
                0x0000000008007fdc       0x78 Middlewares/ST/STM32_USB_Device_Library/Class/CDC/Src/usbd_cdc.o
 .text.USBD_CDC_Setup
                0x0000000008008054      0x178 Middlewares/ST/STM32_USB_Device_Library/Class/CDC/Src/usbd_cdc.o
 .text.USBD_CDC_DataIn
                0x00000000080081cc       0xbe Middlewares/ST/STM32_USB_Device_Library/Class/CDC/Src/usbd_cdc.o
 .text.USBD_CDC_DataOut
                0x000000000800828a       0x56 Middlewares/ST/STM32_USB_Device_Library/Class/CDC/Src/usbd_cdc.o
 .text.USBD_CDC_EP0_RxReady
                0x00000000080082e0       0x50 Middlewares/ST/STM32_USB_Device_Library/Class/CDC/Src/usbd_cdc.o
 .text.USBD_CDC_GetFSCfgDesc
                0x0000000008008330       0x20 Middlewares/ST/STM32_USB_Device_Library/Class/CDC/Src/usbd_cdc.o
 .text.USBD_CDC_GetHSCfgDesc
                0x0000000008008350       0x20 Middlewares/ST/STM32_USB_Device_Library/Class/CDC/Src/usbd_cdc.o
 .text.USBD_CDC_GetOtherSpeedCfgDesc
                0x0000000008008370       0x20 Middlewares/ST/STM32_USB_Device_Library/Class/CDC/Src/usbd_cdc.o
 .text.USBD_CDC_GetDeviceQualifierDescriptor
                0x0000000008008390       0x20 Middlewares/ST/STM32_USB_Device_Library/Class/CDC/Src/usbd_cdc.o
                0x0000000008008390                USBD_CDC_GetDeviceQualifierDescriptor
 .text.USBD_CDC_RegisterInterface
                0x00000000080083b0       0x2a Middlewares/ST/STM32_USB_Device_Library/Class/CDC/Src/usbd_cdc.o
                0x00000000080083b0                USBD_CDC_RegisterInterface
 .text.USBD_CDC_SetTxBuffer
                0x00000000080083da       0x32 Middlewares/ST/STM32_USB_Device_Library/Class/CDC/Src/usbd_cdc.o
                0x00000000080083da                USBD_CDC_SetTxBuffer
 .text.USBD_CDC_SetRxBuffer
                0x000000000800840c       0x28 Middlewares/ST/STM32_USB_Device_Library/Class/CDC/Src/usbd_cdc.o
                0x000000000800840c                USBD_CDC_SetRxBuffer
 .text.USBD_CDC_TransmitPacket
                0x0000000008008434       0x60 Middlewares/ST/STM32_USB_Device_Library/Class/CDC/Src/usbd_cdc.o
                0x0000000008008434                USBD_CDC_TransmitPacket
 .text.USBD_CDC_ReceivePacket
                0x0000000008008494       0x54 Middlewares/ST/STM32_USB_Device_Library/Class/CDC/Src/usbd_cdc.o
                0x0000000008008494                USBD_CDC_ReceivePacket
 .text.USBD_Init
                0x00000000080084e8       0x6c Middlewares/ST/STM32_USB_Device_Library/Core/Src/usbd_core.o
                0x00000000080084e8                USBD_Init
 .text.USBD_RegisterClass
                0x0000000008008554       0x42 Middlewares/ST/STM32_USB_Device_Library/Core/Src/usbd_core.o
                0x0000000008008554                USBD_RegisterClass
 .text.USBD_Start
                0x0000000008008596       0x18 Middlewares/ST/STM32_USB_Device_Library/Core/Src/usbd_core.o
                0x0000000008008596                USBD_Start
 .text.USBD_RunTestMode
                0x00000000080085ae       0x16 Middlewares/ST/STM32_USB_Device_Library/Core/Src/usbd_core.o
                0x00000000080085ae                USBD_RunTestMode
 .text.USBD_SetClassConfig
                0x00000000080085c4       0x38 Middlewares/ST/STM32_USB_Device_Library/Core/Src/usbd_core.o
                0x00000000080085c4                USBD_SetClassConfig
 .text.USBD_ClrClassConfig
                0x00000000080085fc       0x30 Middlewares/ST/STM32_USB_Device_Library/Core/Src/usbd_core.o
                0x00000000080085fc                USBD_ClrClassConfig
 .text.USBD_LL_SetupStage
                0x000000000800862c       0xa6 Middlewares/ST/STM32_USB_Device_Library/Core/Src/usbd_core.o
                0x000000000800862c                USBD_LL_SetupStage
 .text.USBD_LL_DataOutStage
                0x00000000080086d2       0xc6 Middlewares/ST/STM32_USB_Device_Library/Core/Src/usbd_core.o
                0x00000000080086d2                USBD_LL_DataOutStage
 .text.USBD_LL_DataInStage
                0x0000000008008798      0x12c Middlewares/ST/STM32_USB_Device_Library/Core/Src/usbd_core.o
                0x0000000008008798                USBD_LL_DataInStage
 .text.USBD_LL_Reset
                0x00000000080088c4       0x82 Middlewares/ST/STM32_USB_Device_Library/Core/Src/usbd_core.o
                0x00000000080088c4                USBD_LL_Reset
 .text.USBD_LL_SetSpeed
                0x0000000008008946       0x20 Middlewares/ST/STM32_USB_Device_Library/Core/Src/usbd_core.o
                0x0000000008008946                USBD_LL_SetSpeed
 .text.USBD_LL_Suspend
                0x0000000008008966       0x2a Middlewares/ST/STM32_USB_Device_Library/Core/Src/usbd_core.o
                0x0000000008008966                USBD_LL_Suspend
 .text.USBD_LL_Resume
                0x0000000008008990       0x2c Middlewares/ST/STM32_USB_Device_Library/Core/Src/usbd_core.o
                0x0000000008008990                USBD_LL_Resume
 .text.USBD_LL_SOF
                0x00000000080089bc       0x34 Middlewares/ST/STM32_USB_Device_Library/Core/Src/usbd_core.o
                0x00000000080089bc                USBD_LL_SOF
 .text.USBD_LL_IsoINIncomplete
                0x00000000080089f0       0x1a Middlewares/ST/STM32_USB_Device_Library/Core/Src/usbd_core.o
                0x00000000080089f0                USBD_LL_IsoINIncomplete
 .text.USBD_LL_IsoOUTIncomplete
                0x0000000008008a0a       0x1a Middlewares/ST/STM32_USB_Device_Library/Core/Src/usbd_core.o
                0x0000000008008a0a                USBD_LL_IsoOUTIncomplete
 .text.USBD_LL_DevConnected
                0x0000000008008a24       0x16 Middlewares/ST/STM32_USB_Device_Library/Core/Src/usbd_core.o
                0x0000000008008a24                USBD_LL_DevConnected
 .text.USBD_LL_DevDisconnected
                0x0000000008008a3a       0x38 Middlewares/ST/STM32_USB_Device_Library/Core/Src/usbd_core.o
                0x0000000008008a3a                USBD_LL_DevDisconnected
 .text.SWAPBYTE
                0x0000000008008a72       0x3c Middlewares/ST/STM32_USB_Device_Library/Core/Src/usbd_ctlreq.o
 *fill*         0x0000000008008aae        0x2 
 .text.USBD_StdDevReq
                0x0000000008008ab0       0xdc Middlewares/ST/STM32_USB_Device_Library/Core/Src/usbd_ctlreq.o
                0x0000000008008ab0                USBD_StdDevReq
 .text.USBD_StdItfReq
                0x0000000008008b8c       0x8c Middlewares/ST/STM32_USB_Device_Library/Core/Src/usbd_ctlreq.o
                0x0000000008008b8c                USBD_StdItfReq
 .text.USBD_StdEPReq
                0x0000000008008c18      0x2aa Middlewares/ST/STM32_USB_Device_Library/Core/Src/usbd_ctlreq.o
                0x0000000008008c18                USBD_StdEPReq
 *fill*         0x0000000008008ec2        0x2 
 .text.USBD_GetDescriptor
                0x0000000008008ec4      0x2d4 Middlewares/ST/STM32_USB_Device_Library/Core/Src/usbd_ctlreq.o
 .text.USBD_SetAddress
                0x0000000008009198       0x84 Middlewares/ST/STM32_USB_Device_Library/Core/Src/usbd_ctlreq.o
 .text.USBD_SetConfig
                0x000000000800921c      0x148 Middlewares/ST/STM32_USB_Device_Library/Core/Src/usbd_ctlreq.o
 .text.USBD_GetConfig
                0x0000000008009364       0x68 Middlewares/ST/STM32_USB_Device_Library/Core/Src/usbd_ctlreq.o
 .text.USBD_GetStatus
                0x00000000080093cc       0x66 Middlewares/ST/STM32_USB_Device_Library/Core/Src/usbd_ctlreq.o
 .text.USBD_SetFeature
                0x0000000008009432       0x28 Middlewares/ST/STM32_USB_Device_Library/Core/Src/usbd_ctlreq.o
 .text.USBD_ClrFeature
                0x000000000800945a       0x42 Middlewares/ST/STM32_USB_Device_Library/Core/Src/usbd_ctlreq.o
 .text.USBD_ParseSetupRequest
                0x000000000800949c       0x74 Middlewares/ST/STM32_USB_Device_Library/Core/Src/usbd_ctlreq.o
                0x000000000800949c                USBD_ParseSetupRequest
 .text.USBD_CtlError
                0x0000000008009510       0x22 Middlewares/ST/STM32_USB_Device_Library/Core/Src/usbd_ctlreq.o
                0x0000000008009510                USBD_CtlError
 .text.USBD_GetString
                0x0000000008009532       0x8c Middlewares/ST/STM32_USB_Device_Library/Core/Src/usbd_ctlreq.o
                0x0000000008009532                USBD_GetString
 .text.USBD_GetLen
                0x00000000080095be       0x34 Middlewares/ST/STM32_USB_Device_Library/Core/Src/usbd_ctlreq.o
 .text.USBD_CtlSendData
                0x00000000080095f2       0x36 Middlewares/ST/STM32_USB_Device_Library/Core/Src/usbd_ioreq.o
                0x00000000080095f2                USBD_CtlSendData
 .text.USBD_CtlContinueSendData
                0x0000000008009628       0x22 Middlewares/ST/STM32_USB_Device_Library/Core/Src/usbd_ioreq.o
                0x0000000008009628                USBD_CtlContinueSendData
 .text.USBD_CtlPrepareRx
                0x000000000800964a       0x3a Middlewares/ST/STM32_USB_Device_Library/Core/Src/usbd_ioreq.o
                0x000000000800964a                USBD_CtlPrepareRx
 .text.USBD_CtlContinueRx
                0x0000000008009684       0x22 Middlewares/ST/STM32_USB_Device_Library/Core/Src/usbd_ioreq.o
                0x0000000008009684                USBD_CtlContinueRx
 .text.USBD_CtlSendStatus
                0x00000000080096a6       0x26 Middlewares/ST/STM32_USB_Device_Library/Core/Src/usbd_ioreq.o
                0x00000000080096a6                USBD_CtlSendStatus
 .text.USBD_CtlReceiveStatus
                0x00000000080096cc       0x26 Middlewares/ST/STM32_USB_Device_Library/Core/Src/usbd_ioreq.o
                0x00000000080096cc                USBD_CtlReceiveStatus
 *fill*         0x00000000080096f2        0x2 
 .text.MX_USB_DEVICE_Init
                0x00000000080096f4       0x60 USB_DEVICE/App/usb_device.o
                0x00000000080096f4                MX_USB_DEVICE_Init
 .text.CDC_Init_FS
                0x0000000008009754       0x28 USB_DEVICE/App/usbd_cdc_if.o
 .text.CDC_DeInit_FS
                0x000000000800977c       0x10 USB_DEVICE/App/usbd_cdc_if.o
 .text.CDC_Control_FS
                0x000000000800978c       0xbc USB_DEVICE/App/usbd_cdc_if.o
 .text.CDC_Receive_FS
                0x0000000008009848       0x28 USB_DEVICE/App/usbd_cdc_if.o
 .text.CDC_Transmit_FS
                0x0000000008009870       0x4c USB_DEVICE/App/usbd_cdc_if.o
                0x0000000008009870                CDC_Transmit_FS
 .text.CDC_TransmitCplt_FS
                0x00000000080098bc       0x22 USB_DEVICE/App/usbd_cdc_if.o
 *fill*         0x00000000080098de        0x2 
 .text.USBD_FS_DeviceDescriptor
                0x00000000080098e0       0x24 USB_DEVICE/App/usbd_desc.o
                0x00000000080098e0                USBD_FS_DeviceDescriptor
 .text.USBD_FS_LangIDStrDescriptor
                0x0000000008009904       0x24 USB_DEVICE/App/usbd_desc.o
                0x0000000008009904                USBD_FS_LangIDStrDescriptor
 .text.USBD_FS_ProductStrDescriptor
                0x0000000008009928       0x3c USB_DEVICE/App/usbd_desc.o
                0x0000000008009928                USBD_FS_ProductStrDescriptor
 .text.USBD_FS_ManufacturerStrDescriptor
                0x0000000008009964       0x28 USB_DEVICE/App/usbd_desc.o
                0x0000000008009964                USBD_FS_ManufacturerStrDescriptor
 .text.USBD_FS_SerialStrDescriptor
                0x000000000800998c       0x24 USB_DEVICE/App/usbd_desc.o
                0x000000000800998c                USBD_FS_SerialStrDescriptor
 .text.USBD_FS_ConfigStrDescriptor
                0x00000000080099b0       0x3c USB_DEVICE/App/usbd_desc.o
                0x00000000080099b0                USBD_FS_ConfigStrDescriptor
 .text.USBD_FS_InterfaceStrDescriptor
                0x00000000080099ec       0x3c USB_DEVICE/App/usbd_desc.o
                0x00000000080099ec                USBD_FS_InterfaceStrDescriptor
 .text.Get_SerialNum
                0x0000000008009a28       0x58 USB_DEVICE/App/usbd_desc.o
 .text.IntToUnicode
                0x0000000008009a80       0x7c USB_DEVICE/App/usbd_desc.o
 .text.HAL_PCD_MspInit
                0x0000000008009afc       0xc4 USB_DEVICE/Target/usbd_conf.o
                0x0000000008009afc                HAL_PCD_MspInit
 .text.HAL_PCD_SetupStageCallback
                0x0000000008009bc0       0x24 USB_DEVICE/Target/usbd_conf.o
                0x0000000008009bc0                HAL_PCD_SetupStageCallback
 .text.HAL_PCD_DataOutStageCallback
                0x0000000008009be4       0x36 USB_DEVICE/Target/usbd_conf.o
                0x0000000008009be4                HAL_PCD_DataOutStageCallback
 .text.HAL_PCD_DataInStageCallback
                0x0000000008009c1a       0x34 USB_DEVICE/Target/usbd_conf.o
                0x0000000008009c1a                HAL_PCD_DataInStageCallback
 .text.HAL_PCD_SOFCallback
                0x0000000008009c4e       0x1c USB_DEVICE/Target/usbd_conf.o
                0x0000000008009c4e                HAL_PCD_SOFCallback
 .text.HAL_PCD_ResetCallback
                0x0000000008009c6a       0x50 USB_DEVICE/Target/usbd_conf.o
                0x0000000008009c6a                HAL_PCD_ResetCallback
 *fill*         0x0000000008009cba        0x2 
 .text.HAL_PCD_SuspendCallback
                0x0000000008009cbc       0x4c USB_DEVICE/Target/usbd_conf.o
                0x0000000008009cbc                HAL_PCD_SuspendCallback
 .text.HAL_PCD_ResumeCallback
                0x0000000008009d08       0x1c USB_DEVICE/Target/usbd_conf.o
                0x0000000008009d08                HAL_PCD_ResumeCallback
 .text.HAL_PCD_ISOOUTIncompleteCallback
                0x0000000008009d24       0x24 USB_DEVICE/Target/usbd_conf.o
                0x0000000008009d24                HAL_PCD_ISOOUTIncompleteCallback
 .text.HAL_PCD_ISOINIncompleteCallback
                0x0000000008009d48       0x24 USB_DEVICE/Target/usbd_conf.o
                0x0000000008009d48                HAL_PCD_ISOINIncompleteCallback
 .text.HAL_PCD_ConnectCallback
                0x0000000008009d6c       0x1c USB_DEVICE/Target/usbd_conf.o
                0x0000000008009d6c                HAL_PCD_ConnectCallback
 .text.HAL_PCD_DisconnectCallback
                0x0000000008009d88       0x1c USB_DEVICE/Target/usbd_conf.o
                0x0000000008009d88                HAL_PCD_DisconnectCallback
 .text.USBD_LL_Init
                0x0000000008009da4       0x98 USB_DEVICE/Target/usbd_conf.o
                0x0000000008009da4                USBD_LL_Init
 .text.USBD_LL_Start
                0x0000000008009e3c       0x36 USB_DEVICE/Target/usbd_conf.o
                0x0000000008009e3c                USBD_LL_Start
 .text.USBD_LL_OpenEP
                0x0000000008009e72       0x4c USB_DEVICE/Target/usbd_conf.o
                0x0000000008009e72                USBD_LL_OpenEP
 .text.USBD_LL_CloseEP
                0x0000000008009ebe       0x3e USB_DEVICE/Target/usbd_conf.o
                0x0000000008009ebe                USBD_LL_CloseEP
 .text.USBD_LL_StallEP
                0x0000000008009efc       0x3e USB_DEVICE/Target/usbd_conf.o
                0x0000000008009efc                USBD_LL_StallEP
 .text.USBD_LL_ClearStallEP
                0x0000000008009f3a       0x3e USB_DEVICE/Target/usbd_conf.o
                0x0000000008009f3a                USBD_LL_ClearStallEP
 .text.USBD_LL_IsStallEP
                0x0000000008009f78       0x58 USB_DEVICE/Target/usbd_conf.o
                0x0000000008009f78                USBD_LL_IsStallEP
 .text.USBD_LL_SetUSBAddress
                0x0000000008009fd0       0x3e USB_DEVICE/Target/usbd_conf.o
                0x0000000008009fd0                USBD_LL_SetUSBAddress
 .text.USBD_LL_Transmit
                0x000000000800a00e       0x42 USB_DEVICE/Target/usbd_conf.o
                0x000000000800a00e                USBD_LL_Transmit
 .text.USBD_LL_PrepareReceive
                0x000000000800a050       0x42 USB_DEVICE/Target/usbd_conf.o
                0x000000000800a050                USBD_LL_PrepareReceive
 .text.USBD_LL_GetRxDataSize
                0x000000000800a092       0x26 USB_DEVICE/Target/usbd_conf.o
                0x000000000800a092                USBD_LL_GetRxDataSize
 .text.USBD_Get_USB_Status
                0x000000000800a0b8       0x58 USB_DEVICE/Target/usbd_conf.o
                0x000000000800a0b8                USBD_Get_USB_Status
 .text.__errno  0x000000000800a110        0xc c:/st/stm32cubeide_1.4.0/stm32cubeide/plugins/com.st.stm32cube.ide.mcu.externaltools.gnu-tools-for-stm32.7-2018-q2-update.win32_1.4.0.202007081208/tools/bin/../lib/gcc/arm-none-eabi/7.3.1/../../../../arm-none-eabi/lib/thumb/v7e-m/fpv4-sp/hard\libc_nano.a(lib_a-errno.o)
                0x000000000800a110                __errno
 .text.__libc_init_array
                0x000000000800a11c       0x48 c:/st/stm32cubeide_1.4.0/stm32cubeide/plugins/com.st.stm32cube.ide.mcu.externaltools.gnu-tools-for-stm32.7-2018-q2-update.win32_1.4.0.202007081208/tools/bin/../lib/gcc/arm-none-eabi/7.3.1/../../../../arm-none-eabi/lib/thumb/v7e-m/fpv4-sp/hard\libc_nano.a(lib_a-init.o)
                0x000000000800a11c                __libc_init_array
 .text.malloc   0x000000000800a164       0x10 c:/st/stm32cubeide_1.4.0/stm32cubeide/plugins/com.st.stm32cube.ide.mcu.externaltools.gnu-tools-for-stm32.7-2018-q2-update.win32_1.4.0.202007081208/tools/bin/../lib/gcc/arm-none-eabi/7.3.1/../../../../arm-none-eabi/lib/thumb/v7e-m/fpv4-sp/hard\libc_nano.a(lib_a-malloc.o)
                0x000000000800a164                malloc
 .text.free     0x000000000800a174       0x10 c:/st/stm32cubeide_1.4.0/stm32cubeide/plugins/com.st.stm32cube.ide.mcu.externaltools.gnu-tools-for-stm32.7-2018-q2-update.win32_1.4.0.202007081208/tools/bin/../lib/gcc/arm-none-eabi/7.3.1/../../../../arm-none-eabi/lib/thumb/v7e-m/fpv4-sp/hard\libc_nano.a(lib_a-malloc.o)
                0x000000000800a174                free
 .text.memcpy   0x000000000800a184       0x16 c:/st/stm32cubeide_1.4.0/stm32cubeide/plugins/com.st.stm32cube.ide.mcu.externaltools.gnu-tools-for-stm32.7-2018-q2-update.win32_1.4.0.202007081208/tools/bin/../lib/gcc/arm-none-eabi/7.3.1/../../../../arm-none-eabi/lib/thumb/v7e-m/fpv4-sp/hard\libc_nano.a(lib_a-memcpy-stub.o)
                0x000000000800a184                memcpy
 .text.memset   0x000000000800a19a       0x10 c:/st/stm32cubeide_1.4.0/stm32cubeide/plugins/com.st.stm32cube.ide.mcu.externaltools.gnu-tools-for-stm32.7-2018-q2-update.win32_1.4.0.202007081208/tools/bin/../lib/gcc/arm-none-eabi/7.3.1/../../../../arm-none-eabi/lib/thumb/v7e-m/fpv4-sp/hard\libc_nano.a(lib_a-memset.o)
                0x000000000800a19a                memset
 *fill*         0x000000000800a1aa        0x2 
 .text._free_r  0x000000000800a1ac       0x9c c:/st/stm32cubeide_1.4.0/stm32cubeide/plugins/com.st.stm32cube.ide.mcu.externaltools.gnu-tools-for-stm32.7-2018-q2-update.win32_1.4.0.202007081208/tools/bin/../lib/gcc/arm-none-eabi/7.3.1/../../../../arm-none-eabi/lib/thumb/v7e-m/fpv4-sp/hard\libc_nano.a(lib_a-nano-freer.o)
                0x000000000800a1ac                _free_r
 .text._malloc_r
                0x000000000800a248       0xb4 c:/st/stm32cubeide_1.4.0/stm32cubeide/plugins/com.st.stm32cube.ide.mcu.externaltools.gnu-tools-for-stm32.7-2018-q2-update.win32_1.4.0.202007081208/tools/bin/../lib/gcc/arm-none-eabi/7.3.1/../../../../arm-none-eabi/lib/thumb/v7e-m/fpv4-sp/hard\libc_nano.a(lib_a-nano-mallocr.o)
                0x000000000800a248                _malloc_r
 .text._sbrk_r  0x000000000800a2fc       0x20 c:/st/stm32cubeide_1.4.0/stm32cubeide/plugins/com.st.stm32cube.ide.mcu.externaltools.gnu-tools-for-stm32.7-2018-q2-update.win32_1.4.0.202007081208/tools/bin/../lib/gcc/arm-none-eabi/7.3.1/../../../../arm-none-eabi/lib/thumb/v7e-m/fpv4-sp/hard\libc_nano.a(lib_a-sbrkr.o)
                0x000000000800a2fc                _sbrk_r
 .text.sprintf  0x000000000800a31c       0x40 c:/st/stm32cubeide_1.4.0/stm32cubeide/plugins/com.st.stm32cube.ide.mcu.externaltools.gnu-tools-for-stm32.7-2018-q2-update.win32_1.4.0.202007081208/tools/bin/../lib/gcc/arm-none-eabi/7.3.1/../../../../arm-none-eabi/lib/thumb/v7e-m/fpv4-sp/hard\libc_nano.a(lib_a-sprintf.o)
                0x000000000800a31c                siprintf
                0x000000000800a31c                sprintf
 .text.__malloc_lock
                0x000000000800a35c        0x2 c:/st/stm32cubeide_1.4.0/stm32cubeide/plugins/com.st.stm32cube.ide.mcu.externaltools.gnu-tools-for-stm32.7-2018-q2-update.win32_1.4.0.202007081208/tools/bin/../lib/gcc/arm-none-eabi/7.3.1/../../../../arm-none-eabi/lib/thumb/v7e-m/fpv4-sp/hard\libc_nano.a(lib_a-mlock.o)
                0x000000000800a35c                __malloc_lock
 .text.__malloc_unlock
                0x000000000800a35e        0x2 c:/st/stm32cubeide_1.4.0/stm32cubeide/plugins/com.st.stm32cube.ide.mcu.externaltools.gnu-tools-for-stm32.7-2018-q2-update.win32_1.4.0.202007081208/tools/bin/../lib/gcc/arm-none-eabi/7.3.1/../../../../arm-none-eabi/lib/thumb/v7e-m/fpv4-sp/hard\libc_nano.a(lib_a-mlock.o)
                0x000000000800a35e                __malloc_unlock
 .text.__ssputs_r
                0x000000000800a360       0xb4 c:/st/stm32cubeide_1.4.0/stm32cubeide/plugins/com.st.stm32cube.ide.mcu.externaltools.gnu-tools-for-stm32.7-2018-q2-update.win32_1.4.0.202007081208/tools/bin/../lib/gcc/arm-none-eabi/7.3.1/../../../../arm-none-eabi/lib/thumb/v7e-m/fpv4-sp/hard\libc_nano.a(lib_a-nano-svfprintf.o)
                0x000000000800a360                __ssputs_r
 .text._svfprintf_r
                0x000000000800a414      0x1f0 c:/st/stm32cubeide_1.4.0/stm32cubeide/plugins/com.st.stm32cube.ide.mcu.externaltools.gnu-tools-for-stm32.7-2018-q2-update.win32_1.4.0.202007081208/tools/bin/../lib/gcc/arm-none-eabi/7.3.1/../../../../arm-none-eabi/lib/thumb/v7e-m/fpv4-sp/hard\libc_nano.a(lib_a-nano-svfprintf.o)
                0x000000000800a414                _svfiprintf_r
                0x000000000800a414                _svfprintf_r
 .text._printf_common
                0x000000000800a604       0xea c:/st/stm32cubeide_1.4.0/stm32cubeide/plugins/com.st.stm32cube.ide.mcu.externaltools.gnu-tools-for-stm32.7-2018-q2-update.win32_1.4.0.202007081208/tools/bin/../lib/gcc/arm-none-eabi/7.3.1/../../../../arm-none-eabi/lib/thumb/v7e-m/fpv4-sp/hard\libc_nano.a(lib_a-nano-vfprintf_i.o)
                0x000000000800a604                _printf_common
 *fill*         0x000000000800a6ee        0x2 
 .text._printf_i
                0x000000000800a6f0      0x224 c:/st/stm32cubeide_1.4.0/stm32cubeide/plugins/com.st.stm32cube.ide.mcu.externaltools.gnu-tools-for-stm32.7-2018-q2-update.win32_1.4.0.202007081208/tools/bin/../lib/gcc/arm-none-eabi/7.3.1/../../../../arm-none-eabi/lib/thumb/v7e-m/fpv4-sp/hard\libc_nano.a(lib_a-nano-vfprintf_i.o)
                0x000000000800a6f0                _printf_i
 .text.memmove  0x000000000800a914       0x32 c:/st/stm32cubeide_1.4.0/stm32cubeide/plugins/com.st.stm32cube.ide.mcu.externaltools.gnu-tools-for-stm32.7-2018-q2-update.win32_1.4.0.202007081208/tools/bin/../lib/gcc/arm-none-eabi/7.3.1/../../../../arm-none-eabi/lib/thumb/v7e-m/fpv4-sp/hard\libc_nano.a(lib_a-memmove.o)
                0x000000000800a914                memmove
 .text._realloc_r
                0x000000000800a946       0x4c c:/st/stm32cubeide_1.4.0/stm32cubeide/plugins/com.st.stm32cube.ide.mcu.externaltools.gnu-tools-for-stm32.7-2018-q2-update.win32_1.4.0.202007081208/tools/bin/../lib/gcc/arm-none-eabi/7.3.1/../../../../arm-none-eabi/lib/thumb/v7e-m/fpv4-sp/hard\libc_nano.a(lib_a-nano-reallocr.o)
                0x000000000800a946                _realloc_r
 .text._malloc_usable_size_r
                0x000000000800a992       0x10 c:/st/stm32cubeide_1.4.0/stm32cubeide/plugins/com.st.stm32cube.ide.mcu.externaltools.gnu-tools-for-stm32.7-2018-q2-update.win32_1.4.0.202007081208/tools/bin/../lib/gcc/arm-none-eabi/7.3.1/../../../../arm-none-eabi/lib/thumb/v7e-m/fpv4-sp/hard\libc_nano.a(lib_a-nano-msizer.o)
                0x000000000800a992                _malloc_usable_size_r
 *(.glue_7)
 .glue_7        0x000000000800a9a2        0x0 linker stubs
 *(.glue_7t)
 .glue_7t       0x000000000800a9a2        0x0 linker stubs
 *(.eh_frame)
 *fill*         0x000000000800a9a2        0x2 
 .eh_frame      0x000000000800a9a4        0x0 c:/st/stm32cubeide_1.4.0/stm32cubeide/plugins/com.st.stm32cube.ide.mcu.externaltools.gnu-tools-for-stm32.7-2018-q2-update.win32_1.4.0.202007081208/tools/bin/../lib/gcc/arm-none-eabi/7.3.1/thumb/v7e-m/fpv4-sp/hard/crtbegin.o
 *(.init)
 .init          0x000000000800a9a4        0x4 c:/st/stm32cubeide_1.4.0/stm32cubeide/plugins/com.st.stm32cube.ide.mcu.externaltools.gnu-tools-for-stm32.7-2018-q2-update.win32_1.4.0.202007081208/tools/bin/../lib/gcc/arm-none-eabi/7.3.1/thumb/v7e-m/fpv4-sp/hard/crti.o
                0x000000000800a9a4                _init
 .init          0x000000000800a9a8        0x8 c:/st/stm32cubeide_1.4.0/stm32cubeide/plugins/com.st.stm32cube.ide.mcu.externaltools.gnu-tools-for-stm32.7-2018-q2-update.win32_1.4.0.202007081208/tools/bin/../lib/gcc/arm-none-eabi/7.3.1/thumb/v7e-m/fpv4-sp/hard/crtn.o
 *(.fini)
 .fini          0x000000000800a9b0        0x4 c:/st/stm32cubeide_1.4.0/stm32cubeide/plugins/com.st.stm32cube.ide.mcu.externaltools.gnu-tools-for-stm32.7-2018-q2-update.win32_1.4.0.202007081208/tools/bin/../lib/gcc/arm-none-eabi/7.3.1/thumb/v7e-m/fpv4-sp/hard/crti.o
                0x000000000800a9b0                _fini
 .fini          0x000000000800a9b4        0x8 c:/st/stm32cubeide_1.4.0/stm32cubeide/plugins/com.st.stm32cube.ide.mcu.externaltools.gnu-tools-for-stm32.7-2018-q2-update.win32_1.4.0.202007081208/tools/bin/../lib/gcc/arm-none-eabi/7.3.1/thumb/v7e-m/fpv4-sp/hard/crtn.o
                0x000000000800a9bc                . = ALIGN (0x4)
                0x000000000800a9bc                _etext = .

.vfp11_veneer   0x000000000800a9bc        0x0
 .vfp11_veneer  0x000000000800a9bc        0x0 linker stubs

.v4_bx          0x000000000800a9bc        0x0
 .v4_bx         0x000000000800a9bc        0x0 linker stubs

.iplt           0x000000000800a9bc        0x0
 .iplt          0x000000000800a9bc        0x0 c:/st/stm32cubeide_1.4.0/stm32cubeide/plugins/com.st.stm32cube.ide.mcu.externaltools.gnu-tools-for-stm32.7-2018-q2-update.win32_1.4.0.202007081208/tools/bin/../lib/gcc/arm-none-eabi/7.3.1/thumb/v7e-m/fpv4-sp/hard/crtbegin.o

.rodata         0x000000000800a9bc      0x5ec
                0x000000000800a9bc                . = ALIGN (0x4)
 *(.rodata)
 .rodata        0x000000000800a9bc       0x14 Core/Src/main.o
 .rodata        0x000000000800a9d0      0x541 Lib/MY_NRF24.o
 *fill*         0x000000000800af11        0x3 
 .rodata        0x000000000800af14       0x46 USB_DEVICE/App/usbd_desc.o
 *(.rodata*)
 *fill*         0x000000000800af5a        0x2 
 .rodata.AHBPrescTable
                0x000000000800af5c       0x10 Core/Src/system_stm32f4xx.o
                0x000000000800af5c                AHBPrescTable
 .rodata.APBPrescTable
                0x000000000800af6c        0x8 Core/Src/system_stm32f4xx.o
                0x000000000800af6c                APBPrescTable
 .rodata._svfprintf_r.str1.1
                0x000000000800af74       0x11 c:/st/stm32cubeide_1.4.0/stm32cubeide/plugins/com.st.stm32cube.ide.mcu.externaltools.gnu-tools-for-stm32.7-2018-q2-update.win32_1.4.0.202007081208/tools/bin/../lib/gcc/arm-none-eabi/7.3.1/../../../../arm-none-eabi/lib/thumb/v7e-m/fpv4-sp/hard\libc_nano.a(lib_a-nano-svfprintf.o)
 .rodata._printf_i.str1.1
                0x000000000800af85       0x22 c:/st/stm32cubeide_1.4.0/stm32cubeide/plugins/com.st.stm32cube.ide.mcu.externaltools.gnu-tools-for-stm32.7-2018-q2-update.win32_1.4.0.202007081208/tools/bin/../lib/gcc/arm-none-eabi/7.3.1/../../../../arm-none-eabi/lib/thumb/v7e-m/fpv4-sp/hard\libc_nano.a(lib_a-nano-vfprintf_i.o)
                0x000000000800afa8                . = ALIGN (0x4)
 *fill*         0x000000000800afa7        0x1 

.ARM.extab      0x000000000800afa8        0x0
                0x000000000800afa8                . = ALIGN (0x4)
 *(.ARM.extab* .gnu.linkonce.armextab.*)
                0x000000000800afa8                . = ALIGN (0x4)

.ARM            0x000000000800afa8        0x8
                0x000000000800afa8                . = ALIGN (0x4)
                0x000000000800afa8                __exidx_start = .
 *(.ARM.exidx*)
 .ARM.exidx     0x000000000800afa8        0x8 c:/st/stm32cubeide_1.4.0/stm32cubeide/plugins/com.st.stm32cube.ide.mcu.externaltools.gnu-tools-for-stm32.7-2018-q2-update.win32_1.4.0.202007081208/tools/bin/../lib/gcc/arm-none-eabi/7.3.1/thumb/v7e-m/fpv4-sp/hard\libgcc.a(_udivmoddi4.o)
                0x000000000800afb0                __exidx_end = .
                0x000000000800afb0                . = ALIGN (0x4)

.rel.dyn        0x000000000800afb0        0x0
 .rel.iplt      0x000000000800afb0        0x0 c:/st/stm32cubeide_1.4.0/stm32cubeide/plugins/com.st.stm32cube.ide.mcu.externaltools.gnu-tools-for-stm32.7-2018-q2-update.win32_1.4.0.202007081208/tools/bin/../lib/gcc/arm-none-eabi/7.3.1/thumb/v7e-m/fpv4-sp/hard/crtbegin.o

.preinit_array  0x000000000800afb0        0x0
                0x000000000800afb0                . = ALIGN (0x4)
                0x000000000800afb0                PROVIDE (__preinit_array_start = .)
 *(.preinit_array*)
                0x000000000800afb0                PROVIDE (__preinit_array_end = .)
                0x000000000800afb0                . = ALIGN (0x4)

.init_array     0x000000000800afb0        0x4
                0x000000000800afb0                . = ALIGN (0x4)
                0x000000000800afb0                PROVIDE (__init_array_start = .)
 *(SORT_BY_NAME(.init_array.*))
 *(.init_array*)
 .init_array    0x000000000800afb0        0x4 c:/st/stm32cubeide_1.4.0/stm32cubeide/plugins/com.st.stm32cube.ide.mcu.externaltools.gnu-tools-for-stm32.7-2018-q2-update.win32_1.4.0.202007081208/tools/bin/../lib/gcc/arm-none-eabi/7.3.1/thumb/v7e-m/fpv4-sp/hard/crtbegin.o
                0x000000000800afb4                PROVIDE (__init_array_end = .)
                0x000000000800afb4                . = ALIGN (0x4)

.fini_array     0x000000000800afb4        0x4
                0x000000000800afb4                . = ALIGN (0x4)
                [!provide]                        PROVIDE (__fini_array_start = .)
 *(SORT_BY_NAME(.fini_array.*))
 *(.fini_array*)
 .fini_array    0x000000000800afb4        0x4 c:/st/stm32cubeide_1.4.0/stm32cubeide/plugins/com.st.stm32cube.ide.mcu.externaltools.gnu-tools-for-stm32.7-2018-q2-update.win32_1.4.0.202007081208/tools/bin/../lib/gcc/arm-none-eabi/7.3.1/thumb/v7e-m/fpv4-sp/hard/crtbegin.o
                [!provide]                        PROVIDE (__fini_array_end = .)
                0x000000000800afb8                . = ALIGN (0x4)
                0x000000000800afb8                _sidata = LOADADDR (.data)

.data           0x0000000020000000      0x1e4 load address 0x000000000800afb8
                0x0000000020000000                . = ALIGN (0x4)
                0x0000000020000000                _sdata = .
 *(.data)
 *(.data*)
 .data.SystemCoreClock
                0x0000000020000000        0x4 Core/Src/system_stm32f4xx.o
                0x0000000020000000                SystemCoreClock
 .data.uwTickPrio
                0x0000000020000004        0x4 Drivers/STM32F4xx_HAL_Driver/Src/stm32f4xx_hal.o
                0x0000000020000004                uwTickPrio
 .data.uwTickFreq
                0x0000000020000008        0x1 Drivers/STM32F4xx_HAL_Driver/Src/stm32f4xx_hal.o
                0x0000000020000008                uwTickFreq
 *fill*         0x0000000020000009        0x3 
 .data.USBD_CDC_DeviceQualifierDesc
                0x000000002000000c        0xa Middlewares/ST/STM32_USB_Device_Library/Class/CDC/Src/usbd_cdc.o
 *fill*         0x0000000020000016        0x2 
 .data.USBD_CDC
                0x0000000020000018       0x38 Middlewares/ST/STM32_USB_Device_Library/Class/CDC/Src/usbd_cdc.o
                0x0000000020000018                USBD_CDC
 .data.USBD_CDC_CfgHSDesc
                0x0000000020000050       0x43 Middlewares/ST/STM32_USB_Device_Library/Class/CDC/Src/usbd_cdc.o
 *fill*         0x0000000020000093        0x1 
 .data.USBD_CDC_CfgFSDesc
                0x0000000020000094       0x43 Middlewares/ST/STM32_USB_Device_Library/Class/CDC/Src/usbd_cdc.o
 *fill*         0x00000000200000d7        0x1 
 .data.USBD_CDC_OtherSpeedCfgDesc
                0x00000000200000d8       0x43 Middlewares/ST/STM32_USB_Device_Library/Class/CDC/Src/usbd_cdc.o
 *fill*         0x000000002000011b        0x1 
 .data.USBD_Interface_fops_FS
                0x000000002000011c       0x14 USB_DEVICE/App/usbd_cdc_if.o
                0x000000002000011c                USBD_Interface_fops_FS
 .data.FS_Desc  0x0000000020000130       0x1c USB_DEVICE/App/usbd_desc.o
                0x0000000020000130                FS_Desc
 .data.USBD_FS_DeviceDesc
                0x000000002000014c       0x12 USB_DEVICE/App/usbd_desc.o
                0x000000002000014c                USBD_FS_DeviceDesc
 *fill*         0x000000002000015e        0x2 
 .data.USBD_LangIDDesc
                0x0000000020000160        0x4 USB_DEVICE/App/usbd_desc.o
                0x0000000020000160                USBD_LangIDDesc
 .data.USBD_StringSerial
                0x0000000020000164       0x1a USB_DEVICE/App/usbd_desc.o
                0x0000000020000164                USBD_StringSerial
 *fill*         0x000000002000017e        0x2 
 .data._impure_ptr
                0x0000000020000180        0x4 c:/st/stm32cubeide_1.4.0/stm32cubeide/plugins/com.st.stm32cube.ide.mcu.externaltools.gnu-tools-for-stm32.7-2018-q2-update.win32_1.4.0.202007081208/tools/bin/../lib/gcc/arm-none-eabi/7.3.1/../../../../arm-none-eabi/lib/thumb/v7e-m/fpv4-sp/hard\libc_nano.a(lib_a-impure.o)
                0x0000000020000180                _impure_ptr
 .data.impure_data
                0x0000000020000184       0x60 c:/st/stm32cubeide_1.4.0/stm32cubeide/plugins/com.st.stm32cube.ide.mcu.externaltools.gnu-tools-for-stm32.7-2018-q2-update.win32_1.4.0.202007081208/tools/bin/../lib/gcc/arm-none-eabi/7.3.1/../../../../arm-none-eabi/lib/thumb/v7e-m/fpv4-sp/hard\libc_nano.a(lib_a-impure.o)
                0x00000000200001e4                . = ALIGN (0x4)
                0x00000000200001e4                _edata = .

.igot.plt       0x00000000200001e4        0x0 load address 0x000000000800b19c
 .igot.plt      0x00000000200001e4        0x0 c:/st/stm32cubeide_1.4.0/stm32cubeide/plugins/com.st.stm32cube.ide.mcu.externaltools.gnu-tools-for-stm32.7-2018-q2-update.win32_1.4.0.202007081208/tools/bin/../lib/gcc/arm-none-eabi/7.3.1/thumb/v7e-m/fpv4-sp/hard/crtbegin.o
                0x00000000200001e4                . = ALIGN (0x4)

.bss            0x00000000200001e4     0x1afc load address 0x000000000800b19c
                0x00000000200001e4                _sbss = .
                0x00000000200001e4                __bss_start__ = _sbss
 *(.bss)
 .bss           0x00000000200001e4       0x1c c:/st/stm32cubeide_1.4.0/stm32cubeide/plugins/com.st.stm32cube.ide.mcu.externaltools.gnu-tools-for-stm32.7-2018-q2-update.win32_1.4.0.202007081208/tools/bin/../lib/gcc/arm-none-eabi/7.3.1/thumb/v7e-m/fpv4-sp/hard/crtbegin.o
 *(.bss*)
 .bss.__sbrk_heap_end
                0x0000000020000200        0x4 Core/Src/sysmem.o
 .bss.payload_size
                0x0000000020000204        0x1 Lib/MY_NRF24.o
 .bss.dynamic_payloads_enabled
                0x0000000020000205        0x1 Lib/MY_NRF24.o
 .bss.wide_band
                0x0000000020000206        0x1 Lib/MY_NRF24.o
 *fill*         0x0000000020000207        0x1 
 .bss.nrf24_PORT
                0x0000000020000208        0x4 Lib/MY_NRF24.o
 .bss.nrf24_CSN_PIN
                0x000000002000020c        0x2 Lib/MY_NRF24.o
 .bss.nrf24_CE_PIN
                0x000000002000020e        0x2 Lib/MY_NRF24.o
 .bss.nrf24_hspi
                0x0000000020000210       0x58 Lib/MY_NRF24.o
 .bss.cfgidx.10725
                0x0000000020000268        0x1 Middlewares/ST/STM32_USB_Device_Library/Core/Src/usbd_ctlreq.o
 *fill*         0x0000000020000269        0x3 
 .bss.__malloc_free_list
                0x000000002000026c        0x4 c:/st/stm32cubeide_1.4.0/stm32cubeide/plugins/com.st.stm32cube.ide.mcu.externaltools.gnu-tools-for-stm32.7-2018-q2-update.win32_1.4.0.202007081208/tools/bin/../lib/gcc/arm-none-eabi/7.3.1/../../../../arm-none-eabi/lib/thumb/v7e-m/fpv4-sp/hard\libc_nano.a(lib_a-nano-mallocr.o)
                0x000000002000026c                __malloc_free_list
 .bss.__malloc_sbrk_start
                0x0000000020000270        0x4 c:/st/stm32cubeide_1.4.0/stm32cubeide/plugins/com.st.stm32cube.ide.mcu.externaltools.gnu-tools-for-stm32.7-2018-q2-update.win32_1.4.0.202007081208/tools/bin/../lib/gcc/arm-none-eabi/7.3.1/../../../../arm-none-eabi/lib/thumb/v7e-m/fpv4-sp/hard\libc_nano.a(lib_a-nano-mallocr.o)
                0x0000000020000270                __malloc_sbrk_start
 *(COMMON)
 COMMON         0x0000000020000274      0x18c Core/Src/main.o
                0x0000000020000274                hspi2
                0x00000000200002cc                hi2c1
                0x0000000020000320                htim1
                0x0000000020000360                hspi1
                0x00000000200003b8                hi2s3
 COMMON         0x0000000020000400        0x4 Drivers/STM32F4xx_HAL_Driver/Src/stm32f4xx_hal.o
                0x0000000020000400                uwTick
 COMMON         0x0000000020000404      0x2d0 USB_DEVICE/App/usb_device.o
                0x0000000020000404                hUsbDeviceFS
 COMMON         0x00000000200006d4     0x1000 USB_DEVICE/App/usbd_cdc_if.o
                0x00000000200006d4                UserRxBufferFS
                0x0000000020000ed4                UserTxBufferFS
 COMMON         0x00000000200016d4      0x200 USB_DEVICE/App/usbd_desc.o
                0x00000000200016d4                USBD_StrDesc
 COMMON         0x00000000200018d4      0x408 USB_DEVICE/Target/usbd_conf.o
                0x00000000200018d4                hpcd_USB_OTG_FS
 COMMON         0x0000000020001cdc        0x4 c:/st/stm32cubeide_1.4.0/stm32cubeide/plugins/com.st.stm32cube.ide.mcu.externaltools.gnu-tools-for-stm32.7-2018-q2-update.win32_1.4.0.202007081208/tools/bin/../lib/gcc/arm-none-eabi/7.3.1/../../../../arm-none-eabi/lib/thumb/v7e-m/fpv4-sp/hard\libc_nano.a(lib_a-reent.o)
                0x0000000020001cdc                errno
                0x0000000020001ce0                . = ALIGN (0x4)
                0x0000000020001ce0                _ebss = .
                0x0000000020001ce0                __bss_end__ = _ebss

._user_heap_stack
                0x0000000020001ce0      0x600 load address 0x000000000800b19c
                0x0000000020001ce0                . = ALIGN (0x8)
                [!provide]                        PROVIDE (end = .)
                0x0000000020001ce0                PROVIDE (_end = .)
                0x0000000020001ee0                . = (. + _Min_Heap_Size)
 *fill*         0x0000000020001ce0      0x200 
                0x00000000200022e0                . = (. + _Min_Stack_Size)
 *fill*         0x0000000020001ee0      0x400 
                0x00000000200022e0                . = ALIGN (0x8)

/DISCARD/
 libc.a(*)
 libm.a(*)
 libgcc.a(*)

.ARM.attributes
                0x0000000000000000       0x30
 *(.ARM.attributes)
 .ARM.attributes
                0x0000000000000000       0x22 c:/st/stm32cubeide_1.4.0/stm32cubeide/plugins/com.st.stm32cube.ide.mcu.externaltools.gnu-tools-for-stm32.7-2018-q2-update.win32_1.4.0.202007081208/tools/bin/../lib/gcc/arm-none-eabi/7.3.1/thumb/v7e-m/fpv4-sp/hard/crti.o
 .ARM.attributes
                0x0000000000000022       0x34 c:/st/stm32cubeide_1.4.0/stm32cubeide/plugins/com.st.stm32cube.ide.mcu.externaltools.gnu-tools-for-stm32.7-2018-q2-update.win32_1.4.0.202007081208/tools/bin/../lib/gcc/arm-none-eabi/7.3.1/thumb/v7e-m/fpv4-sp/hard/crtbegin.o
 .ARM.attributes
                0x0000000000000056       0x39 Core/Src/main.o
 .ARM.attributes
                0x000000000000008f       0x39 Core/Src/stm32f4xx_hal_msp.o
 .ARM.attributes
                0x00000000000000c8       0x39 Core/Src/stm32f4xx_it.o
 .ARM.attributes
                0x0000000000000101       0x39 Core/Src/sysmem.o
 .ARM.attributes
                0x000000000000013a       0x39 Core/Src/system_stm32f4xx.o
 .ARM.attributes
                0x0000000000000173       0x21 Core/Startup/startup_stm32f407vgtx.o
 .ARM.attributes
                0x0000000000000194       0x39 Drivers/STM32F4xx_HAL_Driver/Src/stm32f4xx_hal.o
 .ARM.attributes
                0x00000000000001cd       0x39 Drivers/STM32F4xx_HAL_Driver/Src/stm32f4xx_hal_cortex.o
 .ARM.attributes
                0x0000000000000206       0x39 Drivers/STM32F4xx_HAL_Driver/Src/stm32f4xx_hal_dma.o
 .ARM.attributes
                0x000000000000023f       0x39 Drivers/STM32F4xx_HAL_Driver/Src/stm32f4xx_hal_gpio.o
 .ARM.attributes
                0x0000000000000278       0x39 Drivers/STM32F4xx_HAL_Driver/Src/stm32f4xx_hal_i2c.o
 .ARM.attributes
                0x00000000000002b1       0x39 Drivers/STM32F4xx_HAL_Driver/Src/stm32f4xx_hal_i2s.o
 .ARM.attributes
                0x00000000000002ea       0x39 Drivers/STM32F4xx_HAL_Driver/Src/stm32f4xx_hal_i2s_ex.o
 .ARM.attributes
                0x0000000000000323       0x39 Drivers/STM32F4xx_HAL_Driver/Src/stm32f4xx_hal_pcd.o
 .ARM.attributes
                0x000000000000035c       0x39 Drivers/STM32F4xx_HAL_Driver/Src/stm32f4xx_hal_pcd_ex.o
 .ARM.attributes
                0x0000000000000395       0x39 Drivers/STM32F4xx_HAL_Driver/Src/stm32f4xx_hal_rcc.o
 .ARM.attributes
                0x00000000000003ce       0x39 Drivers/STM32F4xx_HAL_Driver/Src/stm32f4xx_hal_rcc_ex.o
 .ARM.attributes
                0x0000000000000407       0x39 Drivers/STM32F4xx_HAL_Driver/Src/stm32f4xx_hal_spi.o
 .ARM.attributes
                0x0000000000000440       0x39 Drivers/STM32F4xx_HAL_Driver/Src/stm32f4xx_hal_tim.o
 .ARM.attributes
                0x0000000000000479       0x39 Drivers/STM32F4xx_HAL_Driver/Src/stm32f4xx_hal_tim_ex.o
 .ARM.attributes
                0x00000000000004b2       0x39 Drivers/STM32F4xx_HAL_Driver/Src/stm32f4xx_ll_usb.o
 .ARM.attributes
                0x00000000000004eb       0x39 Lib/MY_NRF24.o
 .ARM.attributes
                0x0000000000000524       0x39 Middlewares/ST/STM32_USB_Device_Library/Class/CDC/Src/usbd_cdc.o
 .ARM.attributes
                0x000000000000055d       0x39 Middlewares/ST/STM32_USB_Device_Library/Core/Src/usbd_core.o
 .ARM.attributes
                0x0000000000000596       0x39 Middlewares/ST/STM32_USB_Device_Library/Core/Src/usbd_ctlreq.o
 .ARM.attributes
                0x00000000000005cf       0x39 Middlewares/ST/STM32_USB_Device_Library/Core/Src/usbd_ioreq.o
 .ARM.attributes
                0x0000000000000608       0x39 USB_DEVICE/App/usb_device.o
 .ARM.attributes
                0x0000000000000641       0x39 USB_DEVICE/App/usbd_cdc_if.o
 .ARM.attributes
                0x000000000000067a       0x39 USB_DEVICE/App/usbd_desc.o
 .ARM.attributes
                0x00000000000006b3       0x39 USB_DEVICE/Target/usbd_conf.o
 .ARM.attributes
                0x00000000000006ec       0x34 c:/st/stm32cubeide_1.4.0/stm32cubeide/plugins/com.st.stm32cube.ide.mcu.externaltools.gnu-tools-for-stm32.7-2018-q2-update.win32_1.4.0.202007081208/tools/bin/../lib/gcc/arm-none-eabi/7.3.1/../../../../arm-none-eabi/lib/thumb/v7e-m/fpv4-sp/hard\libc_nano.a(lib_a-errno.o)
 .ARM.attributes
                0x0000000000000720       0x34 c:/st/stm32cubeide_1.4.0/stm32cubeide/plugins/com.st.stm32cube.ide.mcu.externaltools.gnu-tools-for-stm32.7-2018-q2-update.win32_1.4.0.202007081208/tools/bin/../lib/gcc/arm-none-eabi/7.3.1/../../../../arm-none-eabi/lib/thumb/v7e-m/fpv4-sp/hard\libc_nano.a(lib_a-impure.o)
 .ARM.attributes
                0x0000000000000754       0x34 c:/st/stm32cubeide_1.4.0/stm32cubeide/plugins/com.st.stm32cube.ide.mcu.externaltools.gnu-tools-for-stm32.7-2018-q2-update.win32_1.4.0.202007081208/tools/bin/../lib/gcc/arm-none-eabi/7.3.1/../../../../arm-none-eabi/lib/thumb/v7e-m/fpv4-sp/hard\libc_nano.a(lib_a-init.o)
 .ARM.attributes
                0x0000000000000788       0x34 c:/st/stm32cubeide_1.4.0/stm32cubeide/plugins/com.st.stm32cube.ide.mcu.externaltools.gnu-tools-for-stm32.7-2018-q2-update.win32_1.4.0.202007081208/tools/bin/../lib/gcc/arm-none-eabi/7.3.1/../../../../arm-none-eabi/lib/thumb/v7e-m/fpv4-sp/hard\libc_nano.a(lib_a-malloc.o)
 .ARM.attributes
                0x00000000000007bc       0x34 c:/st/stm32cubeide_1.4.0/stm32cubeide/plugins/com.st.stm32cube.ide.mcu.externaltools.gnu-tools-for-stm32.7-2018-q2-update.win32_1.4.0.202007081208/tools/bin/../lib/gcc/arm-none-eabi/7.3.1/../../../../arm-none-eabi/lib/thumb/v7e-m/fpv4-sp/hard\libc_nano.a(lib_a-memcpy-stub.o)
 .ARM.attributes
                0x00000000000007f0       0x34 c:/st/stm32cubeide_1.4.0/stm32cubeide/plugins/com.st.stm32cube.ide.mcu.externaltools.gnu-tools-for-stm32.7-2018-q2-update.win32_1.4.0.202007081208/tools/bin/../lib/gcc/arm-none-eabi/7.3.1/../../../../arm-none-eabi/lib/thumb/v7e-m/fpv4-sp/hard\libc_nano.a(lib_a-memset.o)
 .ARM.attributes
                0x0000000000000824       0x34 c:/st/stm32cubeide_1.4.0/stm32cubeide/plugins/com.st.stm32cube.ide.mcu.externaltools.gnu-tools-for-stm32.7-2018-q2-update.win32_1.4.0.202007081208/tools/bin/../lib/gcc/arm-none-eabi/7.3.1/../../../../arm-none-eabi/lib/thumb/v7e-m/fpv4-sp/hard\libc_nano.a(lib_a-nano-freer.o)
 .ARM.attributes
                0x0000000000000858       0x34 c:/st/stm32cubeide_1.4.0/stm32cubeide/plugins/com.st.stm32cube.ide.mcu.externaltools.gnu-tools-for-stm32.7-2018-q2-update.win32_1.4.0.202007081208/tools/bin/../lib/gcc/arm-none-eabi/7.3.1/../../../../arm-none-eabi/lib/thumb/v7e-m/fpv4-sp/hard\libc_nano.a(lib_a-nano-mallocr.o)
 .ARM.attributes
                0x000000000000088c       0x34 c:/st/stm32cubeide_1.4.0/stm32cubeide/plugins/com.st.stm32cube.ide.mcu.externaltools.gnu-tools-for-stm32.7-2018-q2-update.win32_1.4.0.202007081208/tools/bin/../lib/gcc/arm-none-eabi/7.3.1/../../../../arm-none-eabi/lib/thumb/v7e-m/fpv4-sp/hard\libc_nano.a(lib_a-sbrkr.o)
 .ARM.attributes
                0x00000000000008c0       0x34 c:/st/stm32cubeide_1.4.0/stm32cubeide/plugins/com.st.stm32cube.ide.mcu.externaltools.gnu-tools-for-stm32.7-2018-q2-update.win32_1.4.0.202007081208/tools/bin/../lib/gcc/arm-none-eabi/7.3.1/../../../../arm-none-eabi/lib/thumb/v7e-m/fpv4-sp/hard\libc_nano.a(lib_a-sprintf.o)
 .ARM.attributes
                0x00000000000008f4       0x1b c:/st/stm32cubeide_1.4.0/stm32cubeide/plugins/com.st.stm32cube.ide.mcu.externaltools.gnu-tools-for-stm32.7-2018-q2-update.win32_1.4.0.202007081208/tools/bin/../lib/gcc/arm-none-eabi/7.3.1/../../../../arm-none-eabi/lib/thumb/v7e-m/fpv4-sp/hard\libc_nano.a(lib_a-strlen.o)
 .ARM.attributes
                0x000000000000090f       0x34 c:/st/stm32cubeide_1.4.0/stm32cubeide/plugins/com.st.stm32cube.ide.mcu.externaltools.gnu-tools-for-stm32.7-2018-q2-update.win32_1.4.0.202007081208/tools/bin/../lib/gcc/arm-none-eabi/7.3.1/../../../../arm-none-eabi/lib/thumb/v7e-m/fpv4-sp/hard\libc_nano.a(lib_a-mlock.o)
 .ARM.attributes
                0x0000000000000943       0x34 c:/st/stm32cubeide_1.4.0/stm32cubeide/plugins/com.st.stm32cube.ide.mcu.externaltools.gnu-tools-for-stm32.7-2018-q2-update.win32_1.4.0.202007081208/tools/bin/../lib/gcc/arm-none-eabi/7.3.1/../../../../arm-none-eabi/lib/thumb/v7e-m/fpv4-sp/hard\libc_nano.a(lib_a-nano-svfprintf.o)
 .ARM.attributes
                0x0000000000000977       0x34 c:/st/stm32cubeide_1.4.0/stm32cubeide/plugins/com.st.stm32cube.ide.mcu.externaltools.gnu-tools-for-stm32.7-2018-q2-update.win32_1.4.0.202007081208/tools/bin/../lib/gcc/arm-none-eabi/7.3.1/../../../../arm-none-eabi/lib/thumb/v7e-m/fpv4-sp/hard\libc_nano.a(lib_a-nano-vfprintf_i.o)
 .ARM.attributes
                0x00000000000009ab       0x34 c:/st/stm32cubeide_1.4.0/stm32cubeide/plugins/com.st.stm32cube.ide.mcu.externaltools.gnu-tools-for-stm32.7-2018-q2-update.win32_1.4.0.202007081208/tools/bin/../lib/gcc/arm-none-eabi/7.3.1/../../../../arm-none-eabi/lib/thumb/v7e-m/fpv4-sp/hard\libc_nano.a(lib_a-reent.o)
 .ARM.attributes
                0x00000000000009df       0x20 c:/st/stm32cubeide_1.4.0/stm32cubeide/plugins/com.st.stm32cube.ide.mcu.externaltools.gnu-tools-for-stm32.7-2018-q2-update.win32_1.4.0.202007081208/tools/bin/../lib/gcc/arm-none-eabi/7.3.1/../../../../arm-none-eabi/lib/thumb/v7e-m/fpv4-sp/hard\libc_nano.a(lib_a-memchr.o)
 .ARM.attributes
                0x00000000000009ff       0x34 c:/st/stm32cubeide_1.4.0/stm32cubeide/plugins/com.st.stm32cube.ide.mcu.externaltools.gnu-tools-for-stm32.7-2018-q2-update.win32_1.4.0.202007081208/tools/bin/../lib/gcc/arm-none-eabi/7.3.1/../../../../arm-none-eabi/lib/thumb/v7e-m/fpv4-sp/hard\libc_nano.a(lib_a-memmove.o)
 .ARM.attributes
                0x0000000000000a33       0x34 c:/st/stm32cubeide_1.4.0/stm32cubeide/plugins/com.st.stm32cube.ide.mcu.externaltools.gnu-tools-for-stm32.7-2018-q2-update.win32_1.4.0.202007081208/tools/bin/../lib/gcc/arm-none-eabi/7.3.1/../../../../arm-none-eabi/lib/thumb/v7e-m/fpv4-sp/hard\libc_nano.a(lib_a-nano-reallocr.o)
 .ARM.attributes
                0x0000000000000a67       0x34 c:/st/stm32cubeide_1.4.0/stm32cubeide/plugins/com.st.stm32cube.ide.mcu.externaltools.gnu-tools-for-stm32.7-2018-q2-update.win32_1.4.0.202007081208/tools/bin/../lib/gcc/arm-none-eabi/7.3.1/../../../../arm-none-eabi/lib/thumb/v7e-m/fpv4-sp/hard\libc_nano.a(lib_a-nano-msizer.o)
 .ARM.attributes
                0x0000000000000a9b       0x22 c:/st/stm32cubeide_1.4.0/stm32cubeide/plugins/com.st.stm32cube.ide.mcu.externaltools.gnu-tools-for-stm32.7-2018-q2-update.win32_1.4.0.202007081208/tools/bin/../lib/gcc/arm-none-eabi/7.3.1/thumb/v7e-m/fpv4-sp/hard\libgcc.a(_aeabi_uldivmod.o)
 .ARM.attributes
                0x0000000000000abd       0x34 c:/st/stm32cubeide_1.4.0/stm32cubeide/plugins/com.st.stm32cube.ide.mcu.externaltools.gnu-tools-for-stm32.7-2018-q2-update.win32_1.4.0.202007081208/tools/bin/../lib/gcc/arm-none-eabi/7.3.1/thumb/v7e-m/fpv4-sp/hard\libgcc.a(_udivmoddi4.o)
 .ARM.attributes
                0x0000000000000af1       0x22 c:/st/stm32cubeide_1.4.0/stm32cubeide/plugins/com.st.stm32cube.ide.mcu.externaltools.gnu-tools-for-stm32.7-2018-q2-update.win32_1.4.0.202007081208/tools/bin/../lib/gcc/arm-none-eabi/7.3.1/thumb/v7e-m/fpv4-sp/hard\libgcc.a(_dvmd_tls.o)
 .ARM.attributes
                0x0000000000000b13       0x22 c:/st/stm32cubeide_1.4.0/stm32cubeide/plugins/com.st.stm32cube.ide.mcu.externaltools.gnu-tools-for-stm32.7-2018-q2-update.win32_1.4.0.202007081208/tools/bin/../lib/gcc/arm-none-eabi/7.3.1/thumb/v7e-m/fpv4-sp/hard/crtn.o
OUTPUT(SSL_Firmware.elf elf32-littlearm)

.debug_info     0x0000000000000000    0x1f88e
 .debug_info    0x0000000000000000     0x1d97 Core/Src/main.o
 .debug_info    0x0000000000001d97     0x1493 Core/Src/stm32f4xx_hal_msp.o
 .debug_info    0x000000000000322a      0xb1a Core/Src/stm32f4xx_it.o
 .debug_info    0x0000000000003d44      0x985 Core/Src/sysmem.o
 .debug_info    0x00000000000046c9      0x554 Core/Src/system_stm32f4xx.o
 .debug_info    0x0000000000004c1d       0x22 Core/Startup/startup_stm32f407vgtx.o
 .debug_info    0x0000000000004c3f      0x945 Drivers/STM32F4xx_HAL_Driver/Src/stm32f4xx_hal.o
 .debug_info    0x0000000000005584      0xe28 Drivers/STM32F4xx_HAL_Driver/Src/stm32f4xx_hal_cortex.o