Archive member included to satisfy reference by file (symbol)

c:/st/stm32cubeide_1.11.0/stm32cubeide/plugins/com.st.stm32cube.ide.mcu.externaltools.gnu-tools-for-stm32.10.3-2021.10.win32_1.0.200.202301161003/tools/bin/../lib/gcc/arm-none-eabi/10.3.1/../../../../arm-none-eabi/lib/thumb/v7e-m+fp/hard\libstdc++_nano.a(del_ops.o)
                              ./Core/Src/Components/BTS7960B.o (operator delete(void*, unsigned int))
c:/st/stm32cubeide_1.11.0/stm32cubeide/plugins/com.st.stm32cube.ide.mcu.externaltools.gnu-tools-for-stm32.10.3-2021.10.win32_1.0.200.202301161003/tools/bin/../lib/gcc/arm-none-eabi/10.3.1/../../../../arm-none-eabi/lib/thumb/v7e-m+fp/hard\libstdc++_nano.a(del_op.o)
                              c:/st/stm32cubeide_1.11.0/stm32cubeide/plugins/com.st.stm32cube.ide.mcu.externaltools.gnu-tools-for-stm32.10.3-2021.10.win32_1.0.200.202301161003/tools/bin/../lib/gcc/arm-none-eabi/10.3.1/../../../../arm-none-eabi/lib/thumb/v7e-m+fp/hard\libstdc++_nano.a(del_ops.o) (operator delete(void*))
c:/st/stm32cubeide_1.11.0/stm32cubeide/plugins/com.st.stm32cube.ide.mcu.externaltools.gnu-tools-for-stm32.10.3-2021.10.win32_1.0.200.202301161003/tools/bin/../lib/gcc/arm-none-eabi/10.3.1/../../../../arm-none-eabi/lib/thumb/v7e-m+fp/hard\libc_nano.a(lib_a-errno.o)
                              ./Core/Src/syscalls.o (__errno)
c:/st/stm32cubeide_1.11.0/stm32cubeide/plugins/com.st.stm32cube.ide.mcu.externaltools.gnu-tools-for-stm32.10.3-2021.10.win32_1.0.200.202301161003/tools/bin/../lib/gcc/arm-none-eabi/10.3.1/../../../../arm-none-eabi/lib/thumb/v7e-m+fp/hard\libc_nano.a(lib_a-exit.o)
                              c:/st/stm32cubeide_1.11.0/stm32cubeide/plugins/com.st.stm32cube.ide.mcu.externaltools.gnu-tools-for-stm32.10.3-2021.10.win32_1.0.200.202301161003/tools/bin/../lib/gcc/arm-none-eabi/10.3.1/../../../../arm-none-eabi/lib/thumb/v7e-m+fp/hard/crt0.o (exit)
c:/st/stm32cubeide_1.11.0/stm32cubeide/plugins/com.st.stm32cube.ide.mcu.externaltools.gnu-tools-for-stm32.10.3-2021.10.win32_1.0.200.202301161003/tools/bin/../lib/gcc/arm-none-eabi/10.3.1/../../../../arm-none-eabi/lib/thumb/v7e-m+fp/hard\libc_nano.a(lib_a-impure.o)
                              c:/st/stm32cubeide_1.11.0/stm32cubeide/plugins/com.st.stm32cube.ide.mcu.externaltools.gnu-tools-for-stm32.10.3-2021.10.win32_1.0.200.202301161003/tools/bin/../lib/gcc/arm-none-eabi/10.3.1/../../../../arm-none-eabi/lib/thumb/v7e-m+fp/hard\libc_nano.a(lib_a-exit.o) (_global_impure_ptr)
c:/st/stm32cubeide_1.11.0/stm32cubeide/plugins/com.st.stm32cube.ide.mcu.externaltools.gnu-tools-for-stm32.10.3-2021.10.win32_1.0.200.202301161003/tools/bin/../lib/gcc/arm-none-eabi/10.3.1/../../../../arm-none-eabi/lib/thumb/v7e-m+fp/hard\libc_nano.a(lib_a-init.o)
                              c:/st/stm32cubeide_1.11.0/stm32cubeide/plugins/com.st.stm32cube.ide.mcu.externaltools.gnu-tools-for-stm32.10.3-2021.10.win32_1.0.200.202301161003/tools/bin/../lib/gcc/arm-none-eabi/10.3.1/../../../../arm-none-eabi/lib/thumb/v7e-m+fp/hard/crt0.o (__libc_init_array)
c:/st/stm32cubeide_1.11.0/stm32cubeide/plugins/com.st.stm32cube.ide.mcu.externaltools.gnu-tools-for-stm32.10.3-2021.10.win32_1.0.200.202301161003/tools/bin/../lib/gcc/arm-none-eabi/10.3.1/../../../../arm-none-eabi/lib/thumb/v7e-m+fp/hard\libc_nano.a(lib_a-malloc.o)
                              c:/st/stm32cubeide_1.11.0/stm32cubeide/plugins/com.st.stm32cube.ide.mcu.externaltools.gnu-tools-for-stm32.10.3-2021.10.win32_1.0.200.202301161003/tools/bin/../lib/gcc/arm-none-eabi/10.3.1/../../../../arm-none-eabi/lib/thumb/v7e-m+fp/hard\libstdc++_nano.a(del_op.o) (free)
c:/st/stm32cubeide_1.11.0/stm32cubeide/plugins/com.st.stm32cube.ide.mcu.externaltools.gnu-tools-for-stm32.10.3-2021.10.win32_1.0.200.202301161003/tools/bin/../lib/gcc/arm-none-eabi/10.3.1/../../../../arm-none-eabi/lib/thumb/v7e-m+fp/hard\libc_nano.a(lib_a-memcpy-stub.o)
                              ./Core/Src/Components/Robot.o (memcpy)
c:/st/stm32cubeide_1.11.0/stm32cubeide/plugins/com.st.stm32cube.ide.mcu.externaltools.gnu-tools-for-stm32.10.3-2021.10.win32_1.0.200.202301161003/tools/bin/../lib/gcc/arm-none-eabi/10.3.1/../../../../arm-none-eabi/lib/thumb/v7e-m+fp/hard\libc_nano.a(lib_a-memset.o)
                              c:/st/stm32cubeide_1.11.0/stm32cubeide/plugins/com.st.stm32cube.ide.mcu.externaltools.gnu-tools-for-stm32.10.3-2021.10.win32_1.0.200.202301161003/tools/bin/../lib/gcc/arm-none-eabi/10.3.1/../../../../arm-none-eabi/lib/thumb/v7e-m+fp/hard/crt0.o (memset)
c:/st/stm32cubeide_1.11.0/stm32cubeide/plugins/com.st.stm32cube.ide.mcu.externaltools.gnu-tools-for-stm32.10.3-2021.10.win32_1.0.200.202301161003/tools/bin/../lib/gcc/arm-none-eabi/10.3.1/../../../../arm-none-eabi/lib/thumb/v7e-m+fp/hard\libc_nano.a(lib_a-nano-freer.o)
[...]
Memory Configuration

Name             Origin             Length             Attributes
CCMRAM           0x0000000010000000 0x0000000000010000 xrw
RAM              0x0000000020000000 0x0000000000020000 xrw
FLASH            0x0000000008000000 0x0000000000100000 xr
*default*        0x0000000000000000 0xffffffffffffffff

Linker script and memory map

LOAD c:/st/stm32cubeide_1.11.0/stm32cubeide/plugins/com.st.stm32cube.ide.mcu.externaltools.gnu-tools-for-stm32.10.3-2021.10.win32_1.0.200.202301161003/tools/bin/../lib/gcc/arm-none-eabi/10.3.1/thumb/v7e-m+fp/hard/crti.o
LOAD c:/st/stm32cubeide_1.11.0/stm32cubeide/plugins/com.st.stm32cube.ide.mcu.externaltools.gnu-tools-for-stm32.10.3-2021.10.win32_1.0.200.202301161003/tools/bin/../lib/gcc/arm-none-eabi/10.3.1/thumb/v7e-m+fp/hard/crtbegin.o
LOAD c:/st/stm32cubeide_1.11.0/stm32cubeide/plugins/com.st.stm32cube.ide.mcu.externaltools.gnu-tools-for-stm32.10.3-2021.10.win32_1.0.200.202301161003/tools/bin/../lib/gcc/arm-none-eabi/10.3.1/../../../../arm-none-eabi/lib/thumb/v7e-m+fp/hard/crt0.o
LOAD ./Core/Src/Components/BTS7960B.o
LOAD ./Core/Src/Components/Encoder.o
LOAD ./Core/Src/Components/Motor.o
LOAD ./Core/Src/Components/Robot.o
LOAD ./Core/Src/Components/Start.o
LOAD ./Core/Src/main.o
LOAD ./Core/Src/stm32f4xx_hal_msp.o
LOAD ./Core/Src/stm32f4xx_it.o
LOAD ./Core/Src/syscalls.o
LOAD ./Core/Src/sysmem.o
LOAD ./Core/Src/system_stm32f4xx.o
LOAD ./Core/Startup/startup_stm32f407vgtx.o
LOAD ./Drivers/STM32F4xx_HAL_Driver/Src/stm32f4xx_hal.o
LOAD ./Drivers/STM32F4xx_HAL_Driver/Src/stm32f4xx_hal_cortex.o
LOAD ./Drivers/STM32F4xx_HAL_Driver/Src/stm32f4xx_hal_dma.o
LOAD ./Drivers/STM32F4xx_HAL_Driver/Src/stm32f4xx_hal_dma_ex.o
LOAD ./Drivers/STM32F4xx_HAL_Driver/Src/stm32f4xx_hal_exti.o
LOAD ./Drivers/STM32F4xx_HAL_Driver/Src/stm32f4xx_hal_flash.o
LOAD ./Drivers/STM32F4xx_HAL_Driver/Src/stm32f4xx_hal_flash_ex.o
LOAD ./Drivers/STM32F4xx_HAL_Driver/Src/stm32f4xx_hal_flash_ramfunc.o
LOAD ./Drivers/STM32F4xx_HAL_Driver/Src/stm32f4xx_hal_gpio.o
LOAD ./Drivers/STM32F4xx_HAL_Driver/Src/stm32f4xx_hal_i2c.o
LOAD ./Drivers/STM32F4xx_HAL_Driver/Src/stm32f4xx_hal_i2c_ex.o
LOAD ./Drivers/STM32F4xx_HAL_Driver/Src/stm32f4xx_hal_pcd.o
LOAD ./Drivers/STM32F4xx_HAL_Driver/Src/stm32f4xx_hal_pcd_ex.o
LOAD ./Drivers/STM32F4xx_HAL_Driver/Src/stm32f4xx_hal_pwr.o
LOAD ./Drivers/STM32F4xx_HAL_Driver/Src/stm32f4xx_hal_pwr_ex.o
LOAD ./Drivers/STM32F4xx_HAL_Driver/Src/stm32f4xx_hal_rcc.o
LOAD ./Drivers/STM32F4xx_HAL_Driver/Src/stm32f4xx_hal_rcc_ex.o
LOAD ./Drivers/STM32F4xx_HAL_Driver/Src/stm32f4xx_hal_spi.o
LOAD ./Drivers/STM32F4xx_HAL_Driver/Src/stm32f4xx_hal_tim.o
LOAD ./Drivers/STM32F4xx_HAL_Driver/Src/stm32f4xx_hal_tim_ex.o
LOAD ./Drivers/STM32F4xx_HAL_Driver/Src/stm32f4xx_ll_usb.o
LOAD ./Middlewares/ST/STM32_USB_Device_Library/Class/CDC/Src/usbd_cdc.o
LOAD ./Middlewares/ST/STM32_USB_Device_Library/Core/Src/usbd_core.o
LOAD ./Middlewares/ST/STM32_USB_Device_Library/Core/Src/usbd_ctlreq.o
LOAD ./Middlewares/ST/STM32_USB_Device_Library/Core/Src/usbd_ioreq.o
LOAD ./USB_DEVICE/App/usb_device.o
LOAD ./USB_DEVICE/App/usbd_cdc_if.o
LOAD ./USB_DEVICE/App/usbd_desc.o
LOAD ./USB_DEVICE/Target/usbd_conf.o
START GROUP
LOAD c:/st/stm32cubeide_1.11.0/stm32cubeide/plugins/com.st.stm32cube.ide.mcu.externaltools.gnu-tools-for-stm32.10.3-2021.10.win32_1.0.200.202301161003/tools/bin/../lib/gcc/arm-none-eabi/10.3.1/../../../../arm-none-eabi/lib/thumb/v7e-m+fp/hard\libstdc++_nano.a
LOAD c:/st/stm32cubeide_1.11.0/stm32cubeide/plugins/com.st.stm32cube.ide.mcu.externaltools.gnu-tools-for-stm32.10.3-2021.10.win32_1.0.200.202301161003/tools/bin/../lib/gcc/arm-none-eabi/10.3.1/../../../../arm-none-eabi/lib/thumb/v7e-m+fp/hard\libsupc++_nano.a
END GROUP
LOAD c:/st/stm32cubeide_1.11.0/stm32cubeide/plugins/com.st.stm32cube.ide.mcu.externaltools.gnu-tools-for-stm32.10.3-2021.10.win32_1.0.200.202301161003/tools/bin/../lib/gcc/arm-none-eabi/10.3.1/../../../../arm-none-eabi/lib/thumb/v7e-m+fp/hard\libstdc++_nano.a
LOAD c:/st/stm32cubeide_1.11.0/stm32cubeide/plugins/com.st.stm32cube.ide.mcu.externaltools.gnu-tools-for-stm32.10.3-2021.10.win32_1.0.200.202301161003/tools/bin/../lib/gcc/arm-none-eabi/10.3.1/../../../../arm-none-eabi/lib/thumb/v7e-m+fp/hard\libm.a
LOAD c:/st/stm32cubeide_1.11.0/stm32cubeide/plugins/com.st.stm32cube.ide.mcu.externaltools.gnu-tools-for-stm32.10.3-2021.10.win32_1.0.200.202301161003/tools/bin/../lib/gcc/arm-none-eabi/10.3.1/../../../../arm-none-eabi/lib/thumb/v7e-m+fp/hard\libc_nano.a
START GROUP
LOAD c:/st/stm32cubeide_1.11.0/stm32cubeide/plugins/com.st.stm32cube.ide.mcu.externaltools.gnu-tools-for-stm32.10.3-2021.10.win32_1.0.200.202301161003/tools/bin/../lib/gcc/arm-none-eabi/10.3.1/thumb/v7e-m+fp/hard\libgcc.a
LOAD c:/st/stm32cubeide_1.11.0/stm32cubeide/plugins/com.st.stm32cube.ide.mcu.externaltools.gnu-tools-for-stm32.10.3-2021.10.win32_1.0.200.202301161003/tools/bin/../lib/gcc/arm-none-eabi/10.3.1/../../../../arm-none-eabi/lib/thumb/v7e-m+fp/hard\libc_nano.a
END GROUP
START GROUP
LOAD c:/st/stm32cubeide_1.11.0/stm32cubeide/plugins/com.st.stm32cube.ide.mcu.externaltools.gnu-tools-for-stm32.10.3-2021.10.win32_1.0.200.202301161003/tools/bin/../lib/gcc/arm-none-eabi/10.3.1/thumb/v7e-m+fp/hard\libgcc.a
LOAD c:/st/stm32cubeide_1.11.0/stm32cubeide/plugins/com.st.stm32cube.ide.mcu.externaltools.gnu-tools-for-stm32.10.3-2021.10.win32_1.0.200.202301161003/tools/bin/../lib/gcc/arm-none-eabi/10.3.1/../../../../arm-none-eabi/lib/thumb/v7e-m+fp/hard\libc_nano.a
LOAD c:/st/stm32cubeide_1.11.0/stm32cubeide/plugins/com.st.stm32cube.ide.mcu.externaltools.gnu-tools-for-stm32.10.3-2021.10.win32_1.0.200.202301161003/tools/bin/../lib/gcc/arm-none-eabi/10.3.1/../../../../arm-none-eabi/lib/thumb/v7e-m+fp/hard\libnosys.a
END GROUP
START GROUP
LOAD c:/st/stm32cubeide_1.11.0/stm32cubeide/plugins/com.st.stm32cube.ide.mcu.externaltools.gnu-tools-for-stm32.10.3-2021.10.win32_1.0.200.202301161003/tools/bin/../lib/gcc/arm-none-eabi/10.3.1/thumb/v7e-m+fp/hard\libgcc.a
LOAD c:/st/stm32cubeide_1.11.0/stm32cubeide/plugins/com.st.stm32cube.ide.mcu.externaltools.gnu-tools-for-stm32.10.3-2021.10.win32_1.0.200.202301161003/tools/bin/../lib/gcc/arm-none-eabi/10.3.1/../../../../arm-none-eabi/lib/thumb/v7e-m+fp/hard\libc_nano.a
LOAD c:/st/stm32cubeide_1.11.0/stm32cubeide/plugins/com.st.stm32cube.ide.mcu.externaltools.gnu-tools-for-stm32.10.3-2021.10.win32_1.0.200.202301161003/tools/bin/../lib/gcc/arm-none-eabi/10.3.1/../../../../arm-none-eabi/lib/thumb/v7e-m+fp/hard\libnosys.a
END GROUP
LOAD c:/st/stm32cubeide_1.11.0/stm32cubeide/plugins/com.st.stm32cube.ide.mcu.externaltools.gnu-tools-for-stm32.10.3-2021.10.win32_1.0.200.202301161003/tools/bin/../lib/gcc/arm-none-eabi/10.3.1/thumb/v7e-m+fp/hard/crtend.o
LOAD c:/st/stm32cubeide_1.11.0/stm32cubeide/plugins/com.st.stm32cube.ide.mcu.externaltools.gnu-tools-for-stm32.10.3-2021.10.win32_1.0.200.202301161003/tools/bin/../lib/gcc/arm-none-eabi/10.3.1/thumb/v7e-m+fp/hard/crtn.o
                0x0000000020020000                _estack = (ORIGIN (RAM) + LENGTH (RAM))
                0x0000000000000200                _Min_Heap_Size = 0x200
                0x0000000000000400                _Min_Stack_Size = 0x400

.isr_vector     0x0000000008000000      0x188
                0x0000000008000000                . = ALIGN (0x4)
 *(.isr_vector)
 .isr_vector    0x0000000008000000      0x188 ./Core/Startup/startup_stm32f407vgtx.o
                0x0000000008000000                g_pfnVectors
                0x0000000008000188                . = ALIGN (0x4)

.text           0x0000000008000190     0xf47c
                0x0000000008000190                . = ALIGN (0x4)
 *(.text)
 .text          0x0000000008000190       0x40 c:/st/stm32cubeide_1.11.0/stm32cubeide/plugins/com.st.stm32cube.ide.mcu.externaltools.gnu-tools-for-stm32.10.3-2021.10.win32_1.0.200.202301161003/tools/bin/../lib/gcc/arm-none-eabi/10.3.1/thumb/v7e-m+fp/hard/crtbegin.o
 .text          0x00000000080001d0       0x10 c:/st/stm32cubeide_1.11.0/stm32cubeide/plugins/com.st.stm32cube.ide.mcu.externaltools.gnu-tools-for-stm32.10.3-2021.10.win32_1.0.200.202301161003/tools/bin/../lib/gcc/arm-none-eabi/10.3.1/../../../../arm-none-eabi/lib/thumb/v7e-m+fp/hard\libc_nano.a(lib_a-strlen.o)
                0x00000000080001d0                strlen
 .text          0x00000000080001e0       0xa0 c:/st/stm32cubeide_1.11.0/stm32cubeide/plugins/com.st.stm32cube.ide.mcu.externaltools.gnu-tools-for-stm32.10.3-2021.10.win32_1.0.200.202301161003/tools/bin/../lib/gcc/arm-none-eabi/10.3.1/../../../../arm-none-eabi/lib/thumb/v7e-m+fp/hard\libc_nano.a(lib_a-memchr.o)
                0x00000000080001e0                memchr
 .text          0x0000000008000280      0x378 c:/st/stm32cubeide_1.11.0/stm32cubeide/plugins/com.st.stm32cube.ide.mcu.externaltools.gnu-tools-for-stm32.10.3-2021.10.win32_1.0.200.202301161003/tools/bin/../lib/gcc/arm-none-eabi/10.3.1/thumb/v7e-m+fp/hard\libgcc.a(_arm_addsubdf3.o)
                0x0000000008000280                __aeabi_drsub
                0x0000000008000288                __aeabi_dsub
                0x0000000008000288                __subdf3
                0x000000000800028c                __aeabi_dadd
                0x000000000800028c                __adddf3
                0x0000000008000504                __floatunsidf
                0x0000000008000504                __aeabi_ui2d
                0x0000000008000524                __floatsidf
                0x0000000008000524                __aeabi_i2d
                0x0000000008000548                __aeabi_f2d
                0x0000000008000548                __extendsfdf2
                0x000000000800058c                __floatundidf
                0x000000000800058c                __aeabi_ul2d
                0x000000000800059c                __floatdidf
                0x000000000800059c                __aeabi_l2d
 .text          0x00000000080005f8      0x424 c:/st/stm32cubeide_1.11.0/stm32cubeide/plugins/com.st.stm32cube.ide.mcu.externaltools.gnu-tools-for-stm32.10.3-2021.10.win32_1.0.200.202301161003/tools/bin/../lib/gcc/arm-none-eabi/10.3.1/thumb/v7e-m+fp/hard\libgcc.a(_arm_muldivdf3.o)
                0x00000000080005f8                __aeabi_dmul
                0x00000000080005f8                __muldf3
                0x000000000800084c                __divdf3
                0x000000000800084c                __aeabi_ddiv
 .text          0x0000000008000a1c      0x110 c:/st/stm32cubeide_1.11.0/stm32cubeide/plugins/com.st.stm32cube.ide.mcu.externaltools.gnu-tools-for-stm32.10.3-2021.10.win32_1.0.200.202301161003/tools/bin/../lib/gcc/arm-none-eabi/10.3.1/thumb/v7e-m+fp/hard\libgcc.a(_arm_cmpdf2.o)
                0x0000000008000a1c                __gtdf2
                0x0000000008000a1c                __gedf2
                0x0000000008000a24                __ltdf2
                0x0000000008000a24                __ledf2
                0x0000000008000a2c                __nedf2
                0x0000000008000a2c                __eqdf2
                0x0000000008000a2c                __cmpdf2
                0x0000000008000aa8                __aeabi_cdrcmple
                0x0000000008000ab8                __aeabi_cdcmpeq
                0x0000000008000ab8                __aeabi_cdcmple
                0x0000000008000ac8                __aeabi_dcmpeq
                0x0000000008000adc                __aeabi_dcmplt
                0x0000000008000af0                __aeabi_dcmple
                0x0000000008000b04                __aeabi_dcmpge
                0x0000000008000b18                __aeabi_dcmpgt
 .text          0x0000000008000b2c       0x2c c:/st/stm32cubeide_1.11.0/stm32cubeide/plugins/com.st.stm32cube.ide.mcu.externaltools.gnu-tools-for-stm32.10.3-2021.10.win32_1.0.200.202301161003/tools/bin/../lib/gcc/arm-none-eabi/10.3.1/thumb/v7e-m+fp/hard\libgcc.a(_arm_unorddf2.o)
                0x0000000008000b2c                __unorddf2
                0x0000000008000b2c                __aeabi_dcmpun
 .text          0x0000000008000b58       0x50 c:/st/stm32cubeide_1.11.0/stm32cubeide/plugins/com.st.stm32cube.ide.mcu.externaltools.gnu-tools-for-stm32.10.3-2021.10.win32_1.0.200.202301161003/tools/bin/../lib/gcc/arm-none-eabi/10.3.1/thumb/v7e-m+fp/hard\libgcc.a(_arm_fixdfsi.o)
                0x0000000008000b58                __aeabi_d2iz
                0x0000000008000b58                __fixdfsi
 .text          0x0000000008000ba8       0x40 c:/st/stm32cubeide_1.11.0/stm32cubeide/plugins/com.st.stm32cube.ide.mcu.externaltools.gnu-tools-for-stm32.10.3-2021.10.win32_1.0.200.202301161003/tools/bin/../lib/gcc/arm-none-eabi/10.3.1/thumb/v7e-m+fp/hard\libgcc.a(_arm_fixunsdfsi.o)
                0x0000000008000ba8                __aeabi_d2uiz
                0x0000000008000ba8                __fixunsdfsi
 .text          0x0000000008000be8       0xa0 c:/st/stm32cubeide_1.11.0/stm32cubeide/plugins/com.st.stm32cube.ide.mcu.externaltools.gnu-tools-for-stm32.10.3-2021.10.win32_1.0.200.202301161003/tools/bin/../lib/gcc/arm-none-eabi/10.3.1/thumb/v7e-m+fp/hard\libgcc.a(_arm_truncdfsf2.o)
                0x0000000008000be8                __truncdfsf2
                0x0000000008000be8                __aeabi_d2f
 .text          0x0000000008000c88       0x30 c:/st/stm32cubeide_1.11.0/stm32cubeide/plugins/com.st.stm32cube.ide.mcu.externaltools.gnu-tools-for-stm32.10.3-2021.10.win32_1.0.200.202301161003/tools/bin/../lib/gcc/arm-none-eabi/10.3.1/thumb/v7e-m+fp/hard\libgcc.a(_aeabi_uldivmod.o)
                0x0000000008000c88                __aeabi_uldivmod
 .text          0x0000000008000cb8       0x30 c:/st/stm32cubeide_1.11.0/stm32cubeide/plugins/com.st.stm32cube.ide.mcu.externaltools.gnu-tools-for-stm32.10.3-2021.10.win32_1.0.200.202301161003/tools/bin/../lib/gcc/arm-none-eabi/10.3.1/thumb/v7e-m+fp/hard\libgcc.a(_fixdfdi.o)
                0x0000000008000cb8                __fixdfdi
                0x0000000008000cb8                __aeabi_d2lz
 .text          0x0000000008000ce8       0x3c c:/st/stm32cubeide_1.11.0/stm32cubeide/plugins/com.st.stm32cube.ide.mcu.externaltools.gnu-tools-for-stm32.10.3-2021.10.win32_1.0.200.202301161003/tools/bin/../lib/gcc/arm-none-eabi/10.3.1/thumb/v7e-m+fp/hard\libgcc.a(_fixunsdfdi.o)
                0x0000000008000ce8                __fixunsdfdi
                0x0000000008000ce8                __aeabi_d2ulz
 .text          0x0000000008000d24      0x2d0 c:/st/stm32cubeide_1.11.0/stm32cubeide/plugins/com.st.stm32cube.ide.mcu.externaltools.gnu-tools-for-stm32.10.3-2021.10.win32_1.0.200.202301161003/tools/bin/../lib/gcc/arm-none-eabi/10.3.1/thumb/v7e-m+fp/hard\libgcc.a(_udivmoddi4.o)
                0x0000000008000d24                __udivmoddi4
 .text          0x0000000008000ff4        0x4 c:/st/stm32cubeide_1.11.0/stm32cubeide/plugins/com.st.stm32cube.ide.mcu.externaltools.gnu-tools-for-stm32.10.3-2021.10.win32_1.0.200.202301161003/tools/bin/../lib/gcc/arm-none-eabi/10.3.1/thumb/v7e-m+fp/hard\libgcc.a(_dvmd_tls.o)
                0x0000000008000ff4                __aeabi_idiv0
                0x0000000008000ff4                __aeabi_ldiv0
 *(.text*)
 .text._ZN8BTS7960BC2EPVmS1_S1_S1_P12GPIO_TypeDeftS3_t
                0x0000000008000ff8       0x5c ./Core/Src/Components/BTS7960B.o
                0x0000000008000ff8                BTS7960B::BTS7960B(unsigned long volatile*, unsigned long volatile*, unsigned long volatile*, unsigned long volatile*, GPIO_TypeDef*, unsigned short, GPIO_TypeDef*, unsigned short)
                0x0000000008000ff8                BTS7960B::BTS7960B(unsigned long volatile*, unsigned long volatile*, unsigned long volatile*, unsigned long volatile*, GPIO_TypeDef*, unsigned short, GPIO_TypeDef*, unsigned short)
 .text._ZN8BTS7960B8setPowerEf
                0x0000000008001054       0xba ./Core/Src/Components/BTS7960B.o
                0x0000000008001054                BTS7960B::setPower(float)
 .text._ZN8BTS7960B10setEnabledEb
                0x000000000800110e       0x60 ./Core/Src/Components/BTS7960B.o
                0x000000000800110e                BTS7960B::setEnabled(bool)
 *fill*         0x000000000800116e        0x2 
 .text._ZN8BTS7960BD2Ev
                0x0000000008001170       0x24 ./Core/Src/Components/BTS7960B.o
                0x0000000008001170                BTS7960B::~BTS7960B()
                0x0000000008001170                BTS7960B::~BTS7960B()
 .text._ZN8BTS7960BD0Ev
                0x0000000008001194       0x20 ./Core/Src/Components/BTS7960B.o
                0x0000000008001194                BTS7960B::~BTS7960B()
 .text._ZN7EncoderC2EPVmS1_m
                0x00000000080011b4       0x40 ./Core/Src/Components/Encoder.o
                0x00000000080011b4                Encoder::Encoder(unsigned long volatile*, unsigned long volatile*, unsigned long)
                0x00000000080011b4                Encoder::Encoder(unsigned long volatile*, unsigned long volatile*, unsigned long)
 .text._ZN7EncoderD2Ev
                0x00000000080011f4       0x20 ./Core/Src/Components/Encoder.o
                0x00000000080011f4                Encoder::~Encoder()
                0x00000000080011f4                Encoder::~Encoder()
 .text._ZN7EncoderD0Ev
                0x0000000008001214       0x20 ./Core/Src/Components/Encoder.o
                0x0000000008001214                Encoder::~Encoder()
 .text._ZN7Encoder8getDeltaEv
                0x0000000008001234       0x36 ./Core/Src/Components/Encoder.o
                0x0000000008001234                Encoder::getDelta()
 .text._ZN7Encoder22getCountsPerRevolutionEv
                0x000000000800126a       0x18 ./Core/Src/Components/Encoder.o
                0x000000000800126a                Encoder::getCountsPerRevolution()
 .text._ZN5Motor8setPowerEf
                0x0000000008001282       0x18 ./Core/Src/Components/Motor.o
                0x0000000008001282                Motor::setPower(float)
 *fill*         0x000000000800129a        0x2 
 .text._ZN5MotorC2Ev
                0x000000000800129c       0x48 ./Core/Src/Components/Motor.o
                0x000000000800129c                Motor::Motor()
                0x000000000800129c                Motor::Motor()
 .text._ZN5MotorD2Ev
                0x00000000080012e4       0x20 ./Core/Src/Components/Motor.o
                0x00000000080012e4                Motor::~Motor()
                0x00000000080012e4                Motor::~Motor()
 .text._ZN5MotorD0Ev
                0x0000000008001304       0x20 ./Core/Src/Components/Motor.o
                0x0000000008001304                Motor::~Motor()
 .text._ZN5Motor10setEncoderEP7Encoder
                0x0000000008001324       0x1c ./Core/Src/Components/Motor.o
                0x0000000008001324                Motor::setEncoder(Encoder*)
 .text._ZN5Motor20getCurrentRevPerTickEv
                0x0000000008001340       0x1e ./Core/Src/Components/Motor.o
                0x0000000008001340                Motor::getCurrentRevPerTick()
 *fill*         0x000000000800135e        0x2 
 .text._ZN5Motor3pidEf
                0x0000000008001360      0x180 ./Core/Src/Components/Motor.o
                0x0000000008001360                Motor::pid(float)
 .text._ZN5RobotC2Ev
                0x00000000080014e0       0xb0 ./Core/Src/Components/Robot.o
                0x00000000080014e0                Robot::Robot()
                0x00000000080014e0                Robot::Robot()
 .text._ZN5RobotD2Ev
                0x0000000008001590       0x34 ./Core/Src/Components/Robot.o
                0x0000000008001590                Robot::~Robot()
                0x0000000008001590                Robot::~Robot()
 .text._ZN5RobotD0Ev
                0x00000000080015c4       0x22 ./Core/Src/Components/Robot.o
                0x00000000080015c4                Robot::~Robot()
 .text._ZN5Robot11usbCallbackEPhPm
                0x00000000080015e6       0x26 ./Core/Src/Components/Robot.o
                0x00000000080015e6                Robot::usbCallback(unsigned char*, unsigned long*)
 *fill*         0x000000000800160c        0x4 
 .text._ZN5Robot15controlCallbackEv
                0x0000000008001610      0x190 ./Core/Src/Components/Robot.o
                0x0000000008001610                Robot::controlCallback()
 .text._ZN5Robot4initEv
                0x00000000080017a0      0x218 ./Core/Src/Components/Robot.o
                0x00000000080017a0                Robot::init()
 .text.usbCallback
                0x00000000080019b8       0x20 ./Core/Src/Components/Start.o
                0x00000000080019b8                usbCallback
 .text._Z15controlCallbackP19__TIM_HandleTypeDef
                0x00000000080019d8       0x1c ./Core/Src/Components/Start.o
                0x00000000080019d8                controlCallback(__TIM_HandleTypeDef*)
 .text.Start    0x00000000080019f4       0x28 ./Core/Src/Components/Start.o
                0x00000000080019f4                Start
 .text._Z41__static_initialization_and_destruction_0ii
                0x0000000008001a1c       0x44 ./Core/Src/Components/Start.o
 .text._GLOBAL__sub_I_robot
                0x0000000008001a60       0x10 ./Core/Src/Components/Start.o
 .text._GLOBAL__sub_D_robot
                0x0000000008001a70       0x10 ./Core/Src/Components/Start.o
 .text.main     0x0000000008001a80       0x2e ./Core/Src/main.o
                0x0000000008001a80                main
 *fill*         0x0000000008001aae        0x2 
 .text.SystemClock_Config
                0x0000000008001ab0       0xd4 ./Core/Src/main.o
                0x0000000008001ab0                SystemClock_Config
 .text.MX_I2C1_Init
                0x0000000008001b84       0x5c ./Core/Src/main.o
 .text.MX_SPI1_Init
                0x0000000008001be0       0x6c ./Core/Src/main.o
 .text.MX_TIM3_Init
                0x0000000008001c4c       0xa8 ./Core/Src/main.o
 .text.MX_TIM6_Init
                0x0000000008001cf4       0x6c ./Core/Src/main.o
 .text.MX_TIM8_Init
                0x0000000008001d60      0x120 ./Core/Src/main.o
 .text.MX_GPIO_Init
                0x0000000008001e80      0x24c ./Core/Src/main.o
 .text.Error_Handler
                0x00000000080020cc        0xa ./Core/Src/main.o
                0x00000000080020cc                Error_Handler
 *fill*         0x00000000080020d6        0x2 
 .text.HAL_MspInit
                0x00000000080020d8       0x50 ./Core/Src/stm32f4xx_hal_msp.o
                0x00000000080020d8                HAL_MspInit
 .text.HAL_I2C_MspInit
                0x0000000008002128       0x90 ./Core/Src/stm32f4xx_hal_msp.o
                0x0000000008002128                HAL_I2C_MspInit
 .text.HAL_SPI_MspInit
                0x00000000080021b8       0x90 ./Core/Src/stm32f4xx_hal_msp.o
                0x00000000080021b8                HAL_SPI_MspInit
 .text.HAL_TIM_Encoder_MspInit
                0x0000000008002248       0xd0 ./Core/Src/stm32f4xx_hal_msp.o
                0x0000000008002248                HAL_TIM_Encoder_MspInit
 .text.HAL_TIM_Base_MspInit
                0x0000000008002318       0x50 ./Core/Src/stm32f4xx_hal_msp.o
                0x0000000008002318                HAL_TIM_Base_MspInit
 .text.HAL_TIM_PWM_MspInit
                0x0000000008002368       0x44 ./Core/Src/stm32f4xx_hal_msp.o
                0x0000000008002368                HAL_TIM_PWM_MspInit
 .text.HAL_TIM_MspPostInit
                0x00000000080023ac       0x74 ./Core/Src/stm32f4xx_hal_msp.o
                0x00000000080023ac                HAL_TIM_MspPostInit
 .text.NMI_Handler
                0x0000000008002420        0x6 ./Core/Src/stm32f4xx_it.o
                0x0000000008002420                NMI_Handler
 .text.HardFault_Handler
                0x0000000008002426        0x6 ./Core/Src/stm32f4xx_it.o
                0x0000000008002426                HardFault_Handler
 .text.MemManage_Handler
                0x000000000800242c        0x6 ./Core/Src/stm32f4xx_it.o
                0x000000000800242c                MemManage_Handler
 .text.BusFault_Handler
                0x0000000008002432        0x6 ./Core/Src/stm32f4xx_it.o
                0x0000000008002432                BusFault_Handler
 .text.UsageFault_Handler
                0x0000000008002438        0x6 ./Core/Src/stm32f4xx_it.o
                0x0000000008002438                UsageFault_Handler
 .text.SVC_Handler
                0x000000000800243e        0xe ./Core/Src/stm32f4xx_it.o
                0x000000000800243e                SVC_Handler
 .text.DebugMon_Handler
                0x000000000800244c        0xe ./Core/Src/stm32f4xx_it.o
                0x000000000800244c                DebugMon_Handler
 .text.PendSV_Handler
                0x000000000800245a        0xe ./Core/Src/stm32f4xx_it.o
                0x000000000800245a                PendSV_Handler
 .text.SysTick_Handler
                0x0000000008002468        0xc ./Core/Src/stm32f4xx_it.o
                0x0000000008002468                SysTick_Handler
 .text.TIM6_DAC_IRQHandler
                0x0000000008002474       0x14 ./Core/Src/stm32f4xx_it.o
                0x0000000008002474                TIM6_DAC_IRQHandler
 .text.OTG_FS_IRQHandler
                0x0000000008002488       0x14 ./Core/Src/stm32f4xx_it.o
                0x0000000008002488                OTG_FS_IRQHandler
 .text._getpid  0x000000000800249c       0x10 ./Core/Src/syscalls.o
                0x000000000800249c                _getpid
 .text._kill    0x00000000080024ac       0x20 ./Core/Src/syscalls.o
                0x00000000080024ac                _kill
 .text._exit    0x00000000080024cc       0x14 ./Core/Src/syscalls.o
                0x00000000080024cc                _exit
 .text._read    0x00000000080024e0       0x3a ./Core/Src/syscalls.o
                0x00000000080024e0                _read
 .text._write   0x000000000800251a       0x38 ./Core/Src/syscalls.o
                0x000000000800251a                _write
 .text._close   0x0000000008002552       0x18 ./Core/Src/syscalls.o
                0x0000000008002552                _close
 .text._fstat   0x000000000800256a       0x20 ./Core/Src/syscalls.o
                0x000000000800256a                _fstat
 .text._isatty  0x000000000800258a       0x16 ./Core/Src/syscalls.o
                0x000000000800258a                _isatty
 .text._lseek   0x00000000080025a0       0x1a ./Core/Src/syscalls.o
                0x00000000080025a0                _lseek
 *fill*         0x00000000080025ba        0x2 
 .text._sbrk    0x00000000080025bc       0x6c ./Core/Src/sysmem.o
                0x00000000080025bc                _sbrk
 .text.SystemInit
                0x0000000008002628       0x24 ./Core/Src/system_stm32f4xx.o
                0x0000000008002628                SystemInit
 .text.Reset_Handler
                0x000000000800264c       0x50 ./Core/Startup/startup_stm32f407vgtx.o
                0x000000000800264c                Reset_Handler
 .text.Default_Handler
                0x000000000800269c        0x2 ./Core/Startup/startup_stm32f407vgtx.o
                0x000000000800269c                RTC_Alarm_IRQHandler
                0x000000000800269c                HASH_RNG_IRQHandler
                0x000000000800269c                EXTI2_IRQHandler
                0x000000000800269c                TIM8_CC_IRQHandler
                0x000000000800269c                TIM1_CC_IRQHandler
                0x000000000800269c                DMA2_Stream5_IRQHandler
                0x000000000800269c                DMA1_Stream5_IRQHandler
                0x000000000800269c                PVD_IRQHandler
                0x000000000800269c                SDIO_IRQHandler
                0x000000000800269c                TAMP_STAMP_IRQHandler
                0x000000000800269c                CAN2_RX1_IRQHandler
                0x000000000800269c                EXTI3_IRQHandler
                0x000000000800269c                TIM8_TRG_COM_TIM14_IRQHandler
                0x000000000800269c                TIM1_UP_TIM10_IRQHandler
                0x000000000800269c                TIM8_UP_TIM13_IRQHandler
                0x000000000800269c                I2C3_ER_IRQHandler
                0x000000000800269c                EXTI0_IRQHandler
                0x000000000800269c                I2C2_EV_IRQHandler
                0x000000000800269c                DMA1_Stream2_IRQHandler
                0x000000000800269c                CAN1_RX0_IRQHandler
                0x000000000800269c                FPU_IRQHandler
                0x000000000800269c                OTG_HS_WKUP_IRQHandler
                0x000000000800269c                CAN2_SCE_IRQHandler
                0x000000000800269c                DMA2_Stream2_IRQHandler
                0x000000000800269c                SPI1_IRQHandler
                0x000000000800269c                TIM1_BRK_TIM9_IRQHandler
                0x000000000800269c                DCMI_IRQHandler
                0x000000000800269c                CAN2_RX0_IRQHandler
                0x000000000800269c                DMA2_Stream3_IRQHandler
                0x000000000800269c                USART6_IRQHandler
                0x000000000800269c                USART3_IRQHandler
                0x000000000800269c                CAN1_RX1_IRQHandler
                0x000000000800269c                UART5_IRQHandler
                0x000000000800269c                DMA2_Stream0_IRQHandler
                0x000000000800269c                TIM4_IRQHandler
                0x000000000800269c                I2C1_EV_IRQHandler
                0x000000000800269c                DMA1_Stream6_IRQHandler
                0x000000000800269c                DMA1_Stream1_IRQHandler
                0x000000000800269c                UART4_IRQHandler
                0x000000000800269c                TIM3_IRQHandler
                0x000000000800269c                RCC_IRQHandler
                0x000000000800269c                TIM8_BRK_TIM12_IRQHandler
                0x000000000800269c                Default_Handler
                0x000000000800269c                EXTI15_10_IRQHandler
                0x000000000800269c                ADC_IRQHandler
                0x000000000800269c                DMA1_Stream7_IRQHandler
                0x000000000800269c                TIM7_IRQHandler
                0x000000000800269c                CAN2_TX_IRQHandler
                0x000000000800269c                TIM5_IRQHandler
                0x000000000800269c                DMA2_Stream7_IRQHandler
                0x000000000800269c                I2C3_EV_IRQHandler
                0x000000000800269c                EXTI9_5_IRQHandler
                0x000000000800269c                RTC_WKUP_IRQHandler
                0x000000000800269c                ETH_WKUP_IRQHandler
                0x000000000800269c                SPI2_IRQHandler
                0x000000000800269c                OTG_HS_EP1_IN_IRQHandler
                0x000000000800269c                DMA1_Stream0_IRQHandler
                0x000000000800269c                CAN1_TX_IRQHandler
                0x000000000800269c                EXTI4_IRQHandler
                0x000000000800269c                FSMC_IRQHandler
                0x000000000800269c                ETH_IRQHandler
                0x000000000800269c                OTG_HS_EP1_OUT_IRQHandler
                0x000000000800269c                WWDG_IRQHandler
                0x000000000800269c                TIM2_IRQHandler
                0x000000000800269c                OTG_FS_WKUP_IRQHandler
                0x000000000800269c                TIM1_TRG_COM_TIM11_IRQHandler
                0x000000000800269c                OTG_HS_IRQHandler
                0x000000000800269c                EXTI1_IRQHandler
                0x000000000800269c                USART2_IRQHandler
                0x000000000800269c                I2C2_ER_IRQHandler
                0x000000000800269c                DMA2_Stream1_IRQHandler
                0x000000000800269c                CAN1_SCE_IRQHandler
                0x000000000800269c                FLASH_IRQHandler
                0x000000000800269c                DMA2_Stream4_IRQHandler
                0x000000000800269c                USART1_IRQHandler
                0x000000000800269c                SPI3_IRQHandler
                0x000000000800269c                DMA1_Stream4_IRQHandler
                0x000000000800269c                I2C1_ER_IRQHandler
                0x000000000800269c                DMA2_Stream6_IRQHandler
                0x000000000800269c                DMA1_Stream3_IRQHandler
 *fill*         0x000000000800269e        0x2 
 .text.HAL_Init
                0x00000000080026a0       0x44 ./Drivers/STM32F4xx_HAL_Driver/Src/stm32f4xx_hal.o
                0x00000000080026a0                HAL_Init
 .text.HAL_InitTick
                0x00000000080026e4       0x60 ./Drivers/STM32F4xx_HAL_Driver/Src/stm32f4xx_hal.o
                0x00000000080026e4                HAL_InitTick
 .text.HAL_IncTick
                0x0000000008002744       0x28 ./Drivers/STM32F4xx_HAL_Driver/Src/stm32f4xx_hal.o
                0x0000000008002744                HAL_IncTick
 .text.HAL_GetTick
                0x000000000800276c       0x18 ./Drivers/STM32F4xx_HAL_Driver/Src/stm32f4xx_hal.o
                0x000000000800276c                HAL_GetTick
 .text.HAL_Delay
                0x0000000008002784       0x48 ./Drivers/STM32F4xx_HAL_Driver/Src/stm32f4xx_hal.o
                0x0000000008002784                HAL_Delay
 .text.__NVIC_SetPriorityGrouping
                0x00000000080027cc       0x48 ./Drivers/STM32F4xx_HAL_Driver/Src/stm32f4xx_hal_cortex.o
 .text.__NVIC_GetPriorityGrouping
                0x0000000008002814       0x1c ./Drivers/STM32F4xx_HAL_Driver/Src/stm32f4xx_hal_cortex.o
 .text.__NVIC_EnableIRQ
                0x0000000008002830       0x3c ./Drivers/STM32F4xx_HAL_Driver/Src/stm32f4xx_hal_cortex.o
 .text.__NVIC_SetPriority
                0x000000000800286c       0x54 ./Drivers/STM32F4xx_HAL_Driver/Src/stm32f4xx_hal_cortex.o
 .text.NVIC_EncodePriority
                0x00000000080028c0       0x66 ./Drivers/STM32F4xx_HAL_Driver/Src/stm32f4xx_hal_cortex.o
 *fill*         0x0000000008002926        0x2 
 .text.SysTick_Config
                0x0000000008002928       0x44 ./Drivers/STM32F4xx_HAL_Driver/Src/stm32f4xx_hal_cortex.o
 .text.HAL_NVIC_SetPriorityGrouping
                0x000000000800296c       0x16 ./Drivers/STM32F4xx_HAL_Driver/Src/stm32f4xx_hal_cortex.o
                0x000000000800296c                HAL_NVIC_SetPriorityGrouping
 .text.HAL_NVIC_SetPriority
                0x0000000008002982       0x38 ./Drivers/STM32F4xx_HAL_Driver/Src/stm32f4xx_hal_cortex.o
                0x0000000008002982                HAL_NVIC_SetPriority
 .text.HAL_NVIC_EnableIRQ
                0x00000000080029ba       0x1c ./Drivers/STM32F4xx_HAL_Driver/Src/stm32f4xx_hal_cortex.o
                0x00000000080029ba                HAL_NVIC_EnableIRQ
 .text.HAL_SYSTICK_Config
                0x00000000080029d6       0x18 ./Drivers/STM32F4xx_HAL_Driver/Src/stm32f4xx_hal_cortex.o
                0x00000000080029d6                HAL_SYSTICK_Config
 *fill*         0x00000000080029ee        0x2 
 .text.HAL_GPIO_Init
                0x00000000080029f0      0x338 ./Drivers/STM32F4xx_HAL_Driver/Src/stm32f4xx_hal_gpio.o
                0x00000000080029f0                HAL_GPIO_Init
 .text.HAL_GPIO_WritePin
                0x0000000008002d28       0x32 ./Drivers/STM32F4xx_HAL_Driver/Src/stm32f4xx_hal_gpio.o
                0x0000000008002d28                HAL_GPIO_WritePin
 .text.HAL_GPIO_TogglePin
                0x0000000008002d5a       0x34 ./Drivers/STM32F4xx_HAL_Driver/Src/stm32f4xx_hal_gpio.o
                0x0000000008002d5a                HAL_GPIO_TogglePin
 *fill*         0x0000000008002d8e        0x2 
 .text.HAL_I2C_Init
                0x0000000008002d90      0x288 ./Drivers/STM32F4xx_HAL_Driver/Src/stm32f4xx_hal_i2c.o
                0x0000000008002d90                HAL_I2C_Init
 .text.HAL_PCD_Init
                0x0000000008003018      0x23a ./Drivers/STM32F4xx_HAL_Driver/Src/stm32f4xx_hal_pcd.o
                0x0000000008003018                HAL_PCD_Init
 .text.HAL_PCD_Start
                0x0000000008003252       0x66 ./Drivers/STM32F4xx_HAL_Driver/Src/stm32f4xx_hal_pcd.o
                0x0000000008003252                HAL_PCD_Start
 .text.HAL_PCD_IRQHandler
                0x00000000080032b8      0x93e ./Drivers/STM32F4xx_HAL_Driver/Src/stm32f4xx_hal_pcd.o
                0x00000000080032b8                HAL_PCD_IRQHandler
 .text.HAL_PCD_SetAddress
                0x0000000008003bf6       0x4a ./Drivers/STM32F4xx_HAL_Driver/Src/stm32f4xx_hal_pcd.o
                0x0000000008003bf6                HAL_PCD_SetAddress
 .text.HAL_PCD_EP_Open
                0x0000000008003c40       0xd0 ./Drivers/STM32F4xx_HAL_Driver/Src/stm32f4xx_hal_pcd.o
                0x0000000008003c40                HAL_PCD_EP_Open
 .text.HAL_PCD_EP_Close
                0x0000000008003d10       0x94 ./Drivers/STM32F4xx_HAL_Driver/Src/stm32f4xx_hal_pcd.o
                0x0000000008003d10                HAL_PCD_EP_Close
 .text.HAL_PCD_EP_Receive
                0x0000000008003da4       0x96 ./Drivers/STM32F4xx_HAL_Driver/Src/stm32f4xx_hal_pcd.o
                0x0000000008003da4                HAL_PCD_EP_Receive
 .text.HAL_PCD_EP_GetRxCount
                0x0000000008003e3a       0x30 ./Drivers/STM32F4xx_HAL_Driver/Src/stm32f4xx_hal_pcd.o
                0x0000000008003e3a                HAL_PCD_EP_GetRxCount
 .text.HAL_PCD_EP_Transmit
                0x0000000008003e6a       0x94 ./Drivers/STM32F4xx_HAL_Driver/Src/stm32f4xx_hal_pcd.o
                0x0000000008003e6a                HAL_PCD_EP_Transmit
 .text.HAL_PCD_EP_SetStall
                0x0000000008003efe       0xc8 ./Drivers/STM32F4xx_HAL_Driver/Src/stm32f4xx_hal_pcd.o
                0x0000000008003efe                HAL_PCD_EP_SetStall
 .text.HAL_PCD_EP_ClrStall
                0x0000000008003fc6       0xac ./Drivers/STM32F4xx_HAL_Driver/Src/stm32f4xx_hal_pcd.o
                0x0000000008003fc6                HAL_PCD_EP_ClrStall
 .text.HAL_PCD_EP_Abort
                0x0000000008004072       0x62 ./Drivers/STM32F4xx_HAL_Driver/Src/stm32f4xx_hal_pcd.o
                0x0000000008004072                HAL_PCD_EP_Abort
 .text.PCD_WriteEmptyTxFifo
                0x00000000080040d4      0x11a ./Drivers/STM32F4xx_HAL_Driver/Src/stm32f4xx_hal_pcd.o
 *fill*         0x00000000080041ee        0x2 
 .text.PCD_EP_OutXfrComplete_int
                0x00000000080041f0      0x1d0 ./Drivers/STM32F4xx_HAL_Driver/Src/stm32f4xx_hal_pcd.o
 .text.PCD_EP_OutSetupPacket_int
                0x00000000080043c0       0x8c ./Drivers/STM32F4xx_HAL_Driver/Src/stm32f4xx_hal_pcd.o
 .text.HAL_PCDEx_SetTxFiFo
                0x000000000800444c       0x8e ./Drivers/STM32F4xx_HAL_Driver/Src/stm32f4xx_hal_pcd_ex.o
                0x000000000800444c                HAL_PCDEx_SetTxFiFo
 .text.HAL_PCDEx_SetRxFiFo
                0x00000000080044da       0x22 ./Drivers/STM32F4xx_HAL_Driver/Src/stm32f4xx_hal_pcd_ex.o
                0x00000000080044da                HAL_PCDEx_SetRxFiFo
 .text.HAL_PCDEx_LPM_Callback
                0x00000000080044fc       0x18 ./Drivers/STM32F4xx_HAL_Driver/Src/stm32f4xx_hal_pcd_ex.o
                0x00000000080044fc                HAL_PCDEx_LPM_Callback
 .text.HAL_RCC_OscConfig
                0x0000000008004514      0x4f0 ./Drivers/STM32F4xx_HAL_Driver/Src/stm32f4xx_hal_rcc.o
                0x0000000008004514                HAL_RCC_OscConfig
 .text.HAL_RCC_ClockConfig
                0x0000000008004a04      0x1cc ./Drivers/STM32F4xx_HAL_Driver/Src/stm32f4xx_hal_rcc.o
                0x0000000008004a04                HAL_RCC_ClockConfig
 .text.HAL_RCC_GetSysClockFreq
                0x0000000008004bd0      0x20c ./Drivers/STM32F4xx_HAL_Driver/Src/stm32f4xx_hal_rcc.o
                0x0000000008004bd0                HAL_RCC_GetSysClockFreq
 .text.HAL_RCC_GetHCLKFreq
                0x0000000008004ddc       0x18 ./Drivers/STM32F4xx_HAL_Driver/Src/stm32f4xx_hal_rcc.o
                0x0000000008004ddc                HAL_RCC_GetHCLKFreq
 .text.HAL_RCC_GetPCLK1Freq
                0x0000000008004df4       0x28 ./Drivers/STM32F4xx_HAL_Driver/Src/stm32f4xx_hal_rcc.o
                0x0000000008004df4                HAL_RCC_GetPCLK1Freq
 .text.HAL_SPI_Init
                0x0000000008004e1c      0x112 ./Drivers/STM32F4xx_HAL_Driver/Src/stm32f4xx_hal_spi.o
                0x0000000008004e1c                HAL_SPI_Init
 *fill*         0x0000000008004f2e        0x2 
 .text.HAL_TIM_Base_Init
                0x0000000008004f30       0xb8 ./Drivers/STM32F4xx_HAL_Driver/Src/stm32f4xx_hal_tim.o
                0x0000000008004f30                HAL_TIM_Base_Init
 .text.HAL_TIM_Base_Start_IT
                0x0000000008004fe8       0xe0 ./Drivers/STM32F4xx_HAL_Driver/Src/stm32f4xx_hal_tim.o
                0x0000000008004fe8                HAL_TIM_Base_Start_IT
 .text.HAL_TIM_PWM_Init
                0x00000000080050c8       0xb8 ./Drivers/STM32F4xx_HAL_Driver/Src/stm32f4xx_hal_tim.o
                0x00000000080050c8                HAL_TIM_PWM_Init
 .text.HAL_TIM_PWM_Start
                0x0000000008005180      0x190 ./Drivers/STM32F4xx_HAL_Driver/Src/stm32f4xx_hal_tim.o
                0x0000000008005180                HAL_TIM_PWM_Start
 .text.HAL_TIM_Encoder_Init
                0x0000000008005310      0x168 ./Drivers/STM32F4xx_HAL_Driver/Src/stm32f4xx_hal_tim.o
                0x0000000008005310                HAL_TIM_Encoder_Init
 .text.HAL_TIM_Encoder_Start
                0x0000000008005478      0x11c ./Drivers/STM32F4xx_HAL_Driver/Src/stm32f4xx_hal_tim.o
                0x0000000008005478                HAL_TIM_Encoder_Start
 .text.HAL_TIM_IRQHandler
                0x0000000008005594      0x250 ./Drivers/STM32F4xx_HAL_Driver/Src/stm32f4xx_hal_tim.o
                0x0000000008005594                HAL_TIM_IRQHandler
 .text.HAL_TIM_PWM_ConfigChannel
                0x00000000080057e4      0x184 ./Drivers/STM32F4xx_HAL_Driver/Src/stm32f4xx_hal_tim.o
                0x00000000080057e4                HAL_TIM_PWM_ConfigChannel
 .text.HAL_TIM_PeriodElapsedCallback
                0x0000000008005968       0x14 ./Drivers/STM32F4xx_HAL_Driver/Src/stm32f4xx_hal_tim.o
                0x0000000008005968                HAL_TIM_PeriodElapsedCallback
 .text.HAL_TIM_PeriodElapsedHalfCpltCallback
                0x000000000800597c       0x14 ./Drivers/STM32F4xx_HAL_Driver/Src/stm32f4xx_hal_tim.o
                0x000000000800597c                HAL_TIM_PeriodElapsedHalfCpltCallback
 .text.HAL_TIM_OC_DelayElapsedCallback
                0x0000000008005990       0x14 ./Drivers/STM32F4xx_HAL_Driver/Src/stm32f4xx_hal_tim.o
                0x0000000008005990                HAL_TIM_OC_DelayElapsedCallback
 .text.HAL_TIM_IC_CaptureCallback
                0x00000000080059a4       0x14 ./Drivers/STM32F4xx_HAL_Driver/Src/stm32f4xx_hal_tim.o
                0x00000000080059a4                HAL_TIM_IC_CaptureCallback
 .text.HAL_TIM_IC_CaptureHalfCpltCallback
                0x00000000080059b8       0x14 ./Drivers/STM32F4xx_HAL_Driver/Src/stm32f4xx_hal_tim.o
                0x00000000080059b8                HAL_TIM_IC_CaptureHalfCpltCallback
 .text.HAL_TIM_PWM_PulseFinishedCallback
                0x00000000080059cc       0x14 ./Drivers/STM32F4xx_HAL_Driver/Src/stm32f4xx_hal_tim.o
                0x00000000080059cc                HAL_TIM_PWM_PulseFinishedCallback
 .text.HAL_TIM_PWM_PulseFinishedHalfCpltCallback
                0x00000000080059e0       0x14 ./Drivers/STM32F4xx_HAL_Driver/Src/stm32f4xx_hal_tim.o
                0x00000000080059e0                HAL_TIM_PWM_PulseFinishedHalfCpltCallback
 .text.HAL_TIM_TriggerCallback
                0x00000000080059f4       0x14 ./Drivers/STM32F4xx_HAL_Driver/Src/stm32f4xx_hal_tim.o
                0x00000000080059f4                HAL_TIM_TriggerCallback
 .text.HAL_TIM_TriggerHalfCpltCallback
                0x0000000008005a08       0x14 ./Drivers/STM32F4xx_HAL_Driver/Src/stm32f4xx_hal_tim.o
                0x0000000008005a08                HAL_TIM_TriggerHalfCpltCallback
 .text.HAL_TIM_ErrorCallback
                0x0000000008005a1c       0x14 ./Drivers/STM32F4xx_HAL_Driver/Src/stm32f4xx_hal_tim.o
                0x0000000008005a1c                HAL_TIM_ErrorCallback
 .text.TIM_Base_SetConfig
                0x0000000008005a30      0x140 ./Drivers/STM32F4xx_HAL_Driver/Src/stm32f4xx_hal_tim.o
                0x0000000008005a30                TIM_Base_SetConfig
 .text.TIM_OC1_SetConfig
                0x0000000008005b70       0xe0 ./Drivers/STM32F4xx_HAL_Driver/Src/stm32f4xx_hal_tim.o
 .text.TIM_OC2_SetConfig
                0x0000000008005c50       0xec ./Drivers/STM32F4xx_HAL_Driver/Src/stm32f4xx_hal_tim.o
                0x0000000008005c50                TIM_OC2_SetConfig
 .text.TIM_OC3_SetConfig
                0x0000000008005d3c       0xe8 ./Drivers/STM32F4xx_HAL_Driver/Src/stm32f4xx_hal_tim.o
 .text.TIM_OC4_SetConfig
                0x0000000008005e24       0xac ./Drivers/STM32F4xx_HAL_Driver/Src/stm32f4xx_hal_tim.o
 .text.TIM_CCxChannelCmd
                0x0000000008005ed0       0x4a ./Drivers/STM32F4xx_HAL_Driver/Src/stm32f4xx_hal_tim.o
                0x0000000008005ed0                TIM_CCxChannelCmd
 *fill*         0x0000000008005f1a        0x2 
 .text.TIM_ResetCallback
                0x0000000008005f1c       0xb0 ./Drivers/STM32F4xx_HAL_Driver/Src/stm32f4xx_hal_tim.o
                0x0000000008005f1c                TIM_ResetCallback
 .text.HAL_TIMEx_MasterConfigSynchronization
                0x0000000008005fcc       0xf8 ./Drivers/STM32F4xx_HAL_Driver/Src/stm32f4xx_hal_tim_ex.o
                0x0000000008005fcc                HAL_TIMEx_MasterConfigSynchronization
 .text.HAL_TIMEx_ConfigBreakDeadTime
                0x00000000080060c4       0xa4 ./Drivers/STM32F4xx_HAL_Driver/Src/stm32f4xx_hal_tim_ex.o
                0x00000000080060c4                HAL_TIMEx_ConfigBreakDeadTime
 .text.HAL_TIMEx_CommutCallback
                0x0000000008006168       0x14 ./Drivers/STM32F4xx_HAL_Driver/Src/stm32f4xx_hal_tim_ex.o
                0x0000000008006168                HAL_TIMEx_CommutCallback
 .text.HAL_TIMEx_CommutHalfCpltCallback
                0x000000000800617c       0x14 ./Drivers/STM32F4xx_HAL_Driver/Src/stm32f4xx_hal_tim_ex.o
                0x000000000800617c                HAL_TIMEx_CommutHalfCpltCallback
 .text.HAL_TIMEx_BreakCallback
                0x0000000008006190       0x14 ./Drivers/STM32F4xx_HAL_Driver/Src/stm32f4xx_hal_tim_ex.o
                0x0000000008006190                HAL_TIMEx_BreakCallback
 .text.USB_CoreInit
                0x00000000080061a4       0xc2 ./Drivers/STM32F4xx_HAL_Driver/Src/stm32f4xx_ll_usb.o
                0x00000000080061a4                USB_CoreInit
 *fill*         0x0000000008006266        0x2 
 .text.USB_SetTurnaroundTime
                0x0000000008006268      0x144 ./Drivers/STM32F4xx_HAL_Driver/Src/stm32f4xx_ll_usb.o
                0x0000000008006268                USB_SetTurnaroundTime
 .text.USB_EnableGlobalInt
                0x00000000080063ac       0x22 ./Drivers/STM32F4xx_HAL_Driver/Src/stm32f4xx_ll_usb.o
                0x00000000080063ac                USB_EnableGlobalInt
 .text.USB_DisableGlobalInt
                0x00000000080063ce       0x22 ./Drivers/STM32F4xx_HAL_Driver/Src/stm32f4xx_ll_usb.o
                0x00000000080063ce                USB_DisableGlobalInt
 .text.USB_SetCurrentMode
                0x00000000080063f0       0x98 ./Drivers/STM32F4xx_HAL_Driver/Src/stm32f4xx_ll_usb.o
                0x00000000080063f0                USB_SetCurrentMode
 .text.USB_DevInit
                0x0000000008006488      0x2c8 ./Drivers/STM32F4xx_HAL_Driver/Src/stm32f4xx_ll_usb.o
                0x0000000008006488                USB_DevInit
 .text.USB_FlushTxFifo
                0x0000000008006750       0x68 ./Drivers/STM32F4xx_HAL_Driver/Src/stm32f4xx_ll_usb.o
                0x0000000008006750                USB_FlushTxFifo
 .text.USB_FlushRxFifo
                0x00000000080067b8       0x60 ./Drivers/STM32F4xx_HAL_Driver/Src/stm32f4xx_ll_usb.o
                0x00000000080067b8                USB_FlushRxFifo
 .text.USB_SetDevSpeed
                0x0000000008006818       0x32 ./Drivers/STM32F4xx_HAL_Driver/Src/stm32f4xx_ll_usb.o
                0x0000000008006818                USB_SetDevSpeed
 .text.USB_GetDevSpeed
                0x000000000800684a       0x4a ./Drivers/STM32F4xx_HAL_Driver/Src/stm32f4xx_ll_usb.o
                0x000000000800684a                USB_GetDevSpeed
 .text.USB_ActivateEndpoint
                0x0000000008006894      0x10e ./Drivers/STM32F4xx_HAL_Driver/Src/stm32f4xx_ll_usb.o
                0x0000000008006894                USB_ActivateEndpoint
 *fill*         0x00000000080069a2        0x2 
 .text.USB_DeactivateEndpoint
                0x00000000080069a4      0x1b8 ./Drivers/STM32F4xx_HAL_Driver/Src/stm32f4xx_ll_usb.o
                0x00000000080069a4                USB_DeactivateEndpoint
 .text.USB_EPStartXfer
                0x0000000008006b5c      0x490 ./Drivers/STM32F4xx_HAL_Driver/Src/stm32f4xx_ll_usb.o
                0x0000000008006b5c                USB_EPStartXfer
 .text.USB_EP0StartXfer
                0x0000000008006fec      0x2b0 ./Drivers/STM32F4xx_HAL_Driver/Src/stm32f4xx_ll_usb.o
                0x0000000008006fec                USB_EP0StartXfer
 .text.USB_EPStopXfer
                0x000000000800729c      0x154 ./Drivers/STM32F4xx_HAL_Driver/Src/stm32f4xx_ll_usb.o
                0x000000000800729c                USB_EPStopXfer
 .text.USB_WritePacket
                0x00000000080073f0       0x7c ./Drivers/STM32F4xx_HAL_Driver/Src/stm32f4xx_ll_usb.o
                0x00000000080073f0                USB_WritePacket
 .text.USB_ReadPacket
                0x000000000800746c       0xb0 ./Drivers/STM32F4xx_HAL_Driver/Src/stm32f4xx_ll_usb.o
                0x000000000800746c                USB_ReadPacket
 .text.USB_EPSetStall
                0x000000000800751c       0xdc ./Drivers/STM32F4xx_HAL_Driver/Src/stm32f4xx_ll_usb.o
                0x000000000800751c                USB_EPSetStall
 .text.USB_EPClearStall
                0x00000000080075f8       0xcc ./Drivers/STM32F4xx_HAL_Driver/Src/stm32f4xx_ll_usb.o
                0x00000000080075f8                USB_EPClearStall
 .text.USB_SetDevAddress
                0x00000000080076c4       0x4c ./Drivers/STM32F4xx_HAL_Driver/Src/stm32f4xx_ll_usb.o
                0x00000000080076c4                USB_SetDevAddress
 .text.USB_DevConnect
                0x0000000008007710       0x42 ./Drivers/STM32F4xx_HAL_Driver/Src/stm32f4xx_ll_usb.o
                0x0000000008007710                USB_DevConnect
 .text.USB_DevDisconnect
                0x0000000008007752       0x42 ./Drivers/STM32F4xx_HAL_Driver/Src/stm32f4xx_ll_usb.o
                0x0000000008007752                USB_DevDisconnect
 .text.USB_ReadInterrupts
                0x0000000008007794       0x26 ./Drivers/STM32F4xx_HAL_Driver/Src/stm32f4xx_ll_usb.o
                0x0000000008007794                USB_ReadInterrupts
 .text.USB_ReadDevAllOutEpInterrupt
                0x00000000080077ba       0x34 ./Drivers/STM32F4xx_HAL_Driver/Src/stm32f4xx_ll_usb.o
                0x00000000080077ba                USB_ReadDevAllOutEpInterrupt
 .text.USB_ReadDevAllInEpInterrupt
                0x00000000080077ee       0x34 ./Drivers/STM32F4xx_HAL_Driver/Src/stm32f4xx_ll_usb.o
                0x00000000080077ee                USB_ReadDevAllInEpInterrupt
 .text.USB_ReadDevOutEPInterrupt
                0x0000000008007822       0x3c ./Drivers/STM32F4xx_HAL_Driver/Src/stm32f4xx_ll_usb.o
                0x0000000008007822                USB_ReadDevOutEPInterrupt
 .text.USB_ReadDevInEPInterrupt
                0x000000000800785e       0x5c ./Drivers/STM32F4xx_HAL_Driver/Src/stm32f4xx_ll_usb.o
                0x000000000800785e                USB_ReadDevInEPInterrupt
 .text.USB_GetMode
                0x00000000080078ba       0x1c ./Drivers/STM32F4xx_HAL_Driver/Src/stm32f4xx_ll_usb.o
                0x00000000080078ba                USB_GetMode
 .text.USB_ActivateSetup
                0x00000000080078d6       0x46 ./Drivers/STM32F4xx_HAL_Driver/Src/stm32f4xx_ll_usb.o
                0x00000000080078d6                USB_ActivateSetup
 .text.USB_EP0_OutStart
                0x000000000800791c       0xbc ./Drivers/STM32F4xx_HAL_Driver/Src/stm32f4xx_ll_usb.o
                0x000000000800791c                USB_EP0_OutStart
 .text.USB_CoreReset
                0x00000000080079d8       0x68 ./Drivers/STM32F4xx_HAL_Driver/Src/stm32f4xx_ll_usb.o
 .text.USBD_CDC_Init
                0x0000000008007a40      0x1f0 ./Middlewares/ST/STM32_USB_Device_Library/Class/CDC/Src/usbd_cdc.o
 .text.USBD_CDC_DeInit
                0x0000000008007c30      0x104 ./Middlewares/ST/STM32_USB_Device_Library/Class/CDC/Src/usbd_cdc.o
 .text.USBD_CDC_Setup
                0x0000000008007d34      0x1b8 ./Middlewares/ST/STM32_USB_Device_Library/Class/CDC/Src/usbd_cdc.o
 .text.USBD_CDC_DataIn
                0x0000000008007eec       0xfe ./Middlewares/ST/STM32_USB_Device_Library/Class/CDC/Src/usbd_cdc.o
 .text.USBD_CDC_DataOut
                0x0000000008007fea       0x70 ./Middlewares/ST/STM32_USB_Device_Library/Class/CDC/Src/usbd_cdc.o
 .text.USBD_CDC_EP0_RxReady
                0x000000000800805a       0x76 ./Middlewares/ST/STM32_USB_Device_Library/Class/CDC/Src/usbd_cdc.o
 .text.USBD_CDC_GetFSCfgDesc
                0x00000000080080d0       0x70 ./Middlewares/ST/STM32_USB_Device_Library/Class/CDC/Src/usbd_cdc.o
 .text.USBD_CDC_GetHSCfgDesc
                0x0000000008008140       0x70 ./Middlewares/ST/STM32_USB_Device_Library/Class/CDC/Src/usbd_cdc.o
 .text.USBD_CDC_GetOtherSpeedCfgDesc
                0x00000000080081b0       0x70 ./Middlewares/ST/STM32_USB_Device_Library/Class/CDC/Src/usbd_cdc.o
 .text.USBD_CDC_GetDeviceQualifierDescriptor
                0x0000000008008220       0x20 ./Middlewares/ST/STM32_USB_Device_Library/Class/CDC/Src/usbd_cdc.o
                0x0000000008008220                USBD_CDC_GetDeviceQualifierDescriptor
 .text.USBD_CDC_RegisterInterface
                0x0000000008008240       0x34 ./Middlewares/ST/STM32_USB_Device_Library/Class/CDC/Src/usbd_cdc.o
                0x0000000008008240                USBD_CDC_RegisterInterface
 .text.USBD_CDC_SetTxBuffer
                0x0000000008008274       0x44 ./Middlewares/ST/STM32_USB_Device_Library/Class/CDC/Src/usbd_cdc.o
                0x0000000008008274                USBD_CDC_SetTxBuffer
 .text.USBD_CDC_SetRxBuffer
                0x00000000080082b8       0x3a ./Middlewares/ST/STM32_USB_Device_Library/Class/CDC/Src/usbd_cdc.o
                0x00000000080082b8                USBD_CDC_SetRxBuffer
 *fill*         0x00000000080082f2        0x2 
 .text.USBD_CDC_TransmitPacket
                0x00000000080082f4       0x8c ./Middlewares/ST/STM32_USB_Device_Library/Class/CDC/Src/usbd_cdc.o
                0x00000000080082f4                USBD_CDC_TransmitPacket
 .text.USBD_CDC_ReceivePacket
                0x0000000008008380       0x6c ./Middlewares/ST/STM32_USB_Device_Library/Class/CDC/Src/usbd_cdc.o
                0x0000000008008380                USBD_CDC_ReceivePacket
 .text.USBD_Init
                0x00000000080083ec       0x60 ./Middlewares/ST/STM32_USB_Device_Library/Core/Src/usbd_core.o
                0x00000000080083ec                USBD_Init
 .text.USBD_RegisterClass
                0x000000000800844c       0x6c ./Middlewares/ST/STM32_USB_Device_Library/Core/Src/usbd_core.o
                0x000000000800844c                USBD_RegisterClass
 .text.USBD_Start
                0x00000000080084b8       0x18 ./Middlewares/ST/STM32_USB_Device_Library/Core/Src/usbd_core.o
                0x00000000080084b8                USBD_Start
 .text.USBD_RunTestMode
                0x00000000080084d0       0x16 ./Middlewares/ST/STM32_USB_Device_Library/Core/Src/usbd_core.o
                0x00000000080084d0                USBD_RunTestMode
 .text.USBD_SetClassConfig
                0x00000000080084e6       0x38 ./Middlewares/ST/STM32_USB_Device_Library/Core/Src/usbd_core.o
                0x00000000080084e6                USBD_SetClassConfig
 .text.USBD_ClrClassConfig
                0x000000000800851e       0x34 ./Middlewares/ST/STM32_USB_Device_Library/Core/Src/usbd_core.o
                0x000000000800851e                USBD_ClrClassConfig
 .text.USBD_LL_SetupStage
                0x0000000008008552       0xaa ./Middlewares/ST/STM32_USB_Device_Library/Core/Src/usbd_core.o
                0x0000000008008552                USBD_LL_SetupStage
 .text.USBD_LL_DataOutStage
                0x00000000080085fc      0x166 ./Middlewares/ST/STM32_USB_Device_Library/Core/Src/usbd_core.o
                0x00000000080085fc                USBD_LL_DataOutStage
 .text.USBD_LL_DataInStage
                0x0000000008008762      0x164 ./Middlewares/ST/STM32_USB_Device_Library/Core/Src/usbd_core.o
                0x0000000008008762                USBD_LL_DataInStage
 .text.USBD_LL_Reset
                0x00000000080088c6       0xa4 ./Middlewares/ST/STM32_USB_Device_Library/Core/Src/usbd_core.o
                0x00000000080088c6                USBD_LL_Reset
 .text.USBD_LL_SetSpeed
                0x000000000800896a       0x20 ./Middlewares/ST/STM32_USB_Device_Library/Core/Src/usbd_core.o
                0x000000000800896a                USBD_LL_SetSpeed
 .text.USBD_LL_Suspend
                0x000000000800898a       0x2c ./Middlewares/ST/STM32_USB_Device_Library/Core/Src/usbd_core.o
                0x000000000800898a                USBD_LL_Suspend
 .text.USBD_LL_Resume
                0x00000000080089b6       0x30 ./Middlewares/ST/STM32_USB_Device_Library/Core/Src/usbd_core.o
                0x00000000080089b6                USBD_LL_Resume
 .text.USBD_LL_SOF
                0x00000000080089e6       0x40 ./Middlewares/ST/STM32_USB_Device_Library/Core/Src/usbd_core.o
                0x00000000080089e6                USBD_LL_SOF
 .text.USBD_LL_IsoINIncomplete
                0x0000000008008a26       0x64 ./Middlewares/ST/STM32_USB_Device_Library/Core/Src/usbd_core.o
                0x0000000008008a26                USBD_LL_IsoINIncomplete
 .text.USBD_LL_IsoOUTIncomplete
                0x0000000008008a8a       0x64 ./Middlewares/ST/STM32_USB_Device_Library/Core/Src/usbd_core.o
                0x0000000008008a8a                USBD_LL_IsoOUTIncomplete
 .text.USBD_LL_DevConnected
                0x0000000008008aee       0x16 ./Middlewares/ST/STM32_USB_Device_Library/Core/Src/usbd_core.o
                0x0000000008008aee                USBD_LL_DevConnected
 .text.USBD_LL_DevDisconnected
                0x0000000008008b04       0x46 ./Middlewares/ST/STM32_USB_Device_Library/Core/Src/usbd_core.o
                0x0000000008008b04                USBD_LL_DevDisconnected
 .text.USBD_CoreFindIF
                0x0000000008008b4a       0x1a ./Middlewares/ST/STM32_USB_Device_Library/Core/Src/usbd_core.o
                0x0000000008008b4a                USBD_CoreFindIF
 .text.USBD_CoreFindEP
                0x0000000008008b64       0x1a ./Middlewares/ST/STM32_USB_Device_Library/Core/Src/usbd_core.o
                0x0000000008008b64                USBD_CoreFindEP
 .text.USBD_GetEpDesc
                0x0000000008008b7e       0x74 ./Middlewares/ST/STM32_USB_Device_Library/Core/Src/usbd_core.o
                0x0000000008008b7e                USBD_GetEpDesc
 .text.USBD_GetNextDesc
                0x0000000008008bf2       0x3a ./Middlewares/ST/STM32_USB_Device_Library/Core/Src/usbd_core.o
                0x0000000008008bf2                USBD_GetNextDesc
 .text.SWAPBYTE
                0x0000000008008c2c       0x3c ./Middlewares/ST/STM32_USB_Device_Library/Core/Src/usbd_ctlreq.o
 .text.USBD_StdDevReq
                0x0000000008008c68       0xe4 ./Middlewares/ST/STM32_USB_Device_Library/Core/Src/usbd_ctlreq.o
                0x0000000008008c68                USBD_StdDevReq
 .text.USBD_StdItfReq
                0x0000000008008d4c       0xd8 ./Middlewares/ST/STM32_USB_Device_Library/Core/Src/usbd_ctlreq.o
                0x0000000008008d4c                USBD_StdItfReq
 .text.USBD_StdEPReq
                0x0000000008008e24      0x33a ./Middlewares/ST/STM32_USB_Device_Library/Core/Src/usbd_ctlreq.o
                0x0000000008008e24                USBD_StdEPReq
 *fill*         0x000000000800915e        0x2 
 .text.USBD_GetDescriptor
                0x0000000008009160      0x2d4 ./Middlewares/ST/STM32_USB_Device_Library/Core/Src/usbd_ctlreq.o
 .text.USBD_SetAddress
                0x0000000008009434       0x88 ./Middlewares/ST/STM32_USB_Device_Library/Core/Src/usbd_ctlreq.o
 .text.USBD_SetConfig
                0x00000000080094bc      0x154 ./Middlewares/ST/STM32_USB_Device_Library/Core/Src/usbd_ctlreq.o
 .text.USBD_GetConfig
                0x0000000008009610       0x6c ./Middlewares/ST/STM32_USB_Device_Library/Core/Src/usbd_ctlreq.o
 .text.USBD_GetStatus
                0x000000000800967c       0x68 ./Middlewares/ST/STM32_USB_Device_Library/Core/Src/usbd_ctlreq.o
 .text.USBD_SetFeature
                0x00000000080096e4       0x52 ./Middlewares/ST/STM32_USB_Device_Library/Core/Src/usbd_ctlreq.o
 .text.USBD_ClrFeature
                0x0000000008009736       0x44 ./Middlewares/ST/STM32_USB_Device_Library/Core/Src/usbd_ctlreq.o
 .text.USBD_ParseSetupRequest
                0x000000000800977a       0x74 ./Middlewares/ST/STM32_USB_Device_Library/Core/Src/usbd_ctlreq.o
                0x000000000800977a                USBD_ParseSetupRequest
 .text.USBD_CtlError
                0x00000000080097ee       0x22 ./Middlewares/ST/STM32_USB_Device_Library/Core/Src/usbd_ctlreq.o
                0x00000000080097ee                USBD_CtlError
 .text.USBD_GetString
                0x0000000008009810       0x8c ./Middlewares/ST/STM32_USB_Device_Library/Core/Src/usbd_ctlreq.o
                0x0000000008009810                USBD_GetString
 .text.USBD_GetLen
                0x000000000800989c       0x34 ./Middlewares/ST/STM32_USB_Device_Library/Core/Src/usbd_ctlreq.o
 .text.USBD_CtlSendData
                0x00000000080098d0       0x36 ./Middlewares/ST/STM32_USB_Device_Library/Core/Src/usbd_ioreq.o
                0x00000000080098d0                USBD_CtlSendData
 .text.USBD_CtlContinueSendData
                0x0000000008009906       0x22 ./Middlewares/ST/STM32_USB_Device_Library/Core/Src/usbd_ioreq.o
                0x0000000008009906                USBD_CtlContinueSendData
 .text.USBD_CtlPrepareRx
                0x0000000008009928       0x3a ./Middlewares/ST/STM32_USB_Device_Library/Core/Src/usbd_ioreq.o
                0x0000000008009928                USBD_CtlPrepareRx
 .text.USBD_CtlContinueRx
                0x0000000008009962       0x22 ./Middlewares/ST/STM32_USB_Device_Library/Core/Src/usbd_ioreq.o
                0x0000000008009962                USBD_CtlContinueRx
 .text.USBD_CtlSendStatus
                0x0000000008009984       0x26 ./Middlewares/ST/STM32_USB_Device_Library/Core/Src/usbd_ioreq.o
                0x0000000008009984                USBD_CtlSendStatus
 .text.USBD_CtlReceiveStatus
                0x00000000080099aa       0x26 ./Middlewares/ST/STM32_USB_Device_Library/Core/Src/usbd_ioreq.o
                0x00000000080099aa                USBD_CtlReceiveStatus
 .text.MX_USB_DEVICE_Init
                0x00000000080099d0       0x60 ./USB_DEVICE/App/usb_device.o
                0x00000000080099d0                MX_USB_DEVICE_Init
 .text.CDC_Init_FS
                0x0000000008009a30       0x28 ./USB_DEVICE/App/usbd_cdc_if.o
 .text.CDC_DeInit_FS
                0x0000000008009a58       0x10 ./USB_DEVICE/App/usbd_cdc_if.o
 .text.CDC_Control_FS
                0x0000000008009a68       0xbc ./USB_DEVICE/App/usbd_cdc_if.o
 .text.CDC_Receive_FS
                0x0000000008009b24       0x30 ./USB_DEVICE/App/usbd_cdc_if.o
 .text.CDC_Transmit_FS
                0x0000000008009b54       0x4c ./USB_DEVICE/App/usbd_cdc_if.o
                0x0000000008009b54                CDC_Transmit_FS
 .text.CDC_TransmitCplt_FS
                0x0000000008009ba0       0x22 ./USB_DEVICE/App/usbd_cdc_if.o
 *fill*         0x0000000008009bc2        0x2 
 .text.USBD_FS_DeviceDescriptor
                0x0000000008009bc4       0x24 ./USB_DEVICE/App/usbd_desc.o
                0x0000000008009bc4                USBD_FS_DeviceDescriptor
 .text.USBD_FS_LangIDStrDescriptor
                0x0000000008009be8       0x24 ./USB_DEVICE/App/usbd_desc.o
                0x0000000008009be8                USBD_FS_LangIDStrDescriptor
 .text.USBD_FS_ProductStrDescriptor
                0x0000000008009c0c       0x3c ./USB_DEVICE/App/usbd_desc.o
                0x0000000008009c0c                USBD_FS_ProductStrDescriptor
 .text.USBD_FS_ManufacturerStrDescriptor
                0x0000000008009c48       0x28 ./USB_DEVICE/App/usbd_desc.o
                0x0000000008009c48                USBD_FS_ManufacturerStrDescriptor
 .text.USBD_FS_SerialStrDescriptor
                0x0000000008009c70       0x24 ./USB_DEVICE/App/usbd_desc.o
                0x0000000008009c70                USBD_FS_SerialStrDescriptor
 .text.USBD_FS_ConfigStrDescriptor
                0x0000000008009c94       0x3c ./USB_DEVICE/App/usbd_desc.o
                0x0000000008009c94                USBD_FS_ConfigStrDescriptor
 .text.USBD_FS_InterfaceStrDescriptor
                0x0000000008009cd0       0x3c ./USB_DEVICE/App/usbd_desc.o
                0x0000000008009cd0                USBD_FS_InterfaceStrDescriptor
 .text.Get_SerialNum
                0x0000000008009d0c       0x58 ./USB_DEVICE/App/usbd_desc.o
 .text.IntToUnicode
                0x0000000008009d64       0x7e ./USB_DEVICE/App/usbd_desc.o
 *fill*         0x0000000008009de2        0x2 
 .text.HAL_PCD_MspInit
                0x0000000008009de4       0xc4 ./USB_DEVICE/Target/usbd_conf.o
                0x0000000008009de4                HAL_PCD_MspInit
 .text.HAL_PCD_SetupStageCallback
                0x0000000008009ea8       0x24 ./USB_DEVICE/Target/usbd_conf.o
                0x0000000008009ea8                HAL_PCD_SetupStageCallback
 .text.HAL_PCD_DataOutStageCallback
                0x0000000008009ecc       0x36 ./USB_DEVICE/Target/usbd_conf.o
                0x0000000008009ecc                HAL_PCD_DataOutStageCallback
 .text.HAL_PCD_DataInStageCallback
                0x0000000008009f02       0x34 ./USB_DEVICE/Target/usbd_conf.o
                0x0000000008009f02                HAL_PCD_DataInStageCallback
 .text.HAL_PCD_SOFCallback
                0x0000000008009f36       0x1c ./USB_DEVICE/Target/usbd_conf.o
                0x0000000008009f36                HAL_PCD_SOFCallback
 .text.HAL_PCD_ResetCallback
                0x0000000008009f52       0x50 ./USB_DEVICE/Target/usbd_conf.o
                0x0000000008009f52                HAL_PCD_ResetCallback
 *fill*         0x0000000008009fa2        0x2 
 .text.HAL_PCD_SuspendCallback
                0x0000000008009fa4       0x4c ./USB_DEVICE/Target/usbd_conf.o
                0x0000000008009fa4                HAL_PCD_SuspendCallback
 .text.HAL_PCD_ResumeCallback
                0x0000000008009ff0       0x1c ./USB_DEVICE/Target/usbd_conf.o
                0x0000000008009ff0                HAL_PCD_ResumeCallback
 .text.HAL_PCD_ISOOUTIncompleteCallback
                0x000000000800a00c       0x24 ./USB_DEVICE/Target/usbd_conf.o
                0x000000000800a00c                HAL_PCD_ISOOUTIncompleteCallback
 .text.HAL_PCD_ISOINIncompleteCallback
                0x000000000800a030       0x24 ./USB_DEVICE/Target/usbd_conf.o
                0x000000000800a030                HAL_PCD_ISOINIncompleteCallback
 .text.HAL_PCD_ConnectCallback
                0x000000000800a054       0x1c ./USB_DEVICE/Target/usbd_conf.o
                0x000000000800a054                HAL_PCD_ConnectCallback
 .text.HAL_PCD_DisconnectCallback
                0x000000000800a070       0x1c ./USB_DEVICE/Target/usbd_conf.o
                0x000000000800a070                HAL_PCD_DisconnectCallback
 .text.USBD_LL_Init
                0x000000000800a08c       0x98 ./USB_DEVICE/Target/usbd_conf.o
                0x000000000800a08c                USBD_LL_Init
 .text.USBD_LL_Start
                0x000000000800a124       0x36 ./USB_DEVICE/Target/usbd_conf.o
                0x000000000800a124                USBD_LL_Start
 .text.USBD_LL_OpenEP
                0x000000000800a15a       0x4c ./USB_DEVICE/Target/usbd_conf.o
                0x000000000800a15a                USBD_LL_OpenEP
 .text.USBD_LL_CloseEP
                0x000000000800a1a6       0x3e ./USB_DEVICE/Target/usbd_conf.o
                0x000000000800a1a6                USBD_LL_CloseEP
 .text.USBD_LL_StallEP
                0x000000000800a1e4       0x3e ./USB_DEVICE/Target/usbd_conf.o
                0x000000000800a1e4                USBD_LL_StallEP
 .text.USBD_LL_ClearStallEP
                0x000000000800a222       0x3e ./USB_DEVICE/Target/usbd_conf.o
                0x000000000800a222                USBD_LL_ClearStallEP
 .text.USBD_LL_IsStallEP
                0x000000000800a260       0x58 ./USB_DEVICE/Target/usbd_conf.o
                0x000000000800a260                USBD_LL_IsStallEP
 .text.USBD_LL_SetUSBAddress
                0x000000000800a2b8       0x3e ./USB_DEVICE/Target/usbd_conf.o
                0x000000000800a2b8                USBD_LL_SetUSBAddress
 .text.USBD_LL_Transmit
                0x000000000800a2f6       0x42 ./USB_DEVICE/Target/usbd_conf.o
                0x000000000800a2f6                USBD_LL_Transmit
 .text.USBD_LL_PrepareReceive
                0x000000000800a338       0x42 ./USB_DEVICE/Target/usbd_conf.o
                0x000000000800a338                USBD_LL_PrepareReceive
 .text.USBD_LL_GetRxDataSize
                0x000000000800a37a       0x26 ./USB_DEVICE/Target/usbd_conf.o
                0x000000000800a37a                USBD_LL_GetRxDataSize
 .text.USBD_static_malloc
                0x000000000800a3a0       0x1c ./USB_DEVICE/Target/usbd_conf.o
                0x000000000800a3a0                USBD_static_malloc
 .text.USBD_static_free
                0x000000000800a3bc       0x14 ./USB_DEVICE/Target/usbd_conf.o
                0x000000000800a3bc                USBD_static_free
 .text.USBD_Get_USB_Status
                0x000000000800a3d0       0x58 ./USB_DEVICE/Target/usbd_conf.o
                0x000000000800a3d0                USBD_Get_USB_Status
 .text._ZdlPvj  0x000000000800a428        0x4 c:/st/stm32cubeide_1.11.0/stm32cubeide/plugins/com.st.stm32cube.ide.mcu.externaltools.gnu-tools-for-stm32.10.3-2021.10.win32_1.0.200.202301161003/tools/bin/../lib/gcc/arm-none-eabi/10.3.1/../../../../arm-none-eabi/lib/thumb/v7e-m+fp/hard\libstdc++_nano.a(del_ops.o)
                0x000000000800a428                operator delete(void*, unsigned int)
 .text._ZdlPv   0x000000000800a42c        0x4 c:/st/stm32cubeide_1.11.0/stm32cubeide/plugins/com.st.stm32cube.ide.mcu.externaltools.gnu-tools-for-stm32.10.3-2021.10.win32_1.0.200.202301161003/tools/bin/../lib/gcc/arm-none-eabi/10.3.1/../../../../arm-none-eabi/lib/thumb/v7e-m+fp/hard\libstdc++_nano.a(del_op.o)
                0x000000000800a42c                operator delete(void*)
 .text.__errno  0x000000000800a430        0xc c:/st/stm32cubeide_1.11.0/stm32cubeide/plugins/com.st.stm32cube.ide.mcu.externaltools.gnu-tools-for-stm32.10.3-2021.10.win32_1.0.200.202301161003/tools/bin/../lib/gcc/arm-none-eabi/10.3.1/../../../../arm-none-eabi/lib/thumb/v7e-m+fp/hard\libc_nano.a(lib_a-errno.o)
                0x000000000800a430                __errno
 .text.__libc_init_array
                0x000000000800a43c       0x48 c:/st/stm32cubeide_1.11.0/stm32cubeide/plugins/com.st.stm32cube.ide.mcu.externaltools.gnu-tools-for-stm32.10.3-2021.10.win32_1.0.200.202301161003/tools/bin/../lib/gcc/arm-none-eabi/10.3.1/../../../../arm-none-eabi/lib/thumb/v7e-m+fp/hard\libc_nano.a(lib_a-init.o)
                0x000000000800a43c                __libc_init_array
 .text.malloc   0x000000000800a484       0x10 c:/st/stm32cubeide_1.11.0/stm32cubeide/plugins/com.st.stm32cube.ide.mcu.externaltools.gnu-tools-for-stm32.10.3-2021.10.win32_1.0.200.202301161003/tools/bin/../lib/gcc/arm-none-eabi/10.3.1/../../../../arm-none-eabi/lib/thumb/v7e-m+fp/hard\libc_nano.a(lib_a-malloc.o)
                0x000000000800a484                malloc
 .text.free     0x000000000800a494       0x10 c:/st/stm32cubeide_1.11.0/stm32cubeide/plugins/com.st.stm32cube.ide.mcu.externaltools.gnu-tools-for-stm32.10.3-2021.10.win32_1.0.200.202301161003/tools/bin/../lib/gcc/arm-none-eabi/10.3.1/../../../../arm-none-eabi/lib/thumb/v7e-m+fp/hard\libc_nano.a(lib_a-malloc.o)
                0x000000000800a494                free
 .text.memcpy   0x000000000800a4a4       0x1c c:/st/stm32cubeide_1.11.0/stm32cubeide/plugins/com.st.stm32cube.ide.mcu.externaltools.gnu-tools-for-stm32.10.3-2021.10.win32_1.0.200.202301161003/tools/bin/../lib/gcc/arm-none-eabi/10.3.1/../../../../arm-none-eabi/lib/thumb/v7e-m+fp/hard\libc_nano.a(lib_a-memcpy-stub.o)
                0x000000000800a4a4                memcpy
 .text.memset   0x000000000800a4c0       0x10 c:/st/stm32cubeide_1.11.0/stm32cubeide/plugins/com.st.stm32cube.ide.mcu.externaltools.gnu-tools-for-stm32.10.3-2021.10.win32_1.0.200.202301161003/tools/bin/../lib/gcc/arm-none-eabi/10.3.1/../../../../arm-none-eabi/lib/thumb/v7e-m+fp/hard\libc_nano.a(lib_a-memset.o)
                0x000000000800a4c0                memset
 .text._free_r  0x000000000800a4d0       0x98 c:/st/stm32cubeide_1.11.0/stm32cubeide/plugins/com.st.stm32cube.ide.mcu.externaltools.gnu-tools-for-stm32.10.3-2021.10.win32_1.0.200.202301161003/tools/bin/../lib/gcc/arm-none-eabi/10.3.1/../../../../arm-none-eabi/lib/thumb/v7e-m+fp/hard\libc_nano.a(lib_a-nano-freer.o)
                0x000000000800a4d0                _free_r
 .text.sbrk_aligned
                0x000000000800a568       0x40 c:/st/stm32cubeide_1.11.0/stm32cubeide/plugins/com.st.stm32cube.ide.mcu.externaltools.gnu-tools-for-stm32.10.3-2021.10.win32_1.0.200.202301161003/tools/bin/../lib/gcc/arm-none-eabi/10.3.1/../../../../arm-none-eabi/lib/thumb/v7e-m+fp/hard\libc_nano.a(lib_a-nano-mallocr.o)
 .text._malloc_r
                0x000000000800a5a8       0xe8 c:/st/stm32cubeide_1.11.0/stm32cubeide/plugins/com.st.stm32cube.ide.mcu.externaltools.gnu-tools-for-stm32.10.3-2021.10.win32_1.0.200.202301161003/tools/bin/../lib/gcc/arm-none-eabi/10.3.1/../../../../arm-none-eabi/lib/thumb/v7e-m+fp/hard\libc_nano.a(lib_a-nano-mallocr.o)
                0x000000000800a5a8                _malloc_r
 .text.__cvt    0x000000000800a690       0xc4 c:/st/stm32cubeide_1.11.0/stm32cubeide/plugins/com.st.stm32cube.ide.mcu.externaltools.gnu-tools-for-stm32.10.3-2021.10.win32_1.0.200.202301161003/tools/bin/../lib/gcc/arm-none-eabi/10.3.1/../../../../arm-none-eabi/lib/thumb/v7e-m+fp/hard\libc_nano.a(lib_a-nano-vfprintf_float.o)
                0x000000000800a690                __cvt
 .text.__exponent
                0x000000000800a754       0x7c c:/st/stm32cubeide_1.11.0/stm32cubeide/plugins/com.st.stm32cube.ide.mcu.externaltools.gnu-tools-for-stm32.10.3-2021.10.win32_1.0.200.202301161003/tools/bin/../lib/gcc/arm-none-eabi/10.3.1/../../../../arm-none-eabi/lib/thumb/v7e-m+fp/hard\libc_nano.a(lib_a-nano-vfprintf_float.o)
                0x000000000800a754                __exponent
 .text._printf_float
                0x000000000800a7d0      0x46c c:/st/stm32cubeide_1.11.0/stm32cubeide/plugins/com.st.stm32cube.ide.mcu.externaltools.gnu-tools-for-stm32.10.3-2021.10.win32_1.0.200.202301161003/tools/bin/../lib/gcc/arm-none-eabi/10.3.1/../../../../arm-none-eabi/lib/thumb/v7e-m+fp/hard\libc_nano.a(lib_a-nano-vfprintf_float.o)
                0x000000000800a7d0                _printf_float
 .text._printf_common
                0x000000000800ac3c       0xda c:/st/stm32cubeide_1.11.0/stm32cubeide/plugins/com.st.stm32cube.ide.mcu.externaltools.gnu-tools-for-stm32.10.3-2021.10.win32_1.0.200.202301161003/tools/bin/../lib/gcc/arm-none-eabi/10.3.1/../../../../arm-none-eabi/lib/thumb/v7e-m+fp/hard\libc_nano.a(lib_a-nano-vfprintf_i.o)
                0x000000000800ac3c                _printf_common
 *fill*         0x000000000800ad16        0x2 
 .text._printf_i
                0x000000000800ad18      0x24c c:/st/stm32cubeide_1.11.0/stm32cubeide/plugins/com.st.stm32cube.ide.mcu.externaltools.gnu-tools-for-stm32.10.3-2021.10.win32_1.0.200.202301161003/tools/bin/../lib/gcc/arm-none-eabi/10.3.1/../../../../arm-none-eabi/lib/thumb/v7e-m+fp/hard\libc_nano.a(lib_a-nano-vfprintf_i.o)
                0x000000000800ad18                _printf_i
 .text._scanf_float
                0x000000000800af64      0x420 c:/st/stm32cubeide_1.11.0/stm32cubeide/plugins/com.st.stm32cube.ide.mcu.externaltools.gnu-tools-for-stm32.10.3-2021.10.win32_1.0.200.202301161003/tools/bin/../lib/gcc/arm-none-eabi/10.3.1/../../../../arm-none-eabi/lib/thumb/v7e-m+fp/hard\libc_nano.a(lib_a-nano-vfscanf_float.o)
                0x000000000800af64                _scanf_float
 .text._sbrk_r  0x000000000800b384       0x20 c:/st/stm32cubeide_1.11.0/stm32cubeide/plugins/com.st.stm32cube.ide.mcu.externaltools.gnu-tools-for-stm32.10.3-2021.10.win32_1.0.200.202301161003/tools/bin/../lib/gcc/arm-none-eabi/10.3.1/../../../../arm-none-eabi/lib/thumb/v7e-m+fp/hard\libc_nano.a(lib_a-sbrkr.o)
                0x000000000800b384                _sbrk_r
 .text.nanf     0x000000000800b3a4        0xc c:/st/stm32cubeide_1.11.0/stm32cubeide/plugins/com.st.stm32cube.ide.mcu.externaltools.gnu-tools-for-stm32.10.3-2021.10.win32_1.0.200.202301161003/tools/bin/../lib/gcc/arm-none-eabi/10.3.1/../../../../arm-none-eabi/lib/thumb/v7e-m+fp/hard\libc_nano.a(lib_a-sf_nan.o)
                0x000000000800b3a4                nanf
 .text.sprintf  0x000000000800b3b0       0x40 c:/st/stm32cubeide_1.11.0/stm32cubeide/plugins/com.st.stm32cube.ide.mcu.externaltools.gnu-tools-for-stm32.10.3-2021.10.win32_1.0.200.202301161003/tools/bin/../lib/gcc/arm-none-eabi/10.3.1/../../../../arm-none-eabi/lib/thumb/v7e-m+fp/hard\libc_nano.a(lib_a-sprintf.o)
                0x000000000800b3b0                siprintf
                0x000000000800b3b0                sprintf
 .text.sscanf   0x000000000800b3f0       0x58 c:/st/stm32cubeide_1.11.0/stm32cubeide/plugins/com.st.stm32cube.ide.mcu.externaltools.gnu-tools-for-stm32.10.3-2021.10.win32_1.0.200.202301161003/tools/bin/../lib/gcc/arm-none-eabi/10.3.1/../../../../arm-none-eabi/lib/thumb/v7e-m+fp/hard\libc_nano.a(lib_a-sscanf.o)
                0x000000000800b3f0                siscanf
                0x000000000800b3f0                sscanf
 .text.__sread  0x000000000800b448       0x22 c:/st/stm32cubeide_1.11.0/stm32cubeide/plugins/com.st.stm32cube.ide.mcu.externaltools.gnu-tools-for-stm32.10.3-2021.10.win32_1.0.200.202301161003/tools/bin/../lib/gcc/arm-none-eabi/10.3.1/../../../../arm-none-eabi/lib/thumb/v7e-m+fp/hard\libc_nano.a(lib_a-stdio.o)
                0x000000000800b448                __sread
 .text.__seofread
                0x000000000800b46a        0x4 c:/st/stm32cubeide_1.11.0/stm32cubeide/plugins/com.st.stm32cube.ide.mcu.externaltools.gnu-tools-for-stm32.10.3-2021.10.win32_1.0.200.202301161003/tools/bin/../lib/gcc/arm-none-eabi/10.3.1/../../../../arm-none-eabi/lib/thumb/v7e-m+fp/hard\libc_nano.a(lib_a-stdio.o)
                0x000000000800b46a                __seofread
 .text.__swrite
                0x000000000800b46e       0x38 c:/st/stm32cubeide_1.11.0/stm32cubeide/plugins/com.st.stm32cube.ide.mcu.externaltools.gnu-tools-for-stm32.10.3-2021.10.win32_1.0.200.202301161003/tools/bin/../lib/gcc/arm-none-eabi/10.3.1/../../../../arm-none-eabi/lib/thumb/v7e-m+fp/hard\libc_nano.a(lib_a-stdio.o)
                0x000000000800b46e                __swrite
 .text.__sseek  0x000000000800b4a6       0x24 c:/st/stm32cubeide_1.11.0/stm32cubeide/plugins/com.st.stm32cube.ide.mcu.externaltools.gnu-tools-for-stm32.10.3-2021.10.win32_1.0.200.202301161003/tools/bin/../lib/gcc/arm-none-eabi/10.3.1/../../../../arm-none-eabi/lib/thumb/v7e-m+fp/hard\libc_nano.a(lib_a-stdio.o)
                0x000000000800b4a6                __sseek
 .text.__sclose
                0x000000000800b4ca        0x8 c:/st/stm32cubeide_1.11.0/stm32cubeide/plugins/com.st.stm32cube.ide.mcu.externaltools.gnu-tools-for-stm32.10.3-2021.10.win32_1.0.200.202301161003/tools/bin/../lib/gcc/arm-none-eabi/10.3.1/../../../../arm-none-eabi/lib/thumb/v7e-m+fp/hard\libc_nano.a(lib_a-stdio.o)
                0x000000000800b4ca                __sclose
 .text.sulp     0x000000000800b4d2       0x38 c:/st/stm32cubeide_1.11.0/stm32cubeide/plugins/com.st.stm32cube.ide.mcu.externaltools.gnu-tools-for-stm32.10.3-2021.10.win32_1.0.200.202301161003/tools/bin/../lib/gcc/arm-none-eabi/10.3.1/../../../../arm-none-eabi/lib/thumb/v7e-m+fp/hard\libc_nano.a(lib_a-strtod.o)
 *fill*         0x000000000800b50a        0x6 
 .text._strtod_l
                0x000000000800b510      0xc0c c:/st/stm32cubeide_1.11.0/stm32cubeide/plugins/com.st.stm32cube.ide.mcu.externaltools.gnu-tools-for-stm32.10.3-2021.10.win32_1.0.200.202301161003/tools/bin/../lib/gcc/arm-none-eabi/10.3.1/../../../../arm-none-eabi/lib/thumb/v7e-m+fp/hard\libc_nano.a(lib_a-strtod.o)
                0x000000000800b510                _strtod_l
 .text._strtod_r
                0x000000000800c11c        0xc c:/st/stm32cubeide_1.11.0/stm32cubeide/plugins/com.st.stm32cube.ide.mcu.externaltools.gnu-tools-for-stm32.10.3-2021.10.win32_1.0.200.202301161003/tools/bin/../lib/gcc/arm-none-eabi/10.3.1/../../../../arm-none-eabi/lib/thumb/v7e-m+fp/hard\libc_nano.a(lib_a-strtod.o)
                0x000000000800c11c                _strtod_r
 .text._strtol_l.constprop.0
                0x000000000800c128      0x104 c:/st/stm32cubeide_1.11.0/stm32cubeide/plugins/com.st.stm32cube.ide.mcu.externaltools.gnu-tools-for-stm32.10.3-2021.10.win32_1.0.200.202301161003/tools/bin/../lib/gcc/arm-none-eabi/10.3.1/../../../../arm-none-eabi/lib/thumb/v7e-m+fp/hard\libc_nano.a(lib_a-strtol.o)
 .text._strtol_r
                0x000000000800c22c        0x4 c:/st/stm32cubeide_1.11.0/stm32cubeide/plugins/com.st.stm32cube.ide.mcu.externaltools.gnu-tools-for-stm32.10.3-2021.10.win32_1.0.200.202301161003/tools/bin/../lib/gcc/arm-none-eabi/10.3.1/../../../../arm-none-eabi/lib/thumb/v7e-m+fp/hard\libc_nano.a(lib_a-strtol.o)
                0x000000000800c22c                _strtol_r
 .text._write_r
                0x000000000800c230       0x24 c:/st/stm32cubeide_1.11.0/stm32cubeide/plugins/com.st.stm32cube.ide.mcu.externaltools.gnu-tools-for-stm32.10.3-2021.10.win32_1.0.200.202301161003/tools/bin/../lib/gcc/arm-none-eabi/10.3.1/../../../../arm-none-eabi/lib/thumb/v7e-m+fp/hard\libc_nano.a(lib_a-writer.o)
                0x000000000800c230                _write_r
 .text._close_r
                0x000000000800c254       0x20 c:/st/stm32cubeide_1.11.0/stm32cubeide/plugins/com.st.stm32cube.ide.mcu.externaltools.gnu-tools-for-stm32.10.3-2021.10.win32_1.0.200.202301161003/tools/bin/../lib/gcc/arm-none-eabi/10.3.1/../../../../arm-none-eabi/lib/thumb/v7e-m+fp/hard\libc_nano.a(lib_a-closer.o)
                0x000000000800c254                _close_r
 .text.quorem   0x000000000800c274      0x116 c:/st/stm32cubeide_1.11.0/stm32cubeide/plugins/com.st.stm32cube.ide.mcu.externaltools.gnu-tools-for-stm32.10.3-2021.10.win32_1.0.200.202301161003/tools/bin/../lib/gcc/arm-none-eabi/10.3.1/../../../../arm-none-eabi/lib/thumb/v7e-m+fp/hard\libc_nano.a(lib_a-dtoa.o)
 *fill*         0x000000000800c38a        0x6 
 .text._dtoa_r  0x000000000800c390      0xbdc c:/st/stm32cubeide_1.11.0/stm32cubeide/plugins/com.st.stm32cube.ide.mcu.externaltools.gnu-tools-for-stm32.10.3-2021.10.win32_1.0.200.202301161003/tools/bin/../lib/gcc/arm-none-eabi/10.3.1/../../../../arm-none-eabi/lib/thumb/v7e-m+fp/hard\libc_nano.a(lib_a-dtoa.o)
                0x000000000800c390                _dtoa_r
 .text.rshift   0x000000000800cf6c       0xa4 c:/st/stm32cubeide_1.11.0/stm32cubeide/plugins/com.st.stm32cube.ide.mcu.externaltools.gnu-tools-for-stm32.10.3-2021.10.win32_1.0.200.202301161003/tools/bin/../lib/gcc/arm-none-eabi/10.3.1/../../../../arm-none-eabi/lib/thumb/v7e-m+fp/hard\libc_nano.a(lib_a-gdtoa-gethex.o)
 .text.__hexdig_fun
                0x000000000800d010       0x2a c:/st/stm32cubeide_1.11.0/stm32cubeide/plugins/com.st.stm32cube.ide.mcu.externaltools.gnu-tools-for-stm32.10.3-2021.10.win32_1.0.200.202301161003/tools/bin/../lib/gcc/arm-none-eabi/10.3.1/../../../../arm-none-eabi/lib/thumb/v7e-m+fp/hard\libc_nano.a(lib_a-gdtoa-gethex.o)
                0x000000000800d010                __hexdig_fun
 *fill*         0x000000000800d03a        0x2 
 .text.__gethex
                0x000000000800d03c      0x48c c:/st/stm32cubeide_1.11.0/stm32cubeide/plugins/com.st.stm32cube.ide.mcu.externaltools.gnu-tools-for-stm32.10.3-2021.10.win32_1.0.200.202301161003/tools/bin/../lib/gcc/arm-none-eabi/10.3.1/../../../../arm-none-eabi/lib/thumb/v7e-m+fp/hard\libc_nano.a(lib_a-gdtoa-gethex.o)
                0x000000000800d03c                __gethex
 .text.L_shift  0x000000000800d4c8       0x24 c:/st/stm32cubeide_1.11.0/stm32cubeide/plugins/com.st.stm32cube.ide.mcu.externaltools.gnu-tools-for-stm32.10.3-2021.10.win32_1.0.200.202301161003/tools/bin/../lib/gcc/arm-none-eabi/10.3.1/../../../../arm-none-eabi/lib/thumb/v7e-m+fp/hard\libc_nano.a(lib_a-gdtoa-hexnan.o)
 .text.__match  0x000000000800d4ec       0x28 c:/st/stm32cubeide_1.11.0/stm32cubeide/plugins/com.st.stm32cube.ide.mcu.externaltools.gnu-tools-for-stm32.10.3-2021.10.win32_1.0.200.202301161003/tools/bin/../lib/gcc/arm-none-eabi/10.3.1/../../../../arm-none-eabi/lib/thumb/v7e-m+fp/hard\libc_nano.a(lib_a-gdtoa-hexnan.o)
                0x000000000800d4ec                __match
 .text.__hexnan
                0x000000000800d514      0x138 c:/st/stm32cubeide_1.11.0/stm32cubeide/plugins/com.st.stm32cube.ide.mcu.externaltools.gnu-tools-for-stm32.10.3-2021.10.win32_1.0.200.202301161003/tools/bin/../lib/gcc/arm-none-eabi/10.3.1/../../../../arm-none-eabi/lib/thumb/v7e-m+fp/hard\libc_nano.a(lib_a-gdtoa-hexnan.o)
                0x000000000800d514                __hexnan
 .text._localeconv_r
                0x000000000800d64c        0x8 c:/st/stm32cubeide_1.11.0/stm32cubeide/plugins/com.st.stm32cube.ide.mcu.externaltools.gnu-tools-for-stm32.10.3-2021.10.win32_1.0.200.202301161003/tools/bin/../lib/gcc/arm-none-eabi/10.3.1/../../../../arm-none-eabi/lib/thumb/v7e-m+fp/hard\libc_nano.a(lib_a-localeconv.o)
                0x000000000800d64c                _localeconv_r
 .text._lseek_r
                0x000000000800d654       0x24 c:/st/stm32cubeide_1.11.0/stm32cubeide/plugins/com.st.stm32cube.ide.mcu.externaltools.gnu-tools-for-stm32.10.3-2021.10.win32_1.0.200.202301161003/tools/bin/../lib/gcc/arm-none-eabi/10.3.1/../../../../arm-none-eabi/lib/thumb/v7e-m+fp/hard\libc_nano.a(lib_a-lseekr.o)
                0x000000000800d654                _lseek_r
 .text.__ascii_mbtowc
                0x000000000800d678       0x24 c:/st/stm32cubeide_1.11.0/stm32cubeide/plugins/com.st.stm32cube.ide.mcu.externaltools.gnu-tools-for-stm32.10.3-2021.10.win32_1.0.200.202301161003/tools/bin/../lib/gcc/arm-none-eabi/10.3.1/../../../../arm-none-eabi/lib/thumb/v7e-m+fp/hard\libc_nano.a(lib_a-mbtowc_r.o)
                0x000000000800d678                __ascii_mbtowc
 .text.__malloc_lock
                0x000000000800d69c        0xc c:/st/stm32cubeide_1.11.0/stm32cubeide/plugins/com.st.stm32cube.ide.mcu.externaltools.gnu-tools-for-stm32.10.3-2021.10.win32_1.0.200.202301161003/tools/bin/../lib/gcc/arm-none-eabi/10.3.1/../../../../arm-none-eabi/lib/thumb/v7e-m+fp/hard\libc_nano.a(lib_a-mlock.o)
                0x000000000800d69c                __malloc_lock
 .text.__malloc_unlock
                0x000000000800d6a8        0xc c:/st/stm32cubeide_1.11.0/stm32cubeide/plugins/com.st.stm32cube.ide.mcu.externaltools.gnu-tools-for-stm32.10.3-2021.10.win32_1.0.200.202301161003/tools/bin/../lib/gcc/arm-none-eabi/10.3.1/../../../../arm-none-eabi/lib/thumb/v7e-m+fp/hard\libc_nano.a(lib_a-mlock.o)
                0x000000000800d6a8                __malloc_unlock
 .text._Balloc  0x000000000800d6b4       0x80 c:/st/stm32cubeide_1.11.0/stm32cubeide/plugins/com.st.stm32cube.ide.mcu.externaltools.gnu-tools-for-stm32.10.3-2021.10.win32_1.0.200.202301161003/tools/bin/../lib/gcc/arm-none-eabi/10.3.1/../../../../arm-none-eabi/lib/thumb/v7e-m+fp/hard\libc_nano.a(lib_a-mprec.o)
                0x000000000800d6b4                _Balloc
 .text._Bfree   0x000000000800d734       0x44 c:/st/stm32cubeide_1.11.0/stm32cubeide/plugins/com.st.stm32cube.ide.mcu.externaltools.gnu-tools-for-stm32.10.3-2021.10.win32_1.0.200.202301161003/tools/bin/../lib/gcc/arm-none-eabi/10.3.1/../../../../arm-none-eabi/lib/thumb/v7e-m+fp/hard\libc_nano.a(lib_a-mprec.o)
                0x000000000800d734                _Bfree
 .text.__multadd
                0x000000000800d778       0x8c c:/st/stm32cubeide_1.11.0/stm32cubeide/plugins/com.st.stm32cube.ide.mcu.externaltools.gnu-tools-for-stm32.10.3-2021.10.win32_1.0.200.202301161003/tools/bin/../lib/gcc/arm-none-eabi/10.3.1/../../../../arm-none-eabi/lib/thumb/v7e-m+fp/hard\libc_nano.a(lib_a-mprec.o)
                0x000000000800d778                __multadd
 .text.__s2b    0x000000000800d804       0x94 c:/st/stm32cubeide_1.11.0/stm32cubeide/plugins/com.st.stm32cube.ide.mcu.externaltools.gnu-tools-for-stm32.10.3-2021.10.win32_1.0.200.202301161003/tools/bin/../lib/gcc/arm-none-eabi/10.3.1/../../../../arm-none-eabi/lib/thumb/v7e-m+fp/hard\libc_nano.a(lib_a-mprec.o)
                0x000000000800d804                __s2b
 .text.__hi0bits
                0x000000000800d898       0x40 c:/st/stm32cubeide_1.11.0/stm32cubeide/plugins/com.st.stm32cube.ide.mcu.externaltools.gnu-tools-for-stm32.10.3-2021.10.win32_1.0.200.202301161003/tools/bin/../lib/gcc/arm-none-eabi/10.3.1/../../../../arm-none-eabi/lib/thumb/v7e-m+fp/hard\libc_nano.a(lib_a-mprec.o)
                0x000000000800d898                __hi0bits
 .text.__lo0bits
                0x000000000800d8d8       0x5e c:/st/stm32cubeide_1.11.0/stm32cubeide/plugins/com.st.stm32cube.ide.mcu.externaltools.gnu-tools-for-stm32.10.3-2021.10.win32_1.0.200.202301161003/tools/bin/../lib/gcc/arm-none-eabi/10.3.1/../../../../arm-none-eabi/lib/thumb/v7e-m+fp/hard\libc_nano.a(lib_a-mprec.o)
                0x000000000800d8d8                __lo0bits
 *fill*         0x000000000800d936        0x2 
 .text.__i2b    0x000000000800d938       0x2c c:/st/stm32cubeide_1.11.0/stm32cubeide/plugins/com.st.stm32cube.ide.mcu.externaltools.gnu-tools-for-stm32.10.3-2021.10.win32_1.0.200.202301161003/tools/bin/../lib/gcc/arm-none-eabi/10.3.1/../../../../arm-none-eabi/lib/thumb/v7e-m+fp/hard\libc_nano.a(lib_a-mprec.o)
                0x000000000800d938                __i2b
 .text.__multiply
                0x000000000800d964      0x154 c:/st/stm32cubeide_1.11.0/stm32cubeide/plugins/com.st.stm32cube.ide.mcu.externaltools.gnu-tools-for-stm32.10.3-2021.10.win32_1.0.200.202301161003/tools/bin/../lib/gcc/arm-none-eabi/10.3.1/../../../../arm-none-eabi/lib/thumb/v7e-m+fp/hard\libc_nano.a(lib_a-mprec.o)
                0x000000000800d964                __multiply
 .text.__pow5mult
                0x000000000800dab8       0xb4 c:/st/stm32cubeide_1.11.0/stm32cubeide/plugins/com.st.stm32cube.ide.mcu.externaltools.gnu-tools-for-stm32.10.3-2021.10.win32_1.0.200.202301161003/tools/bin/../lib/gcc/arm-none-eabi/10.3.1/../../../../arm-none-eabi/lib/thumb/v7e-m+fp/hard\libc_nano.a(lib_a-mprec.o)
                0x000000000800dab8                __pow5mult
 .text.__lshift
                0x000000000800db6c       0xe0 c:/st/stm32cubeide_1.11.0/stm32cubeide/plugins/com.st.stm32cube.ide.mcu.externaltools.gnu-tools-for-stm32.10.3-2021.10.win32_1.0.200.202301161003/tools/bin/../lib/gcc/arm-none-eabi/10.3.1/../../../../arm-none-eabi/lib/thumb/v7e-m+fp/hard\libc_nano.a(lib_a-mprec.o)
                0x000000000800db6c                __lshift
 .text.__mcmp   0x000000000800dc4c       0x38 c:/st/stm32cubeide_1.11.0/stm32cubeide/plugins/com.st.stm32cube.ide.mcu.externaltools.gnu-tools-for-stm32.10.3-2021.10.win32_1.0.200.202301161003/tools/bin/../lib/gcc/arm-none-eabi/10.3.1/../../../../arm-none-eabi/lib/thumb/v7e-m+fp/hard\libc_nano.a(lib_a-mprec.o)
                0x000000000800dc4c                __mcmp
 .text.__mdiff  0x000000000800dc84      0x114 c:/st/stm32cubeide_1.11.0/stm32cubeide/plugins/com.st.stm32cube.ide.mcu.externaltools.gnu-tools-for-stm32.10.3-2021.10.win32_1.0.200.202301161003/tools/bin/../lib/gcc/arm-none-eabi/10.3.1/../../../../arm-none-eabi/lib/thumb/v7e-m+fp/hard\libc_nano.a(lib_a-mprec.o)
                0x000000000800dc84                __mdiff
 .text.__ulp    0x000000000800dd98       0x58 c:/st/stm32cubeide_1.11.0/stm32cubeide/plugins/com.st.stm32cube.ide.mcu.externaltools.gnu-tools-for-stm32.10.3-2021.10.win32_1.0.200.202301161003/tools/bin/../lib/gcc/arm-none-eabi/10.3.1/../../../../arm-none-eabi/lib/thumb/v7e-m+fp/hard\libc_nano.a(lib_a-mprec.o)
                0x000000000800dd98                __ulp
 .text.__b2d    0x000000000800ddf0       0xa0 c:/st/stm32cubeide_1.11.0/stm32cubeide/plugins/com.st.stm32cube.ide.mcu.externaltools.gnu-tools-for-stm32.10.3-2021.10.win32_1.0.200.202301161003/tools/bin/../lib/gcc/arm-none-eabi/10.3.1/../../../../arm-none-eabi/lib/thumb/v7e-m+fp/hard\libc_nano.a(lib_a-mprec.o)
                0x000000000800ddf0                __b2d