../Core/Src/Components/RoboIME_RF24.cpp:13:1:RoboIME_RF24::RoboIME_RF24(GPIO_TypeDef*, uint16_t, GPIO_TypeDef*, uint16_t, GPIO_TypeDef*, uint16_t, SPI_HandleTypeDef*)	24	static
../Core/Src/Components/RoboIME_RF24.cpp:28:6:void RoboIME_RF24::extiCallback()	24	static
../Core/Src/Components/RoboIME_RF24.cpp:33:5:int RoboIME_RF24::setup()	16	static
../Core/Src/Components/RoboIME_RF24.cpp:50:5:int RoboIME_RF24::setRobotId(uint8_t)	16	static
../Core/Src/Components/RoboIME_RF24.cpp:58:5:int RoboIME_RF24::setDirection(RF24_Direction)	16	static
../Core/Src/Components/RoboIME_RF24.cpp:68:5:int RoboIME_RF24::sendPayload(uint8_t*, uint8_t)	24	static
../Core/Src/Components/RoboIME_RF24.cpp:80:9:uint8_t RoboIME_RF24::getReceivedPayload(uint8_t*)	24	static
../Core/Src/Components/RoboIME_RF24.cpp:93:5:int RoboIME_RF24::UploadAckPayload(uint8_t*, uint8_t)	24	static
../Core/Src/Components/RoboIME_RF24.cpp:104:6:void RoboIME_RF24::delayMicroseconds(uint32_t)	32	static
../Core/Src/Components/RoboIME_RF24.cpp:109:13:void RoboIME_RF24::csn(GPIO_PinState)	16	static
../Core/Src/Components/RoboIME_RF24.cpp:113:13:void RoboIME_RF24::ce(GPIO_PinState)	16	static
../Core/Src/Components/RoboIME_RF24.cpp:117:9:uint8_t RoboIME_RF24::readRxPayloadWidth()	24	static
../Core/Src/Components/RoboIME_RF24.cpp:129:5:int RoboIME_RF24::spiCommand(uint8_t)	16	static
../Core/Src/Components/RoboIME_RF24.cpp:135:5:int RoboIME_RF24::writeRegister(uint8_t, uint8_t*, uint8_t)	24	static
../Core/Src/Components/RoboIME_RF24.cpp:151:5:int RoboIME_RF24::readRegister(uint8_t, uint8_t*, uint8_t)	24	static
../Core/Src/Components/RoboIME_RF24.cpp:167:5:int RoboIME_RF24::writeAckPayload(uint8_t*, uint8_t)	24	static
../Core/Src/Components/RoboIME_RF24.cpp:176:5:int RoboIME_RF24::readRxPayload(uint8_t*, uint8_t)	24	static
../Core/Src/Components/RoboIME_RF24.cpp:185:5:int RoboIME_RF24::writeTxPayload(uint8_t*, uint8_t)	24	static
