../Lib/pb_decode.c:70:25:buf_read	32	static
../Lib/pb_decode.c:85:18:pb_read	40	static
../Lib/pb_decode.c:124:25:pb_readbyte	16	static
../Lib/pb_decode.c:142:14:pb_istream_from_buffer	48	static
../Lib/pb_decode.c:170:25:pb_decode_varint32_eof	40	static
../Lib/pb_decode.c:234:18:pb_decode_varint32	16	static
../Lib/pb_decode.c:240:18:pb_decode_varint	72	static
../Lib/pb_decode.c:263:18:pb_skip_varint	24	static
../Lib/pb_decode.c:274:18:pb_skip_string	24	static
../Lib/pb_decode.c:288:18:pb_decode_tag	32	static
../Lib/pb_decode.c:305:18:pb_skip_field	16	static
../Lib/pb_decode.c:320:25:read_raw_value	32	static
../Lib/pb_decode.c:359:18:pb_make_string_substream	32	static
../Lib/pb_decode.c:374:18:pb_close_string_substream	16	static
../Lib/pb_decode.c:393:25:decode_basic_field	24	static
../Lib/pb_decode.c:464:25:decode_static_field	96	static
../Lib/pb_decode.c:621:25:decode_pointer_field	24	static
../Lib/pb_decode.c:743:25:decode_callback_field	104	static
../Lib/pb_decode.c:786:25:decode_field	24	static
../Lib/pb_decode.c:817:25:default_extension_decoder	64	static
../Lib/pb_decode.c:834:25:decode_extension	40	static
../Lib/pb_decode.c:857:13:pb_field_set_to_default	64	static
../Lib/pb_decode.c:939:13:pb_message_set_to_defaults	64	static
../Lib/pb_decode.c:978:25:pb_decode_inner	112	static
../Lib/pb_decode.c:1142:18:pb_decode_ex	48	static
../Lib/pb_decode.c:1170:18:pb_decode	32	static
../Lib/pb_decode.c:1327:6:pb_decode_bool	24	static
../Lib/pb_decode.c:1337:6:pb_decode_svarint	40	static
../Lib/pb_decode.c:1351:6:pb_decode_fixed32	24	static
../Lib/pb_decode.c:1374:6:pb_decode_fixed64	152	static
../Lib/pb_decode.c:1401:25:pb_dec_bool	16	static
../Lib/pb_decode.c:1406:25:pb_dec_varint	112	static
../Lib/pb_decode.c:1478:25:pb_dec_bytes	32	static
../Lib/pb_decode.c:1518:25:pb_dec_string	32	static
../Lib/pb_decode.c:1568:25:pb_dec_submessage	48	static
../Lib/pb_decode.c:1620:25:pb_dec_fixed_length_bytes	24	static
