16:54:03 **** Incremental Build of configuration Debug for project SSL_Firmware_HAL ****
make -j8 all 
arm-none-eabi-gcc "../USB_HOST/Target/usbh_conf.c" -mcpu=cortex-m4 -std=gnu11 -g3 -DUSE_HAL_DRIVER -DDEBUG -DSTM32F407xx -c -I../USB_HOST/App -IC:/Users/Gabriel/STM32Cube/Repository/STM32Cube_FW_F4_V1.24.2/Drivers/STM32F4xx_HAL_Driver/Inc -I../Core/Inc -IC:/Users/Gabriel/STM32Cube/Repository/STM32Cube_FW_F4_V1.24.2/Drivers/CMSIS/Device/ST/STM32F4xx/Include -IC:/Users/Gabriel/STM32Cube/Repository/STM32Cube_FW_F4_V1.24.2/Drivers/STM32F4xx_HAL_Driver/Inc/Legacy -IC:/Users/Gabriel/STM32Cube/Repository/STM32Cube_FW_F4_V1.24.2/Drivers/CMSIS/Include -I../USB_HOST/Target -IC:/Users/Gabriel/STM32Cube/Repository/STM32Cube_FW_F4_V1.24.2/Middlewares/ST/STM32_USB_Host_Library/Core/Inc -IC:/Users/Gabriel/STM32Cube/Repository/STM32Cube_FW_F4_V1.24.2/Middlewares/ST/STM32_USB_Host_Library/Class/CDC/Inc -O0 -ffunction-sections -fdata-sections -Wall -fstack-usage -MMD -MP -MF"USB_HOST/Target/usbh_conf.d" -MT"USB_HOST/Target/usbh_conf.o" --specs=nano.specs -mfpu=fpv4-sp-d16 -mfloat-abi=hard -mthumb -o "USB_HOST/Target/usbh_conf.o"
arm-none-eabi-gcc "../USB_HOST/App/usb_host.c" -mcpu=cortex-m4 -std=gnu11 -g3 -DUSE_HAL_DRIVER -DDEBUG -DSTM32F407xx -c -I../USB_HOST/App -IC:/Users/Gabriel/STM32Cube/Repository/STM32Cube_FW_F4_V1.24.2/Drivers/STM32F4xx_HAL_Driver/Inc -I../Core/Inc -IC:/Users/Gabriel/STM32Cube/Repository/STM32Cube_FW_F4_V1.24.2/Drivers/CMSIS/Device/ST/STM32F4xx/Include -IC:/Users/Gabriel/STM32Cube/Repository/STM32Cube_FW_F4_V1.24.2/Drivers/STM32F4xx_HAL_Driver/Inc/Legacy -IC:/Users/Gabriel/STM32Cube/Repository/STM32Cube_FW_F4_V1.24.2/Drivers/CMSIS/Include -I../USB_HOST/Target -IC:/Users/Gabriel/STM32Cube/Repository/STM32Cube_FW_F4_V1.24.2/Middlewares/ST/STM32_USB_Host_Library/Core/Inc -IC:/Users/Gabriel/STM32Cube/Repository/STM32Cube_FW_F4_V1.24.2/Middlewares/ST/STM32_USB_Host_Library/Class/CDC/Inc -O0 -ffunction-sections -fdata-sections -Wall -fstack-usage -MMD -MP -MF"USB_HOST/App/usb_host.d" -MT"USB_HOST/App/usb_host.o" --specs=nano.specs -mfpu=fpv4-sp-d16 -mfloat-abi=hard -mthumb -o "USB_HOST/App/usb_host.o"
arm-none-eabi-gcc "C:/Users/Gabriel/STM32Cube/Repository/STM32Cube_FW_F4_V1.24.2/Middlewares/ST/STM32_USB_Host_Library/Class/CDC/Src/usbh_cdc.c" -mcpu=cortex-m4 -std=gnu11 -g3 -DUSE_HAL_DRIVER -DDEBUG -DSTM32F407xx -c -I../USB_HOST/App -IC:/Users/Gabriel/STM32Cube/Repository/STM32Cube_FW_F4_V1.24.2/Drivers/STM32F4xx_HAL_Driver/Inc -I../Core/Inc -IC:/Users/Gabriel/STM32Cube/Repository/STM32Cube_FW_F4_V1.24.2/Drivers/CMSIS/Device/ST/STM32F4xx/Include -IC:/Users/Gabriel/STM32Cube/Repository/STM32Cube_FW_F4_V1.24.2/Drivers/STM32F4xx_HAL_Driver/Inc/Legacy -IC:/Users/Gabriel/STM32Cube/Repository/STM32Cube_FW_F4_V1.24.2/Drivers/CMSIS/Include -I../USB_HOST/Target -IC:/Users/Gabriel/STM32Cube/Repository/STM32Cube_FW_F4_V1.24.2/Middlewares/ST/STM32_USB_Host_Library/Core/Inc -IC:/Users/Gabriel/STM32Cube/Repository/STM32Cube_FW_F4_V1.24.2/Middlewares/ST/STM32_USB_Host_Library/Class/CDC/Inc -O0 -ffunction-sections -fdata-sections -Wall -fstack-usage -MMD -MP -MF"Middlewares/USB_Host_Library/usbh_cdc.d" -MT"Middlewares/USB_Host_Library/usbh_cdc.o" --specs=nano.specs -mfpu=fpv4-sp-d16 -mfloat-abi=hard -mthumb -o "Middlewares/USB_Host_Library/usbh_cdc.o"
arm-none-eabi-gcc "C:/Users/Gabriel/STM32Cube/Repository/STM32Cube_FW_F4_V1.24.2/Middlewares/ST/STM32_USB_Host_Library/Core/Src/usbh_core.c" -mcpu=cortex-m4 -std=gnu11 -g3 -DUSE_HAL_DRIVER -DDEBUG -DSTM32F407xx -c -I../USB_HOST/App -IC:/Users/Gabriel/STM32Cube/Repository/STM32Cube_FW_F4_V1.24.2/Drivers/STM32F4xx_HAL_Driver/Inc -I../Core/Inc -IC:/Users/Gabriel/STM32Cube/Repository/STM32Cube_FW_F4_V1.24.2/Drivers/CMSIS/Device/ST/STM32F4xx/Include -IC:/Users/Gabriel/STM32Cube/Repository/STM32Cube_FW_F4_V1.24.2/Drivers/STM32F4xx_HAL_Driver/Inc/Legacy -IC:/Users/Gabriel/STM32Cube/Repository/STM32Cube_FW_F4_V1.24.2/Drivers/CMSIS/Include -I../USB_HOST/Target -IC:/Users/Gabriel/STM32Cube/Repository/STM32Cube_FW_F4_V1.24.2/Middlewares/ST/STM32_USB_Host_Library/Core/Inc -IC:/Users/Gabriel/STM32Cube/Repository/STM32Cube_FW_F4_V1.24.2/Middlewares/ST/STM32_USB_Host_Library/Class/CDC/Inc -O0 -ffunction-sections -fdata-sections -Wall -fstack-usage -MMD -MP -MF"Middlewares/USB_Host_Library/usbh_core.d" -MT"Middlewares/USB_Host_Library/usbh_core.o" --specs=nano.specs -mfpu=fpv4-sp-d16 -mfloat-abi=hard -mthumb -o "Middlewares/USB_Host_Library/usbh_core.o"
arm-none-eabi-gcc "C:/Users/Gabriel/STM32Cube/Repository/STM32Cube_FW_F4_V1.24.2/Middlewares/ST/STM32_USB_Host_Library/Core/Src/usbh_ctlreq.c" -mcpu=cortex-m4 -std=gnu11 -g3 -DUSE_HAL_DRIVER -DDEBUG -DSTM32F407xx -c -I../USB_HOST/App -IC:/Users/Gabriel/STM32Cube/Repository/STM32Cube_FW_F4_V1.24.2/Drivers/STM32F4xx_HAL_Driver/Inc -I../Core/Inc -IC:/Users/Gabriel/STM32Cube/Repository/STM32Cube_FW_F4_V1.24.2/Drivers/CMSIS/Device/ST/STM32F4xx/Include -IC:/Users/Gabriel/STM32Cube/Repository/STM32Cube_FW_F4_V1.24.2/Drivers/STM32F4xx_HAL_Driver/Inc/Legacy -IC:/Users/Gabriel/STM32Cube/Repository/STM32Cube_FW_F4_V1.24.2/Drivers/CMSIS/Include -I../USB_HOST/Target -IC:/Users/Gabriel/STM32Cube/Repository/STM32Cube_FW_F4_V1.24.2/Middlewares/ST/STM32_USB_Host_Library/Core/Inc -IC:/Users/Gabriel/STM32Cube/Repository/STM32Cube_FW_F4_V1.24.2/Middlewares/ST/STM32_USB_Host_Library/Class/CDC/Inc -O0 -ffunction-sections -fdata-sections -Wall -fstack-usage -MMD -MP -MF"Middlewares/USB_Host_Library/usbh_ctlreq.d" -MT"Middlewares/USB_Host_Library/usbh_ctlreq.o" --specs=nano.specs -mfpu=fpv4-sp-d16 -mfloat-abi=hard -mthumb -o "Middlewares/USB_Host_Library/usbh_ctlreq.o"
arm-none-eabi-gcc "C:/Users/Gabriel/STM32Cube/Repository/STM32Cube_FW_F4_V1.24.2/Middlewares/ST/STM32_USB_Host_Library/Core/Src/usbh_ioreq.c" -mcpu=cortex-m4 -std=gnu11 -g3 -DUSE_HAL_DRIVER -DDEBUG -DSTM32F407xx -c -I../USB_HOST/App -IC:/Users/Gabriel/STM32Cube/Repository/STM32Cube_FW_F4_V1.24.2/Drivers/STM32F4xx_HAL_Driver/Inc -I../Core/Inc -IC:/Users/Gabriel/STM32Cube/Repository/STM32Cube_FW_F4_V1.24.2/Drivers/CMSIS/Device/ST/STM32F4xx/Include -IC:/Users/Gabriel/STM32Cube/Repository/STM32Cube_FW_F4_V1.24.2/Drivers/STM32F4xx_HAL_Driver/Inc/Legacy -IC:/Users/Gabriel/STM32Cube/Repository/STM32Cube_FW_F4_V1.24.2/Drivers/CMSIS/Include -I../USB_HOST/Target -IC:/Users/Gabriel/STM32Cube/Repository/STM32Cube_FW_F4_V1.24.2/Middlewares/ST/STM32_USB_Host_Library/Core/Inc -IC:/Users/Gabriel/STM32Cube/Repository/STM32Cube_FW_F4_V1.24.2/Middlewares/ST/STM32_USB_Host_Library/Class/CDC/Inc -O0 -ffunction-sections -fdata-sections -Wall -fstack-usage -MMD -MP -MF"Middlewares/USB_Host_Library/usbh_ioreq.d" -MT"Middlewares/USB_Host_Library/usbh_ioreq.o" --specs=nano.specs -mfpu=fpv4-sp-d16 -mfloat-abi=hard -mthumb -o "Middlewares/USB_Host_Library/usbh_ioreq.o"
arm-none-eabi-gcc "C:/Users/Gabriel/STM32Cube/Repository/STM32Cube_FW_F4_V1.24.2/Middlewares/ST/STM32_USB_Host_Library/Core/Src/usbh_pipes.c" -mcpu=cortex-m4 -std=gnu11 -g3 -DUSE_HAL_DRIVER -DDEBUG -DSTM32F407xx -c -I../USB_HOST/App -IC:/Users/Gabriel/STM32Cube/Repository/STM32Cube_FW_F4_V1.24.2/Drivers/STM32F4xx_HAL_Driver/Inc -I../Core/Inc -IC:/Users/Gabriel/STM32Cube/Repository/STM32Cube_FW_F4_V1.24.2/Drivers/CMSIS/Device/ST/STM32F4xx/Include -IC:/Users/Gabriel/STM32Cube/Repository/STM32Cube_FW_F4_V1.24.2/Drivers/STM32F4xx_HAL_Driver/Inc/Legacy -IC:/Users/Gabriel/STM32Cube/Repository/STM32Cube_FW_F4_V1.24.2/Drivers/CMSIS/Include -I../USB_HOST/Target -IC:/Users/Gabriel/STM32Cube/Repository/STM32Cube_FW_F4_V1.24.2/Middlewares/ST/STM32_USB_Host_Library/Core/Inc -IC:/Users/Gabriel/STM32Cube/Repository/STM32Cube_FW_F4_V1.24.2/Middlewares/ST/STM32_USB_Host_Library/Class/CDC/Inc -O0 -ffunction-sections -fdata-sections -Wall -fstack-usage -MMD -MP -MF"Middlewares/USB_Host_Library/usbh_pipes.d" -MT"Middlewares/USB_Host_Library/usbh_pipes.o" --specs=nano.specs -mfpu=fpv4-sp-d16 -mfloat-abi=hard -mthumb -o "Middlewares/USB_Host_Library/usbh_pipes.o"
arm-none-eabi-gcc "C:/Users/Gabriel/STM32Cube/Repository/STM32Cube_FW_F4_V1.24.2/Drivers/STM32F4xx_HAL_Driver/Src/stm32f4xx_hal.c" -mcpu=cortex-m4 -std=gnu11 -g3 -DUSE_HAL_DRIVER -DDEBUG -DSTM32F407xx -c -I../USB_HOST/App -IC:/Users/Gabriel/STM32Cube/Repository/STM32Cube_FW_F4_V1.24.2/Drivers/STM32F4xx_HAL_Driver/Inc -I../Core/Inc -IC:/Users/Gabriel/STM32Cube/Repository/STM32Cube_FW_F4_V1.24.2/Drivers/CMSIS/Device/ST/STM32F4xx/Include -IC:/Users/Gabriel/STM32Cube/Repository/STM32Cube_FW_F4_V1.24.2/Drivers/STM32F4xx_HAL_Driver/Inc/Legacy -IC:/Users/Gabriel/STM32Cube/Repository/STM32Cube_FW_F4_V1.24.2/Drivers/CMSIS/Include -I../USB_HOST/Target -IC:/Users/Gabriel/STM32Cube/Repository/STM32Cube_FW_F4_V1.24.2/Middlewares/ST/STM32_USB_Host_Library/Core/Inc -IC:/Users/Gabriel/STM32Cube/Repository/STM32Cube_FW_F4_V1.24.2/Middlewares/ST/STM32_USB_Host_Library/Class/CDC/Inc -O0 -ffunction-sections -fdata-sections -Wall -fstack-usage -MMD -MP -MF"Drivers/STM32F4xx_HAL_Driver/stm32f4xx_hal.d" -MT"Drivers/STM32F4xx_HAL_Driver/stm32f4xx_hal.o" --specs=nano.specs -mfpu=fpv4-sp-d16 -mfloat-abi=hard -mthumb -o "Drivers/STM32F4xx_HAL_Driver/stm32f4xx_hal.o"
arm-none-eabi-gcc "C:/Users/Gabriel/STM32Cube/Repository/STM32Cube_FW_F4_V1.24.2/Drivers/STM32F4xx_HAL_Driver/Src/stm32f4xx_hal_cortex.c" -mcpu=cortex-m4 -std=gnu11 -g3 -DUSE_HAL_DRIVER -DDEBUG -DSTM32F407xx -c -I../USB_HOST/App -IC:/Users/Gabriel/STM32Cube/Repository/STM32Cube_FW_F4_V1.24.2/Drivers/STM32F4xx_HAL_Driver/Inc -I../Core/Inc -IC:/Users/Gabriel/STM32Cube/Repository/STM32Cube_FW_F4_V1.24.2/Drivers/CMSIS/Device/ST/STM32F4xx/Include -IC:/Users/Gabriel/STM32Cube/Repository/STM32Cube_FW_F4_V1.24.2/Drivers/STM32F4xx_HAL_Driver/Inc/Legacy -IC:/Users/Gabriel/STM32Cube/Repository/STM32Cube_FW_F4_V1.24.2/Drivers/CMSIS/Include -I../USB_HOST/Target -IC:/Users/Gabriel/STM32Cube/Repository/STM32Cube_FW_F4_V1.24.2/Middlewares/ST/STM32_USB_Host_Library/Core/Inc -IC:/Users/Gabriel/STM32Cube/Repository/STM32Cube_FW_F4_V1.24.2/Middlewares/ST/STM32_USB_Host_Library/Class/CDC/Inc -O0 -ffunction-sections -fdata-sections -Wall -fstack-usage -MMD -MP -MF"Drivers/STM32F4xx_HAL_Driver/stm32f4xx_hal_cortex.d" -MT"Drivers/STM32F4xx_HAL_Driver/stm32f4xx_hal_cortex.o" --specs=nano.specs -mfpu=fpv4-sp-d16 -mfloat-abi=hard -mthumb -o "Drivers/STM32F4xx_HAL_Driver/stm32f4xx_hal_cortex.o"
arm-none-eabi-gcc "C:/Users/Gabriel/STM32Cube/Repository/STM32Cube_FW_F4_V1.24.2/Drivers/STM32F4xx_HAL_Driver/Src/stm32f4xx_hal_dma.c" -mcpu=cortex-m4 -std=gnu11 -g3 -DUSE_HAL_DRIVER -DDEBUG -DSTM32F407xx -c -I../USB_HOST/App -IC:/Users/Gabriel/STM32Cube/Repository/STM32Cube_FW_F4_V1.24.2/Drivers/STM32F4xx_HAL_Driver/Inc -I../Core/Inc -IC:/Users/Gabriel/STM32Cube/Repository/STM32Cube_FW_F4_V1.24.2/Drivers/CMSIS/Device/ST/STM32F4xx/Include -IC:/Users/Gabriel/STM32Cube/Repository/STM32Cube_FW_F4_V1.24.2/Drivers/STM32F4xx_HAL_Driver/Inc/Legacy -IC:/Users/Gabriel/STM32Cube/Repository/STM32Cube_FW_F4_V1.24.2/Drivers/CMSIS/Include -I../USB_HOST/Target -IC:/Users/Gabriel/STM32Cube/Repository/STM32Cube_FW_F4_V1.24.2/Middlewares/ST/STM32_USB_Host_Library/Core/Inc -IC:/Users/Gabriel/STM32Cube/Repository/STM32Cube_FW_F4_V1.24.2/Middlewares/ST/STM32_USB_Host_Library/Class/CDC/Inc -O0 -ffunction-sections -fdata-sections -Wall -fstack-usage -MMD -MP -MF"Drivers/STM32F4xx_HAL_Driver/stm32f4xx_hal_dma.d" -MT"Drivers/STM32F4xx_HAL_Driver/stm32f4xx_hal_dma.o" --specs=nano.specs -mfpu=fpv4-sp-d16 -mfloat-abi=hard -mthumb -o "Drivers/STM32F4xx_HAL_Driver/stm32f4xx_hal_dma.o"
arm-none-eabi-gcc "C:/Users/Gabriel/STM32Cube/Repository/STM32Cube_FW_F4_V1.24.2/Drivers/STM32F4xx_HAL_Driver/Src/stm32f4xx_hal_dma_ex.c" -mcpu=cortex-m4 -std=gnu11 -g3 -DUSE_HAL_DRIVER -DDEBUG -DSTM32F407xx -c -I../USB_HOST/App -IC:/Users/Gabriel/STM32Cube/Repository/STM32Cube_FW_F4_V1.24.2/Drivers/STM32F4xx_HAL_Driver/Inc -I../Core/Inc -IC:/Users/Gabriel/STM32Cube/Repository/STM32Cube_FW_F4_V1.24.2/Drivers/CMSIS/Device/ST/STM32F4xx/Include -IC:/Users/Gabriel/STM32Cube/Repository/STM32Cube_FW_F4_V1.24.2/Drivers/STM32F4xx_HAL_Driver/Inc/Legacy -IC:/Users/Gabriel/STM32Cube/Repository/STM32Cube_FW_F4_V1.24.2/Drivers/CMSIS/Include -I../USB_HOST/Target -IC:/Users/Gabriel/STM32Cube/Repository/STM32Cube_FW_F4_V1.24.2/Middlewares/ST/STM32_USB_Host_Library/Core/Inc -IC:/Users/Gabriel/STM32Cube/Repository/STM32Cube_FW_F4_V1.24.2/Middlewares/ST/STM32_USB_Host_Library/Class/CDC/Inc -O0 -ffunction-sections -fdata-sections -Wall -fstack-usage -MMD -MP -MF"Drivers/STM32F4xx_HAL_Driver/stm32f4xx_hal_dma_ex.d" -MT"Drivers/STM32F4xx_HAL_Driver/stm32f4xx_hal_dma_ex.o" --specs=nano.specs -mfpu=fpv4-sp-d16 -mfloat-abi=hard -mthumb -o "Drivers/STM32F4xx_HAL_Driver/stm32f4xx_hal_dma_ex.o"
arm-none-eabi-gcc "C:/Users/Gabriel/STM32Cube/Repository/STM32Cube_FW_F4_V1.24.2/Drivers/STM32F4xx_HAL_Driver/Src/stm32f4xx_hal_exti.c" -mcpu=cortex-m4 -std=gnu11 -g3 -DUSE_HAL_DRIVER -DDEBUG -DSTM32F407xx -c -I../USB_HOST/App -IC:/Users/Gabriel/STM32Cube/Repository/STM32Cube_FW_F4_V1.24.2/Drivers/STM32F4xx_HAL_Driver/Inc -I../Core/Inc -IC:/Users/Gabriel/STM32Cube/Repository/STM32Cube_FW_F4_V1.24.2/Drivers/CMSIS/Device/ST/STM32F4xx/Include -IC:/Users/Gabriel/STM32Cube/Repository/STM32Cube_FW_F4_V1.24.2/Drivers/STM32F4xx_HAL_Driver/Inc/Legacy -IC:/Users/Gabriel/STM32Cube/Repository/STM32Cube_FW_F4_V1.24.2/Drivers/CMSIS/Include -I../USB_HOST/Target -IC:/Users/Gabriel/STM32Cube/Repository/STM32Cube_FW_F4_V1.24.2/Middlewares/ST/STM32_USB_Host_Library/Core/Inc -IC:/Users/Gabriel/STM32Cube/Repository/STM32Cube_FW_F4_V1.24.2/Middlewares/ST/STM32_USB_Host_Library/Class/CDC/Inc -O0 -ffunction-sections -fdata-sections -Wall -fstack-usage -MMD -MP -MF"Drivers/STM32F4xx_HAL_Driver/stm32f4xx_hal_exti.d" -MT"Drivers/STM32F4xx_HAL_Driver/stm32f4xx_hal_exti.o" --specs=nano.specs -mfpu=fpv4-sp-d16 -mfloat-abi=hard -mthumb -o "Drivers/STM32F4xx_HAL_Driver/stm32f4xx_hal_exti.o"
arm-none-eabi-gcc "C:/Users/Gabriel/STM32Cube/Repository/STM32Cube_FW_F4_V1.24.2/Drivers/STM32F4xx_HAL_Driver/Src/stm32f4xx_hal_flash.c" -mcpu=cortex-m4 -std=gnu11 -g3 -DUSE_HAL_DRIVER -DDEBUG -DSTM32F407xx -c -I../USB_HOST/App -IC:/Users/Gabriel/STM32Cube/Repository/STM32Cube_FW_F4_V1.24.2/Drivers/STM32F4xx_HAL_Driver/Inc -I../Core/Inc -IC:/Users/Gabriel/STM32Cube/Repository/STM32Cube_FW_F4_V1.24.2/Drivers/CMSIS/Device/ST/STM32F4xx/Include -IC:/Users/Gabriel/STM32Cube/Repository/STM32Cube_FW_F4_V1.24.2/Drivers/STM32F4xx_HAL_Driver/Inc/Legacy -IC:/Users/Gabriel/STM32Cube/Repository/STM32Cube_FW_F4_V1.24.2/Drivers/CMSIS/Include -I../USB_HOST/Target -IC:/Users/Gabriel/STM32Cube/Repository/STM32Cube_FW_F4_V1.24.2/Middlewares/ST/STM32_USB_Host_Library/Core/Inc -IC:/Users/Gabriel/STM32Cube/Repository/STM32Cube_FW_F4_V1.24.2/Middlewares/ST/STM32_USB_Host_Library/Class/CDC/Inc -O0 -ffunction-sections -fdata-sections -Wall -fstack-usage -MMD -MP -MF"Drivers/STM32F4xx_HAL_Driver/stm32f4xx_hal_flash.d" -MT"Drivers/STM32F4xx_HAL_Driver/stm32f4xx_hal_flash.o" --specs=nano.specs -mfpu=fpv4-sp-d16 -mfloat-abi=hard -mthumb -o "Drivers/STM32F4xx_HAL_Driver/stm32f4xx_hal_flash.o"
arm-none-eabi-gcc "C:/Users/Gabriel/STM32Cube/Repository/STM32Cube_FW_F4_V1.24.2/Drivers/STM32F4xx_HAL_Driver/Src/stm32f4xx_hal_flash_ex.c" -mcpu=cortex-m4 -std=gnu11 -g3 -DUSE_HAL_DRIVER -DDEBUG -DSTM32F407xx -c -I../USB_HOST/App -IC:/Users/Gabriel/STM32Cube/Repository/STM32Cube_FW_F4_V1.24.2/Drivers/STM32F4xx_HAL_Driver/Inc -I../Core/Inc -IC:/Users/Gabriel/STM32Cube/Repository/STM32Cube_FW_F4_V1.24.2/Drivers/CMSIS/Device/ST/STM32F4xx/Include -IC:/Users/Gabriel/STM32Cube/Repository/STM32Cube_FW_F4_V1.24.2/Drivers/STM32F4xx_HAL_Driver/Inc/Legacy -IC:/Users/Gabriel/STM32Cube/Repository/STM32Cube_FW_F4_V1.24.2/Drivers/CMSIS/Include -I../USB_HOST/Target -IC:/Users/Gabriel/STM32Cube/Repository/STM32Cube_FW_F4_V1.24.2/Middlewares/ST/STM32_USB_Host_Library/Core/Inc -IC:/Users/Gabriel/STM32Cube/Repository/STM32Cube_FW_F4_V1.24.2/Middlewares/ST/STM32_USB_Host_Library/Class/CDC/Inc -O0 -ffunction-sections -fdata-sections -Wall -fstack-usage -MMD -MP -MF"Drivers/STM32F4xx_HAL_Driver/stm32f4xx_hal_flash_ex.d" -MT"Drivers/STM32F4xx_HAL_Driver/stm32f4xx_hal_flash_ex.o" --specs=nano.specs -mfpu=fpv4-sp-d16 -mfloat-abi=hard -mthumb -o "Drivers/STM32F4xx_HAL_Driver/stm32f4xx_hal_flash_ex.o"
arm-none-eabi-gcc "C:/Users/Gabriel/STM32Cube/Repository/STM32Cube_FW_F4_V1.24.2/Drivers/STM32F4xx_HAL_Driver/Src/stm32f4xx_hal_flash_ramfunc.c" -mcpu=cortex-m4 -std=gnu11 -g3 -DUSE_HAL_DRIVER -DDEBUG -DSTM32F407xx -c -I../USB_HOST/App -IC:/Users/Gabriel/STM32Cube/Repository/STM32Cube_FW_F4_V1.24.2/Drivers/STM32F4xx_HAL_Driver/Inc -I../Core/Inc -IC:/Users/Gabriel/STM32Cube/Repository/STM32Cube_FW_F4_V1.24.2/Drivers/CMSIS/Device/ST/STM32F4xx/Include -IC:/Users/Gabriel/STM32Cube/Repository/STM32Cube_FW_F4_V1.24.2/Drivers/STM32F4xx_HAL_Driver/Inc/Legacy -IC:/Users/Gabriel/STM32Cube/Repository/STM32Cube_FW_F4_V1.24.2/Drivers/CMSIS/Include -I../USB_HOST/Target -IC:/Users/Gabriel/STM32Cube/Repository/STM32Cube_FW_F4_V1.24.2/Middlewares/ST/STM32_USB_Host_Library/Core/Inc -IC:/Users/Gabriel/STM32Cube/Repository/STM32Cube_FW_F4_V1.24.2/Middlewares/ST/STM32_USB_Host_Library/Class/CDC/Inc -O0 -ffunction-sections -fdata-sections -Wall -fstack-usage -MMD -MP -MF"Drivers/STM32F4xx_HAL_Driver/stm32f4xx_hal_flash_ramfunc.d" -MT"Drivers/STM32F4xx_HAL_Driver/stm32f4xx_hal_flash_ramfunc.o" --specs=nano.specs -mfpu=fpv4-sp-d16 -mfloat-abi=hard -mthumb -o "Drivers/STM32F4xx_HAL_Driver/stm32f4xx_hal_flash_ramfunc.o"
arm-none-eabi-gcc "C:/Users/Gabriel/STM32Cube/Repository/STM32Cube_FW_F4_V1.24.2/Drivers/STM32F4xx_HAL_Driver/Src/stm32f4xx_hal_gpio.c" -mcpu=cortex-m4 -std=gnu11 -g3 -DUSE_HAL_DRIVER -DDEBUG -DSTM32F407xx -c -I../USB_HOST/App -IC:/Users/Gabriel/STM32Cube/Repository/STM32Cube_FW_F4_V1.24.2/Drivers/STM32F4xx_HAL_Driver/Inc -I../Core/Inc -IC:/Users/Gabriel/STM32Cube/Repository/STM32Cube_FW_F4_V1.24.2/Drivers/CMSIS/Device/ST/STM32F4xx/Include -IC:/Users/Gabriel/STM32Cube/Repository/STM32Cube_FW_F4_V1.24.2/Drivers/STM32F4xx_HAL_Driver/Inc/Legacy -IC:/Users/Gabriel/STM32Cube/Repository/STM32Cube_FW_F4_V1.24.2/Drivers/CMSIS/Include -I../USB_HOST/Target -IC:/Users/Gabriel/STM32Cube/Repository/STM32Cube_FW_F4_V1.24.2/Middlewares/ST/STM32_USB_Host_Library/Core/Inc -IC:/Users/Gabriel/STM32Cube/Repository/STM32Cube_FW_F4_V1.24.2/Middlewares/ST/STM32_USB_Host_Library/Class/CDC/Inc -O0 -ffunction-sections -fdata-sections -Wall -fstack-usage -MMD -MP -MF"Drivers/STM32F4xx_HAL_Driver/stm32f4xx_hal_gpio.d" -MT"Drivers/STM32F4xx_HAL_Driver/stm32f4xx_hal_gpio.o" --specs=nano.specs -mfpu=fpv4-sp-d16 -mfloat-abi=hard -mthumb -o "Drivers/STM32F4xx_HAL_Driver/stm32f4xx_hal_gpio.o"
arm-none-eabi-gcc "C:/Users/Gabriel/STM32Cube/Repository/STM32Cube_FW_F4_V1.24.2/Drivers/STM32F4xx_HAL_Driver/Src/stm32f4xx_hal_hcd.c" -mcpu=cortex-m4 -std=gnu11 -g3 -DUSE_HAL_DRIVER -DDEBUG -DSTM32F407xx -c -I../USB_HOST/App -IC:/Users/Gabriel/STM32Cube/Repository/STM32Cube_FW_F4_V1.24.2/Drivers/STM32F4xx_HAL_Driver/Inc -I../Core/Inc -IC:/Users/Gabriel/STM32Cube/Repository/STM32Cube_FW_F4_V1.24.2/Drivers/CMSIS/Device/ST/STM32F4xx/Include -IC:/Users/Gabriel/STM32Cube/Repository/STM32Cube_FW_F4_V1.24.2/Drivers/STM32F4xx_HAL_Driver/Inc/Legacy -IC:/Users/Gabriel/STM32Cube/Repository/STM32Cube_FW_F4_V1.24.2/Drivers/CMSIS/Include -I../USB_HOST/Target -IC:/Users/Gabriel/STM32Cube/Repository/STM32Cube_FW_F4_V1.24.2/Middlewares/ST/STM32_USB_Host_Library/Core/Inc -IC:/Users/Gabriel/STM32Cube/Repository/STM32Cube_FW_F4_V1.24.2/Middlewares/ST/STM32_USB_Host_Library/Class/CDC/Inc -O0 -ffunction-sections -fdata-sections -Wall -fstack-usage -MMD -MP -MF"Drivers/STM32F4xx_HAL_Driver/stm32f4xx_hal_hcd.d" -MT"Drivers/STM32F4xx_HAL_Driver/stm32f4xx_hal_hcd.o" --specs=nano.specs -mfpu=fpv4-sp-d16 -mfloat-abi=hard -mthumb -o "Drivers/STM32F4xx_HAL_Driver/stm32f4xx_hal_hcd.o"
arm-none-eabi-gcc "C:/Users/Gabriel/STM32Cube/Repository/STM32Cube_FW_F4_V1.24.2/Drivers/STM32F4xx_HAL_Driver/Src/stm32f4xx_hal_i2c.c" -mcpu=cortex-m4 -std=gnu11 -g3 -DUSE_HAL_DRIVER -DDEBUG -DSTM32F407xx -c -I../USB_HOST/App -IC:/Users/Gabriel/STM32Cube/Repository/STM32Cube_FW_F4_V1.24.2/Drivers/STM32F4xx_HAL_Driver/Inc -I../Core/Inc -IC:/Users/Gabriel/STM32Cube/Repository/STM32Cube_FW_F4_V1.24.2/Drivers/CMSIS/Device/ST/STM32F4xx/Include -IC:/Users/Gabriel/STM32Cube/Repository/STM32Cube_FW_F4_V1.24.2/Drivers/STM32F4xx_HAL_Driver/Inc/Legacy -IC:/Users/Gabriel/STM32Cube/Repository/STM32Cube_FW_F4_V1.24.2/Drivers/CMSIS/Include -I../USB_HOST/Target -IC:/Users/Gabriel/STM32Cube/Repository/STM32Cube_FW_F4_V1.24.2/Middlewares/ST/STM32_USB_Host_Library/Core/Inc -IC:/Users/Gabriel/STM32Cube/Repository/STM32Cube_FW_F4_V1.24.2/Middlewares/ST/STM32_USB_Host_Library/Class/CDC/Inc -O0 -ffunction-sections -fdata-sections -Wall -fstack-usage -MMD -MP -MF"Drivers/STM32F4xx_HAL_Driver/stm32f4xx_hal_i2c.d" -MT"Drivers/STM32F4xx_HAL_Driver/stm32f4xx_hal_i2c.o" --specs=nano.specs -mfpu=fpv4-sp-d16 -mfloat-abi=hard -mthumb -o "Drivers/STM32F4xx_HAL_Driver/stm32f4xx_hal_i2c.o"
arm-none-eabi-gcc "C:/Users/Gabriel/STM32Cube/Repository/STM32Cube_FW_F4_V1.24.2/Drivers/STM32F4xx_HAL_Driver/Src/stm32f4xx_hal_i2c_ex.c" -mcpu=cortex-m4 -std=gnu11 -g3 -DUSE_HAL_DRIVER -DDEBUG -DSTM32F407xx -c -I../USB_HOST/App -IC:/Users/Gabriel/STM32Cube/Repository/STM32Cube_FW_F4_V1.24.2/Drivers/STM32F4xx_HAL_Driver/Inc -I../Core/Inc -IC:/Users/Gabriel/STM32Cube/Repository/STM32Cube_FW_F4_V1.24.2/Drivers/CMSIS/Device/ST/STM32F4xx/Include -IC:/Users/Gabriel/STM32Cube/Repository/STM32Cube_FW_F4_V1.24.2/Drivers/STM32F4xx_HAL_Driver/Inc/Legacy -IC:/Users/Gabriel/STM32Cube/Repository/STM32Cube_FW_F4_V1.24.2/Drivers/CMSIS/Include -I../USB_HOST/Target -IC:/Users/Gabriel/STM32Cube/Repository/STM32Cube_FW_F4_V1.24.2/Middlewares/ST/STM32_USB_Host_Library/Core/Inc -IC:/Users/Gabriel/STM32Cube/Repository/STM32Cube_FW_F4_V1.24.2/Middlewares/ST/STM32_USB_Host_Library/Class/CDC/Inc -O0 -ffunction-sections -fdata-sections -Wall -fstack-usage -MMD -MP -MF"Drivers/STM32F4xx_HAL_Driver/stm32f4xx_hal_i2c_ex.d" -MT"Drivers/STM32F4xx_HAL_Driver/stm32f4xx_hal_i2c_ex.o" --specs=nano.specs -mfpu=fpv4-sp-d16 -mfloat-abi=hard -mthumb -o "Drivers/STM32F4xx_HAL_Driver/stm32f4xx_hal_i2c_ex.o"
arm-none-eabi-gcc "C:/Users/Gabriel/STM32Cube/Repository/STM32Cube_FW_F4_V1.24.2/Drivers/STM32F4xx_HAL_Driver/Src/stm32f4xx_hal_pwr.c" -mcpu=cortex-m4 -std=gnu11 -g3 -DUSE_HAL_DRIVER -DDEBUG -DSTM32F407xx -c -I../USB_HOST/App -IC:/Users/Gabriel/STM32Cube/Repository/STM32Cube_FW_F4_V1.24.2/Drivers/STM32F4xx_HAL_Driver/Inc -I../Core/Inc -IC:/Users/Gabriel/STM32Cube/Repository/STM32Cube_FW_F4_V1.24.2/Drivers/CMSIS/Device/ST/STM32F4xx/Include -IC:/Users/Gabriel/STM32Cube/Repository/STM32Cube_FW_F4_V1.24.2/Drivers/STM32F4xx_HAL_Driver/Inc/Legacy -IC:/Users/Gabriel/STM32Cube/Repository/STM32Cube_FW_F4_V1.24.2/Drivers/CMSIS/Include -I../USB_HOST/Target -IC:/Users/Gabriel/STM32Cube/Repository/STM32Cube_FW_F4_V1.24.2/Middlewares/ST/STM32_USB_Host_Library/Core/Inc -IC:/Users/Gabriel/STM32Cube/Repository/STM32Cube_FW_F4_V1.24.2/Middlewares/ST/STM32_USB_Host_Library/Class/CDC/Inc -O0 -ffunction-sections -fdata-sections -Wall -fstack-usage -MMD -MP -MF"Drivers/STM32F4xx_HAL_Driver/stm32f4xx_hal_pwr.d" -MT"Drivers/STM32F4xx_HAL_Driver/stm32f4xx_hal_pwr.o" --specs=nano.specs -mfpu=fpv4-sp-d16 -mfloat-abi=hard -mthumb -o "Drivers/STM32F4xx_HAL_Driver/stm32f4xx_hal_pwr.o"
arm-none-eabi-gcc "C:/Users/Gabriel/STM32Cube/Repository/STM32Cube_FW_F4_V1.24.2/Drivers/STM32F4xx_HAL_Driver/Src/stm32f4xx_hal_pwr_ex.c" -mcpu=cortex-m4 -std=gnu11 -g3 -DUSE_HAL_DRIVER -DDEBUG -DSTM32F407xx -c -I../USB_HOST/App -IC:/Users/Gabriel/STM32Cube/Repository/STM32Cube_FW_F4_V1.24.2/Drivers/STM32F4xx_HAL_Driver/Inc -I../Core/Inc -IC:/Users/Gabriel/STM32Cube/Repository/STM32Cube_FW_F4_V1.24.2/Drivers/CMSIS/Device/ST/STM32F4xx/Include -IC:/Users/Gabriel/STM32Cube/Repository/STM32Cube_FW_F4_V1.24.2/Drivers/STM32F4xx_HAL_Driver/Inc/Legacy -IC:/Users/Gabriel/STM32Cube/Repository/STM32Cube_FW_F4_V1.24.2/Drivers/CMSIS/Include -I../USB_HOST/Target -IC:/Users/Gabriel/STM32Cube/Repository/STM32Cube_FW_F4_V1.24.2/Middlewares/ST/STM32_USB_Host_Library/Core/Inc -IC:/Users/Gabriel/STM32Cube/Repository/STM32Cube_FW_F4_V1.24.2/Middlewares/ST/STM32_USB_Host_Library/Class/CDC/Inc -O0 -ffunction-sections -fdata-sections -Wall -fstack-usage -MMD -MP -MF"Drivers/STM32F4xx_HAL_Driver/stm32f4xx_hal_pwr_ex.d" -MT"Drivers/STM32F4xx_HAL_Driver/stm32f4xx_hal_pwr_ex.o" --specs=nano.specs -mfpu=fpv4-sp-d16 -mfloat-abi=hard -mthumb -o "Drivers/STM32F4xx_HAL_Driver/stm32f4xx_hal_pwr_ex.o"
arm-none-eabi-gcc "C:/Users/Gabriel/STM32Cube/Repository/STM32Cube_FW_F4_V1.24.2/Drivers/STM32F4xx_HAL_Driver/Src/stm32f4xx_hal_rcc.c" -mcpu=cortex-m4 -std=gnu11 -g3 -DUSE_HAL_DRIVER -DDEBUG -DSTM32F407xx -c -I../USB_HOST/App -IC:/Users/Gabriel/STM32Cube/Repository/STM32Cube_FW_F4_V1.24.2/Drivers/STM32F4xx_HAL_Driver/Inc -I../Core/Inc -IC:/Users/Gabriel/STM32Cube/Repository/STM32Cube_FW_F4_V1.24.2/Drivers/CMSIS/Device/ST/STM32F4xx/Include -IC:/Users/Gabriel/STM32Cube/Repository/STM32Cube_FW_F4_V1.24.2/Drivers/STM32F4xx_HAL_Driver/Inc/Legacy -IC:/Users/Gabriel/STM32Cube/Repository/STM32Cube_FW_F4_V1.24.2/Drivers/CMSIS/Include -I../USB_HOST/Target -IC:/Users/Gabriel/STM32Cube/Repository/STM32Cube_FW_F4_V1.24.2/Middlewares/ST/STM32_USB_Host_Library/Core/Inc -IC:/Users/Gabriel/STM32Cube/Repository/STM32Cube_FW_F4_V1.24.2/Middlewares/ST/STM32_USB_Host_Library/Class/CDC/Inc -O0 -ffunction-sections -fdata-sections -Wall -fstack-usage -MMD -MP -MF"Drivers/STM32F4xx_HAL_Driver/stm32f4xx_hal_rcc.d" -MT"Drivers/STM32F4xx_HAL_Driver/stm32f4xx_hal_rcc.o" --specs=nano.specs -mfpu=fpv4-sp-d16 -mfloat-abi=hard -mthumb -o "Drivers/STM32F4xx_HAL_Driver/stm32f4xx_hal_rcc.o"
arm-none-eabi-gcc "C:/Users/Gabriel/STM32Cube/Repository/STM32Cube_FW_F4_V1.24.2/Drivers/STM32F4xx_HAL_Driver/Src/stm32f4xx_hal_rcc_ex.c" -mcpu=cortex-m4 -std=gnu11 -g3 -DUSE_HAL_DRIVER -DDEBUG -DSTM32F407xx -c -I../USB_HOST/App -IC:/Users/Gabriel/STM32Cube/Repository/STM32Cube_FW_F4_V1.24.2/Drivers/STM32F4xx_HAL_Driver/Inc -I../Core/Inc -IC:/Users/Gabriel/STM32Cube/Repository/STM32Cube_FW_F4_V1.24.2/Drivers/CMSIS/Device/ST/STM32F4xx/Include -IC:/Users/Gabriel/STM32Cube/Repository/STM32Cube_FW_F4_V1.24.2/Drivers/STM32F4xx_HAL_Driver/Inc/Legacy -IC:/Users/Gabriel/STM32Cube/Repository/STM32Cube_FW_F4_V1.24.2/Drivers/CMSIS/Include -I../USB_HOST/Target -IC:/Users/Gabriel/STM32Cube/Repository/STM32Cube_FW_F4_V1.24.2/Middlewares/ST/STM32_USB_Host_Library/Core/Inc -IC:/Users/Gabriel/STM32Cube/Repository/STM32Cube_FW_F4_V1.24.2/Middlewares/ST/STM32_USB_Host_Library/Class/CDC/Inc -O0 -ffunction-sections -fdata-sections -Wall -fstack-usage -MMD -MP -MF"Drivers/STM32F4xx_HAL_Driver/stm32f4xx_hal_rcc_ex.d" -MT"Drivers/STM32F4xx_HAL_Driver/stm32f4xx_hal_rcc_ex.o" --specs=nano.specs -mfpu=fpv4-sp-d16 -mfloat-abi=hard -mthumb -o "Drivers/STM32F4xx_HAL_Driver/stm32f4xx_hal_rcc_ex.o"
arm-none-eabi-gcc "C:/Users/Gabriel/STM32Cube/Repository/STM32Cube_FW_F4_V1.24.2/Drivers/STM32F4xx_HAL_Driver/Src/stm32f4xx_hal_spi.c" -mcpu=cortex-m4 -std=gnu11 -g3 -DUSE_HAL_DRIVER -DDEBUG -DSTM32F407xx -c -I../USB_HOST/App -IC:/Users/Gabriel/STM32Cube/Repository/STM32Cube_FW_F4_V1.24.2/Drivers/STM32F4xx_HAL_Driver/Inc -I../Core/Inc -IC:/Users/Gabriel/STM32Cube/Repository/STM32Cube_FW_F4_V1.24.2/Drivers/CMSIS/Device/ST/STM32F4xx/Include -IC:/Users/Gabriel/STM32Cube/Repository/STM32Cube_FW_F4_V1.24.2/Drivers/STM32F4xx_HAL_Driver/Inc/Legacy -IC:/Users/Gabriel/STM32Cube/Repository/STM32Cube_FW_F4_V1.24.2/Drivers/CMSIS/Include -I../USB_HOST/Target -IC:/Users/Gabriel/STM32Cube/Repository/STM32Cube_FW_F4_V1.24.2/Middlewares/ST/STM32_USB_Host_Library/Core/Inc -IC:/Users/Gabriel/STM32Cube/Repository/STM32Cube_FW_F4_V1.24.2/Middlewares/ST/STM32_USB_Host_Library/Class/CDC/Inc -O0 -ffunction-sections -fdata-sections -Wall -fstack-usage -MMD -MP -MF"Drivers/STM32F4xx_HAL_Driver/stm32f4xx_hal_spi.d" -MT"Drivers/STM32F4xx_HAL_Driver/stm32f4xx_hal_spi.o" --specs=nano.specs -mfpu=fpv4-sp-d16 -mfloat-abi=hard -mthumb -o "Drivers/STM32F4xx_HAL_Driver/stm32f4xx_hal_spi.o"
arm-none-eabi-gcc "C:/Users/Gabriel/STM32Cube/Repository/STM32Cube_FW_F4_V1.24.2/Drivers/STM32F4xx_HAL_Driver/Src/stm32f4xx_hal_tim.c" -mcpu=cortex-m4 -std=gnu11 -g3 -DUSE_HAL_DRIVER -DDEBUG -DSTM32F407xx -c -I../USB_HOST/App -IC:/Users/Gabriel/STM32Cube/Repository/STM32Cube_FW_F4_V1.24.2/Drivers/STM32F4xx_HAL_Driver/Inc -I../Core/Inc -IC:/Users/Gabriel/STM32Cube/Repository/STM32Cube_FW_F4_V1.24.2/Drivers/CMSIS/Device/ST/STM32F4xx/Include -IC:/Users/Gabriel/STM32Cube/Repository/STM32Cube_FW_F4_V1.24.2/Drivers/STM32F4xx_HAL_Driver/Inc/Legacy -IC:/Users/Gabriel/STM32Cube/Repository/STM32Cube_FW_F4_V1.24.2/Drivers/CMSIS/Include -I../USB_HOST/Target -IC:/Users/Gabriel/STM32Cube/Repository/STM32Cube_FW_F4_V1.24.2/Middlewares/ST/STM32_USB_Host_Library/Core/Inc -IC:/Users/Gabriel/STM32Cube/Repository/STM32Cube_FW_F4_V1.24.2/Middlewares/ST/STM32_USB_Host_Library/Class/CDC/Inc -O0 -ffunction-sections -fdata-sections -Wall -fstack-usage -MMD -MP -MF"Drivers/STM32F4xx_HAL_Driver/stm32f4xx_hal_tim.d" -MT"Drivers/STM32F4xx_HAL_Driver/stm32f4xx_hal_tim.o" --specs=nano.specs -mfpu=fpv4-sp-d16 -mfloat-abi=hard -mthumb -o "Drivers/STM32F4xx_HAL_Driver/stm32f4xx_hal_tim.o"
arm-none-eabi-gcc "C:/Users/Gabriel/STM32Cube/Repository/STM32Cube_FW_F4_V1.24.2/Drivers/STM32F4xx_HAL_Driver/Src/stm32f4xx_hal_tim_ex.c" -mcpu=cortex-m4 -std=gnu11 -g3 -DUSE_HAL_DRIVER -DDEBUG -DSTM32F407xx -c -I../USB_HOST/App -IC:/Users/Gabriel/STM32Cube/Repository/STM32Cube_FW_F4_V1.24.2/Drivers/STM32F4xx_HAL_Driver/Inc -I../Core/Inc -IC:/Users/Gabriel/STM32Cube/Repository/STM32Cube_FW_F4_V1.24.2/Drivers/CMSIS/Device/ST/STM32F4xx/Include -IC:/Users/Gabriel/STM32Cube/Repository/STM32Cube_FW_F4_V1.24.2/Drivers/STM32F4xx_HAL_Driver/Inc/Legacy -IC:/Users/Gabriel/STM32Cube/Repository/STM32Cube_FW_F4_V1.24.2/Drivers/CMSIS/Include -I../USB_HOST/Target -IC:/Users/Gabriel/STM32Cube/Repository/STM32Cube_FW_F4_V1.24.2/Middlewares/ST/STM32_USB_Host_Library/Core/Inc -IC:/Users/Gabriel/STM32Cube/Repository/STM32Cube_FW_F4_V1.24.2/Middlewares/ST/STM32_USB_Host_Library/Class/CDC/Inc -O0 -ffunction-sections -fdata-sections -Wall -fstack-usage -MMD -MP -MF"Drivers/STM32F4xx_HAL_Driver/stm32f4xx_hal_tim_ex.d" -MT"Drivers/STM32F4xx_HAL_Driver/stm32f4xx_hal_tim_ex.o" --specs=nano.specs -mfpu=fpv4-sp-d16 -mfloat-abi=hard -mthumb -o "Drivers/STM32F4xx_HAL_Driver/stm32f4xx_hal_tim_ex.o"
arm-none-eabi-gcc "C:/Users/Gabriel/STM32Cube/Repository/STM32Cube_FW_F4_V1.24.2/Drivers/STM32F4xx_HAL_Driver/Src/stm32f4xx_ll_usb.c" -mcpu=cortex-m4 -std=gnu11 -g3 -DUSE_HAL_DRIVER -DDEBUG -DSTM32F407xx -c -I../USB_HOST/App -IC:/Users/Gabriel/STM32Cube/Repository/STM32Cube_FW_F4_V1.24.2/Drivers/STM32F4xx_HAL_Driver/Inc -I../Core/Inc -IC:/Users/Gabriel/STM32Cube/Repository/STM32Cube_FW_F4_V1.24.2/Drivers/CMSIS/Device/ST/STM32F4xx/Include -IC:/Users/Gabriel/STM32Cube/Repository/STM32Cube_FW_F4_V1.24.2/Drivers/STM32F4xx_HAL_Driver/Inc/Legacy -IC:/Users/Gabriel/STM32Cube/Repository/STM32Cube_FW_F4_V1.24.2/Drivers/CMSIS/Include -I../USB_HOST/Target -IC:/Users/Gabriel/STM32Cube/Repository/STM32Cube_FW_F4_V1.24.2/Middlewares/ST/STM32_USB_Host_Library/Core/Inc -IC:/Users/Gabriel/STM32Cube/Repository/STM32Cube_FW_F4_V1.24.2/Middlewares/ST/STM32_USB_Host_Library/Class/CDC/Inc -O0 -ffunction-sections -fdata-sections -Wall -fstack-usage -MMD -MP -MF"Drivers/STM32F4xx_HAL_Driver/stm32f4xx_ll_usb.d" -MT"Drivers/STM32F4xx_HAL_Driver/stm32f4xx_ll_usb.o" --specs=nano.specs -mfpu=fpv4-sp-d16 -mfloat-abi=hard -mthumb -o "Drivers/STM32F4xx_HAL_Driver/stm32f4xx_ll_usb.o"
arm-none-eabi-gcc "../Core/Src/main.c" -mcpu=cortex-m4 -std=gnu11 -g3 -DUSE_HAL_DRIVER -DDEBUG -DSTM32F407xx -c -I../USB_HOST/App -IC:/Users/Gabriel/STM32Cube/Repository/STM32Cube_FW_F4_V1.24.2/Drivers/STM32F4xx_HAL_Driver/Inc -I../Core/Inc -IC:/Users/Gabriel/STM32Cube/Repository/STM32Cube_FW_F4_V1.24.2/Drivers/CMSIS/Device/ST/STM32F4xx/Include -IC:/Users/Gabriel/STM32Cube/Repository/STM32Cube_FW_F4_V1.24.2/Drivers/STM32F4xx_HAL_Driver/Inc/Legacy -IC:/Users/Gabriel/STM32Cube/Repository/STM32Cube_FW_F4_V1.24.2/Drivers/CMSIS/Include -I../USB_HOST/Target -IC:/Users/Gabriel/STM32Cube/Repository/STM32Cube_FW_F4_V1.24.2/Middlewares/ST/STM32_USB_Host_Library/Core/Inc -IC:/Users/Gabriel/STM32Cube/Repository/STM32Cube_FW_F4_V1.24.2/Middlewares/ST/STM32_USB_Host_Library/Class/CDC/Inc -O0 -ffunction-sections -fdata-sections -Wall -fstack-usage -MMD -MP -MF"Core/Src/main.d" -MT"Core/Src/main.o" --specs=nano.specs -mfpu=fpv4-sp-d16 -mfloat-abi=hard -mthumb -o "Core/Src/main.o"
arm-none-eabi-gcc "../Core/Src/settings.c" -mcpu=cortex-m4 -std=gnu11 -g3 -DUSE_HAL_DRIVER -DDEBUG -DSTM32F407xx -c -I../USB_HOST/App -IC:/Users/Gabriel/STM32Cube/Repository/STM32Cube_FW_F4_V1.24.2/Drivers/STM32F4xx_HAL_Driver/Inc -I../Core/Inc -IC:/Users/Gabriel/STM32Cube/Repository/STM32Cube_FW_F4_V1.24.2/Drivers/CMSIS/Device/ST/STM32F4xx/Include -IC:/Users/Gabriel/STM32Cube/Repository/STM32Cube_FW_F4_V1.24.2/Drivers/STM32F4xx_HAL_Driver/Inc/Legacy -IC:/Users/Gabriel/STM32Cube/Repository/STM32Cube_FW_F4_V1.24.2/Drivers/CMSIS/Include -I../USB_HOST/Target -IC:/Users/Gabriel/STM32Cube/Repository/STM32Cube_FW_F4_V1.24.2/Middlewares/ST/STM32_USB_Host_Library/Core/Inc -IC:/Users/Gabriel/STM32Cube/Repository/STM32Cube_FW_F4_V1.24.2/Middlewares/ST/STM32_USB_Host_Library/Class/CDC/Inc -O0 -ffunction-sections -fdata-sections -Wall -fstack-usage -MMD -MP -MF"Core/Src/settings.d" -MT"Core/Src/settings.o" --specs=nano.specs -mfpu=fpv4-sp-d16 -mfloat-abi=hard -mthumb -o "Core/Src/settings.o"
arm-none-eabi-gcc "../Core/Src/stm32f4xx_hal_msp.c" -mcpu=cortex-m4 -std=gnu11 -g3 -DUSE_HAL_DRIVER -DDEBUG -DSTM32F407xx -c -I../USB_HOST/App -IC:/Users/Gabriel/STM32Cube/Repository/STM32Cube_FW_F4_V1.24.2/Drivers/STM32F4xx_HAL_Driver/Inc -I../Core/Inc -IC:/Users/Gabriel/STM32Cube/Repository/STM32Cube_FW_F4_V1.24.2/Drivers/CMSIS/Device/ST/STM32F4xx/Include -IC:/Users/Gabriel/STM32Cube/Repository/STM32Cube_FW_F4_V1.24.2/Drivers/STM32F4xx_HAL_Driver/Inc/Legacy -IC:/Users/Gabriel/STM32Cube/Repository/STM32Cube_FW_F4_V1.24.2/Drivers/CMSIS/Include -I../USB_HOST/Target -IC:/Users/Gabriel/STM32Cube/Repository/STM32Cube_FW_F4_V1.24.2/Middlewares/ST/STM32_USB_Host_Library/Core/Inc -IC:/Users/Gabriel/STM32Cube/Repository/STM32Cube_FW_F4_V1.24.2/Middlewares/ST/STM32_USB_Host_Library/Class/CDC/Inc -O0 -ffunction-sections -fdata-sections -Wall -fstack-usage -MMD -MP -MF"Core/Src/stm32f4xx_hal_msp.d" -MT"Core/Src/stm32f4xx_hal_msp.o" --specs=nano.specs -mfpu=fpv4-sp-d16 -mfloat-abi=hard -mthumb -o "Core/Src/stm32f4xx_hal_msp.o"
arm-none-eabi-gcc "../Core/Src/stm32f4xx_it.c" -mcpu=cortex-m4 -std=gnu11 -g3 -DUSE_HAL_DRIVER -DDEBUG -DSTM32F407xx -c -I../USB_HOST/App -IC:/Users/Gabriel/STM32Cube/Repository/STM32Cube_FW_F4_V1.24.2/Drivers/STM32F4xx_HAL_Driver/Inc -I../Core/Inc -IC:/Users/Gabriel/STM32Cube/Repository/STM32Cube_FW_F4_V1.24.2/Drivers/CMSIS/Device/ST/STM32F4xx/Include -IC:/Users/Gabriel/STM32Cube/Repository/STM32Cube_FW_F4_V1.24.2/Drivers/STM32F4xx_HAL_Driver/Inc/Legacy -IC:/Users/Gabriel/STM32Cube/Repository/STM32Cube_FW_F4_V1.24.2/Drivers/CMSIS/Include -I../USB_HOST/Target -IC:/Users/Gabriel/STM32Cube/Repository/STM32Cube_FW_F4_V1.24.2/Middlewares/ST/STM32_USB_Host_Library/Core/Inc -IC:/Users/Gabriel/STM32Cube/Repository/STM32Cube_FW_F4_V1.24.2/Middlewares/ST/STM32_USB_Host_Library/Class/CDC/Inc -O0 -ffunction-sections -fdata-sections -Wall -fstack-usage -MMD -MP -MF"Core/Src/stm32f4xx_it.d" -MT"Core/Src/stm32f4xx_it.o" --specs=nano.specs -mfpu=fpv4-sp-d16 -mfloat-abi=hard -mthumb -o "Core/Src/stm32f4xx_it.o"
arm-none-eabi-gcc "../Core/Src/system_stm32f4xx.c" -mcpu=cortex-m4 -std=gnu11 -g3 -DUSE_HAL_DRIVER -DDEBUG -DSTM32F407xx -c -I../USB_HOST/App -IC:/Users/Gabriel/STM32Cube/Repository/STM32Cube_FW_F4_V1.24.2/Drivers/STM32F4xx_HAL_Driver/Inc -I../Core/Inc -IC:/Users/Gabriel/STM32Cube/Repository/STM32Cube_FW_F4_V1.24.2/Drivers/CMSIS/Device/ST/STM32F4xx/Include -IC:/Users/Gabriel/STM32Cube/Repository/STM32Cube_FW_F4_V1.24.2/Drivers/STM32F4xx_HAL_Driver/Inc/Legacy -IC:/Users/Gabriel/STM32Cube/Repository/STM32Cube_FW_F4_V1.24.2/Drivers/CMSIS/Include -I../USB_HOST/Target -IC:/Users/Gabriel/STM32Cube/Repository/STM32Cube_FW_F4_V1.24.2/Middlewares/ST/STM32_USB_Host_Library/Core/Inc -IC:/Users/Gabriel/STM32Cube/Repository/STM32Cube_FW_F4_V1.24.2/Middlewares/ST/STM32_USB_Host_Library/Class/CDC/Inc -O0 -ffunction-sections -fdata-sections -Wall -fstack-usage -MMD -MP -MF"Core/Src/system_stm32f4xx.d" -MT"Core/Src/system_stm32f4xx.o" --specs=nano.specs -mfpu=fpv4-sp-d16 -mfloat-abi=hard -mthumb -o "Core/Src/system_stm32f4xx.o"
arm-none-eabi-g++ -o "SSL_Firmware_HAL.elf" @"objects.list"   -mcpu=cortex-m4 -T"C:\Users\Gabriel\Documents\SSL_Firmware_HAL\SSL_Firmware_HAL\STM32F407VGTX_FLASH.ld" --specs=nosys.specs -Wl,-Map="SSL_Firmware_HAL.map" -Wl,--gc-sections -static --specs=nano.specs -mfpu=fpv4-sp-d16 -mfloat-abi=hard -mthumb -Wl,--start-group -lc -lm -lstdc++ -lsupc++ -Wl,--end-group
Finished building target: SSL_Firmware_HAL.elf
 
arm-none-eabi-objdump -h -S  SSL_Firmware_HAL.elf  > "SSL_Firmware_HAL.list"
arm-none-eabi-objcopy  -O binary  SSL_Firmware_HAL.elf  "SSL_Firmware_HAL.bin"
arm-none-eabi-size   SSL_Firmware_HAL.elf 
   text	   data	    bss	    dec	    hex	filename
  27188	    152	   3536	  30876	   789c	SSL_Firmware_HAL.elf
Finished building: default.size.stdout
 
Finished building: SSL_Firmware_HAL.bin
 
Finished building: SSL_Firmware_HAL.list
 
